// Jest Snapshot v1, https://goo.gl/fbAQLP

exports[`Should render charts top bar component  Should match snapshot 1`] = `"<ul class=\\"MuiList-root-223 MuiList-padding-224\\" style=\\"padding-top: 0px; padding-bottom: 0px; flex-direction: row; display: flex;\\"><li class=\\"MuiListItem-root-227 MuiListItem-default-230 MuiListItem-gutters-235 TopInfoBar-desktop-222\\"><div class=\\"MuiAvatar-root-239 MuiAvatar-colorDefault-240\\"><span class=\\"material-icons MuiIcon-root-242\\" aria-hidden=\\"true\\">view_module</span></div><div class=\\"MuiListItemText-root-251\\"><span class=\\"MuiTypography-root-257 MuiTypography-subheading-264 MuiListItemText-primary-254\\">View</span><p class=\\"MuiTypography-root-257 MuiTypography-body1-266 MuiTypography-colorTextSecondary-290 MuiListItemText-secondary-255\\">ADMIN</p></div></li><li class=\\"MuiListItem-root-227 MuiListItem-default-230 MuiListItem-gutters-235 TopInfoBar-desktop-222\\"><div class=\\"MuiAvatar-root-239 MuiAvatar-colorDefault-240\\"><span class=\\"material-icons MuiIcon-root-242\\" aria-hidden=\\"true\\">business_center</span></div><div class=\\"MuiListItemText-root-251\\"><span class=\\"MuiTypography-root-257 MuiTypography-subheading-264 MuiListItemText-primary-254\\">Group</span><p class=\\"MuiTypography-root-257 MuiTypography-body1-266 MuiTypography-colorTextSecondary-290 MuiListItemText-secondary-255\\">GROUP</p></div></li><li class=\\"MuiListItem-root-227 MuiListItem-default-230 MuiListItem-gutters-235 TopInfoBar-desktop-222\\"><div class=\\"MuiAvatar-root-239 MuiAvatar-colorDefault-240\\"><span class=\\"material-icons MuiIcon-root-242\\" aria-hidden=\\"true\\">location_city</span></div><div class=\\"MuiListItemText-root-251\\"><span class=\\"MuiTypography-root-257 MuiTypography-subheading-264 MuiListItemText-primary-254\\">Branch</span><p class=\\"MuiTypography-root-257 MuiTypography-body1-266 MuiTypography-colorTextSecondary-290 MuiListItemText-secondary-255\\">TEST</p></div></li></ul>"`;
