// Jest Snapshot v1, https://goo.gl/fbAQLP

exports[`Login screen Should render login form with fields and styles 1`] = `"<div class=\\"ReduxForm-loginWrapper-7 ReduxForm-loginWrapper-2\\"><div class=\\"MuiPaper-root-11 MuiPaper-elevation2-15 MuiPaper-rounded-12 ReduxForm-loginFormContainer-6 ReduxForm-loginFormContainer-1\\"><form class=\\"ReduxForm-formPaper-8 ReduxForm-formPaper-3\\"><h3 class=\\"MuiTypography-root-38 MuiTypography-h5-54\\">Sign In</h3><hr><div class=\\"MuiGrid-container-74 MuiGrid-spacing-xs-16-97 MuiGrid-align-items-xs-flex-end-84\\"><div class=\\"MuiGrid-item-75 MuiGrid-grid-xs-true-102 MuiGrid-grid-sm-true-116 MuiGrid-grid-md-true-130\\"><div class=\\"MuiFormControl-root-171 MuiFormControl-fullWidth-174\\"><label class=\\"MuiFormLabel-root-186 MuiFormLabel-filled-190 MuiInputLabel-root-175 MuiInputLabel-formControl-180 MuiInputLabel-animated-183 MuiInputLabel-shrink-182\\" data-shrink=\\"true\\" for=\\"email\\">email</label><div class=\\"MuiInputBase-root-206 MuiInput-root-193 MuiInput-underline-197 MuiInputBase-fullWidth-215 MuiInput-fullWidth-200 MuiInputBase-formControl-207 MuiInput-formControl-194\\"><input aria-invalid=\\"false\\" class=\\"MuiInputBase-input-216 MuiInput-input-201 MuiInputBase-inputType-219 MuiInput-inputType-204\\" id=\\"email\\" name=\\"email\\" rows=\\"1\\" type=\\"email\\" value=\\"email@test.com\\"></div></div></div></div><div class=\\"MuiGrid-container-74 MuiGrid-spacing-xs-16-97 MuiGrid-align-items-xs-flex-end-84\\"><div class=\\"MuiGrid-item-75 MuiGrid-grid-xs-true-102 MuiGrid-grid-sm-true-116 MuiGrid-grid-md-true-130\\"><div class=\\"MuiFormControl-root-171 MuiFormControl-fullWidth-174\\"><label class=\\"MuiFormLabel-root-186 MuiFormLabel-filled-190 MuiInputLabel-root-175 MuiInputLabel-formControl-180 MuiInputLabel-animated-183 MuiInputLabel-shrink-182\\" data-shrink=\\"true\\" for=\\"password\\">password</label><div class=\\"MuiInputBase-root-206 MuiInput-root-193 MuiInput-underline-197 MuiInputBase-fullWidth-215 MuiInput-fullWidth-200 MuiInputBase-formControl-207 MuiInput-formControl-194\\"><input aria-invalid=\\"false\\" class=\\"MuiInputBase-input-216 MuiInput-input-201 MuiInputBase-inputType-219 MuiInput-inputType-204\\" id=\\"password\\" name=\\"password\\" rows=\\"1\\" type=\\"password\\" value=\\"password\\"></div></div></div></div><div class=\\"MuiGrid-container-74\\" style=\\"margin-top: 10px;\\"><button class=\\"MuiButtonBase-root-249 MuiButton-root-223 MuiButton-contained-234 MuiButton-containedPrimary-235 MuiButton-raised-237 MuiButton-raisedPrimary-238\\" tabindex=\\"0\\" type=\\"submit\\" style=\\"text-transform: none; margin: 5px;\\"><span class=\\"MuiButton-label-224\\">SIGN IN</span><span class=\\"MuiTouchRipple-root-252\\"></span></button></div></form></div></div>"`;
