// Jest Snapshot v1, https://goo.gl/fbAQLP

exports[`Messages screen Should match snapshot 1`] = `
ShallowWrapper {
  Symbol(enzyme.__root__): [Circular],
  Symbol(enzyme.__unrendered__): <Provider
    store={
      Object {
        "clearActions": [Function],
        "dispatch": [Function],
        "getActions": [Function],
        "getState": [Function],
        "replaceReducer": [Function],
        "subscribe": [Function],
      }
    }
  >
    <MemoryRouter>
      <WithStyles(withRouter(Connect(WithStyles(withRouter(Messages)))))
        dispatch={[MockFunction]}
        messages={
          Object {
            "list": Object {
              "output": Object {
                "limit": 10,
                "output": Array [
                  Object {
                    "_id": "5cb83f6a5042891fe2afa161",
                    "branchId": Object {
                      "_id": "5c8f96b9cece9911f01dd0a0",
                      "address": "7827 Luster Point",
                      "email": "atroye@dailymail.co.uk",
                      "fax": "+86 713 306 1827",
                      "name": "Cantao-an",
                      "phone": "+63 269 360 0515",
                      "status": false,
                    },
                    "created": "2019-04-18T09:12:10.783Z",
                    "message": "sssss",
                    "senderId": Object {
                      "_id": "5c8f97c5cece9911f01dd561",
                      "branch": "5c8f96b9cece9911f01dd0a0",
                      "created": "2019-03-18T13:06:13.037Z",
                      "email": "admin@company.org",
                      "group": "5cade7a578f0a97097c972c5",
                      "name": "Admin",
                      "password": "$2a$10$mNoHh1swsVyvIu4IILOoCu5E8FKFynxXHEe5G3GpYA8OjCpGcs3l.",
                      "role": "5c8f96bbcece9911f01dd0ab",
                      "status": true,
                      "surname": "ADMIN",
                    },
                    "subject": "ssss",
                  },
                  Object {
                    "_id": "5cb57f577067a82969ddfb85",
                    "branchId": Object {
                      "_id": "5c8f96b9cece9911f01dd0a0",
                      "address": "7827 Luster Point",
                      "email": "atroye@dailymail.co.uk",
                      "fax": "+86 713 306 1827",
                      "name": "Cantao-an",
                      "phone": "+63 269 360 0515",
                      "status": false,
                    },
                    "created": "2019-04-16T07:08:07.788Z",
                    "message": "TESTING",
                    "senderId": Object {
                      "_id": "5c8f97c5cece9911f01dd561",
                      "branch": "5c8f96b9cece9911f01dd0a0",
                      "created": "2019-03-18T13:06:13.037Z",
                      "email": "admin@company.org",
                      "group": "5cade7a578f0a97097c972c5",
                      "name": "Admin",
                      "password": "$2a$10$mNoHh1swsVyvIu4IILOoCu5E8FKFynxXHEe5G3GpYA8OjCpGcs3l.",
                      "role": "5c8f96bbcece9911f01dd0ab",
                      "status": true,
                      "surname": "ADMIN",
                    },
                    "subject": "TESTING",
                  },
                ],
                "page": 1,
                "pages": 11,
                "results": 110,
              },
            },
          }
        }
      />
    </MemoryRouter>
  </Provider>,
  Symbol(enzyme.__renderer__): Object {
    "batchedUpdates": [Function],
    "checkPropTypes": [Function],
    "getNode": [Function],
    "render": [Function],
    "simulateError": [Function],
    "simulateEvent": [Function],
    "unmount": [Function],
  },
  Symbol(enzyme.__node__): Object {
    "instance": null,
    "key": undefined,
    "nodeType": "function",
    "props": Object {
      "children": <MemoryRouter>
        <WithStyles(withRouter(Connect(WithStyles(withRouter(Messages)))))
          dispatch={[MockFunction]}
          messages={
            Object {
              "list": Object {
                "output": Object {
                  "limit": 10,
                  "output": Array [
                    Object {
                      "_id": "5cb83f6a5042891fe2afa161",
                      "branchId": Object {
                        "_id": "5c8f96b9cece9911f01dd0a0",
                        "address": "7827 Luster Point",
                        "email": "atroye@dailymail.co.uk",
                        "fax": "+86 713 306 1827",
                        "name": "Cantao-an",
                        "phone": "+63 269 360 0515",
                        "status": false,
                      },
                      "created": "2019-04-18T09:12:10.783Z",
                      "message": "sssss",
                      "senderId": Object {
                        "_id": "5c8f97c5cece9911f01dd561",
                        "branch": "5c8f96b9cece9911f01dd0a0",
                        "created": "2019-03-18T13:06:13.037Z",
                        "email": "admin@company.org",
                        "group": "5cade7a578f0a97097c972c5",
                        "name": "Admin",
                        "password": "$2a$10$mNoHh1swsVyvIu4IILOoCu5E8FKFynxXHEe5G3GpYA8OjCpGcs3l.",
                        "role": "5c8f96bbcece9911f01dd0ab",
                        "status": true,
                        "surname": "ADMIN",
                      },
                      "subject": "ssss",
                    },
                    Object {
                      "_id": "5cb57f577067a82969ddfb85",
                      "branchId": Object {
                        "_id": "5c8f96b9cece9911f01dd0a0",
                        "address": "7827 Luster Point",
                        "email": "atroye@dailymail.co.uk",
                        "fax": "+86 713 306 1827",
                        "name": "Cantao-an",
                        "phone": "+63 269 360 0515",
                        "status": false,
                      },
                      "created": "2019-04-16T07:08:07.788Z",
                      "message": "TESTING",
                      "senderId": Object {
                        "_id": "5c8f97c5cece9911f01dd561",
                        "branch": "5c8f96b9cece9911f01dd0a0",
                        "created": "2019-03-18T13:06:13.037Z",
                        "email": "admin@company.org",
                        "group": "5cade7a578f0a97097c972c5",
                        "name": "Admin",
                        "password": "$2a$10$mNoHh1swsVyvIu4IILOoCu5E8FKFynxXHEe5G3GpYA8OjCpGcs3l.",
                        "role": "5c8f96bbcece9911f01dd0ab",
                        "status": true,
                        "surname": "ADMIN",
                      },
                      "subject": "TESTING",
                    },
                  ],
                  "page": 1,
                  "pages": 11,
                  "results": 110,
                },
              },
            }
          }
        />
      </MemoryRouter>,
      "value": Object {
        "store": Object {
          "clearActions": [Function],
          "dispatch": [Function],
          "getActions": [Function],
          "getState": [Function],
          "replaceReducer": [Function],
          "subscribe": [Function],
        },
        "storeState": Object {},
      },
    },
    "ref": null,
    "rendered": Object {
      "instance": null,
      "key": undefined,
      "nodeType": "class",
      "props": Object {
        "children": <WithStyles(withRouter(Connect(WithStyles(withRouter(Messages)))))
          dispatch={[MockFunction]}
          messages={
            Object {
              "list": Object {
                "output": Object {
                  "limit": 10,
                  "output": Array [
                    Object {
                      "_id": "5cb83f6a5042891fe2afa161",
                      "branchId": Object {
                        "_id": "5c8f96b9cece9911f01dd0a0",
                        "address": "7827 Luster Point",
                        "email": "atroye@dailymail.co.uk",
                        "fax": "+86 713 306 1827",
                        "name": "Cantao-an",
                        "phone": "+63 269 360 0515",
                        "status": false,
                      },
                      "created": "2019-04-18T09:12:10.783Z",
                      "message": "sssss",
                      "senderId": Object {
                        "_id": "5c8f97c5cece9911f01dd561",
                        "branch": "5c8f96b9cece9911f01dd0a0",
                        "created": "2019-03-18T13:06:13.037Z",
                        "email": "admin@company.org",
                        "group": "5cade7a578f0a97097c972c5",
                        "name": "Admin",
                        "password": "$2a$10$mNoHh1swsVyvIu4IILOoCu5E8FKFynxXHEe5G3GpYA8OjCpGcs3l.",
                        "role": "5c8f96bbcece9911f01dd0ab",
                        "status": true,
                        "surname": "ADMIN",
                      },
                      "subject": "ssss",
                    },
                    Object {
                      "_id": "5cb57f577067a82969ddfb85",
                      "branchId": Object {
                        "_id": "5c8f96b9cece9911f01dd0a0",
                        "address": "7827 Luster Point",
                        "email": "atroye@dailymail.co.uk",
                        "fax": "+86 713 306 1827",
                        "name": "Cantao-an",
                        "phone": "+63 269 360 0515",
                        "status": false,
                      },
                      "created": "2019-04-16T07:08:07.788Z",
                      "message": "TESTING",
                      "senderId": Object {
                        "_id": "5c8f97c5cece9911f01dd561",
                        "branch": "5c8f96b9cece9911f01dd0a0",
                        "created": "2019-03-18T13:06:13.037Z",
                        "email": "admin@company.org",
                        "group": "5cade7a578f0a97097c972c5",
                        "name": "Admin",
                        "password": "$2a$10$mNoHh1swsVyvIu4IILOoCu5E8FKFynxXHEe5G3GpYA8OjCpGcs3l.",
                        "role": "5c8f96bbcece9911f01dd0ab",
                        "status": true,
                        "surname": "ADMIN",
                      },
                      "subject": "TESTING",
                    },
                  ],
                  "page": 1,
                  "pages": 11,
                  "results": 110,
                },
              },
            }
          }
        />,
      },
      "ref": null,
      "rendered": Object {
        "instance": null,
        "key": undefined,
        "nodeType": "class",
        "props": Object {
          "dispatch": [MockFunction],
          "messages": Object {
            "list": Object {
              "output": Object {
                "limit": 10,
                "output": Array [
                  Object {
                    "_id": "5cb83f6a5042891fe2afa161",
                    "branchId": Object {
                      "_id": "5c8f96b9cece9911f01dd0a0",
                      "address": "7827 Luster Point",
                      "email": "atroye@dailymail.co.uk",
                      "fax": "+86 713 306 1827",
                      "name": "Cantao-an",
                      "phone": "+63 269 360 0515",
                      "status": false,
                    },
                    "created": "2019-04-18T09:12:10.783Z",
                    "message": "sssss",
                    "senderId": Object {
                      "_id": "5c8f97c5cece9911f01dd561",
                      "branch": "5c8f96b9cece9911f01dd0a0",
                      "created": "2019-03-18T13:06:13.037Z",
                      "email": "admin@company.org",
                      "group": "5cade7a578f0a97097c972c5",
                      "name": "Admin",
                      "password": "$2a$10$mNoHh1swsVyvIu4IILOoCu5E8FKFynxXHEe5G3GpYA8OjCpGcs3l.",
                      "role": "5c8f96bbcece9911f01dd0ab",
                      "status": true,
                      "surname": "ADMIN",
                    },
                    "subject": "ssss",
                  },
                  Object {
                    "_id": "5cb57f577067a82969ddfb85",
                    "branchId": Object {
                      "_id": "5c8f96b9cece9911f01dd0a0",
                      "address": "7827 Luster Point",
                      "email": "atroye@dailymail.co.uk",
                      "fax": "+86 713 306 1827",
                      "name": "Cantao-an",
                      "phone": "+63 269 360 0515",
                      "status": false,
                    },
                    "created": "2019-04-16T07:08:07.788Z",
                    "message": "TESTING",
                    "senderId": Object {
                      "_id": "5c8f97c5cece9911f01dd561",
                      "branch": "5c8f96b9cece9911f01dd0a0",
                      "created": "2019-03-18T13:06:13.037Z",
                      "email": "admin@company.org",
                      "group": "5cade7a578f0a97097c972c5",
                      "name": "Admin",
                      "password": "$2a$10$mNoHh1swsVyvIu4IILOoCu5E8FKFynxXHEe5G3GpYA8OjCpGcs3l.",
                      "role": "5c8f96bbcece9911f01dd0ab",
                      "status": true,
                      "surname": "ADMIN",
                    },
                    "subject": "TESTING",
                  },
                ],
                "page": 1,
                "pages": 11,
                "results": 110,
              },
            },
          },
        },
        "ref": null,
        "rendered": null,
        "type": [Function],
      },
      "type": [Function],
    },
    "type": Object {
      "$$typeof": Symbol(react.provider),
      "_context": Object {
        "$$typeof": Symbol(react.context),
        "Consumer": Object {
          "$$typeof": Symbol(react.context),
          "_calculateChangedBits": null,
          "_context": [Circular],
        },
        "Provider": [Circular],
        "_calculateChangedBits": null,
        "_currentRenderer": null,
        "_currentRenderer2": null,
        "_currentValue": null,
        "_currentValue2": null,
        "_threadCount": 0,
      },
    },
  },
  Symbol(enzyme.__nodes__): Array [
    Object {
      "instance": null,
      "key": undefined,
      "nodeType": "function",
      "props": Object {
        "children": <MemoryRouter>
          <WithStyles(withRouter(Connect(WithStyles(withRouter(Messages)))))
            dispatch={[MockFunction]}
            messages={
              Object {
                "list": Object {
                  "output": Object {
                    "limit": 10,
                    "output": Array [
                      Object {
                        "_id": "5cb83f6a5042891fe2afa161",
                        "branchId": Object {
                          "_id": "5c8f96b9cece9911f01dd0a0",
                          "address": "7827 Luster Point",
                          "email": "atroye@dailymail.co.uk",
                          "fax": "+86 713 306 1827",
                          "name": "Cantao-an",
                          "phone": "+63 269 360 0515",
                          "status": false,
                        },
                        "created": "2019-04-18T09:12:10.783Z",
                        "message": "sssss",
                        "senderId": Object {
                          "_id": "5c8f97c5cece9911f01dd561",
                          "branch": "5c8f96b9cece9911f01dd0a0",
                          "created": "2019-03-18T13:06:13.037Z",
                          "email": "admin@company.org",
                          "group": "5cade7a578f0a97097c972c5",
                          "name": "Admin",
                          "password": "$2a$10$mNoHh1swsVyvIu4IILOoCu5E8FKFynxXHEe5G3GpYA8OjCpGcs3l.",
                          "role": "5c8f96bbcece9911f01dd0ab",
                          "status": true,
                          "surname": "ADMIN",
                        },
                        "subject": "ssss",
                      },
                      Object {
                        "_id": "5cb57f577067a82969ddfb85",
                        "branchId": Object {
                          "_id": "5c8f96b9cece9911f01dd0a0",
                          "address": "7827 Luster Point",
                          "email": "atroye@dailymail.co.uk",
                          "fax": "+86 713 306 1827",
                          "name": "Cantao-an",
                          "phone": "+63 269 360 0515",
                          "status": false,
                        },
                        "created": "2019-04-16T07:08:07.788Z",
                        "message": "TESTING",
                        "senderId": Object {
                          "_id": "5c8f97c5cece9911f01dd561",
                          "branch": "5c8f96b9cece9911f01dd0a0",
                          "created": "2019-03-18T13:06:13.037Z",
                          "email": "admin@company.org",
                          "group": "5cade7a578f0a97097c972c5",
                          "name": "Admin",
                          "password": "$2a$10$mNoHh1swsVyvIu4IILOoCu5E8FKFynxXHEe5G3GpYA8OjCpGcs3l.",
                          "role": "5c8f96bbcece9911f01dd0ab",
                          "status": true,
                          "surname": "ADMIN",
                        },
                        "subject": "TESTING",
                      },
                    ],
                    "page": 1,
                    "pages": 11,
                    "results": 110,
                  },
                },
              }
            }
          />
        </MemoryRouter>,
        "value": Object {
          "store": Object {
            "clearActions": [Function],
            "dispatch": [Function],
            "getActions": [Function],
            "getState": [Function],
            "replaceReducer": [Function],
            "subscribe": [Function],
          },
          "storeState": Object {},
        },
      },
      "ref": null,
      "rendered": Object {
        "instance": null,
        "key": undefined,
        "nodeType": "class",
        "props": Object {
          "children": <WithStyles(withRouter(Connect(WithStyles(withRouter(Messages)))))
            dispatch={[MockFunction]}
            messages={
              Object {
                "list": Object {
                  "output": Object {
                    "limit": 10,
                    "output": Array [
                      Object {
                        "_id": "5cb83f6a5042891fe2afa161",
                        "branchId": Object {
                          "_id": "5c8f96b9cece9911f01dd0a0",
                          "address": "7827 Luster Point",
                          "email": "atroye@dailymail.co.uk",
                          "fax": "+86 713 306 1827",
                          "name": "Cantao-an",
                          "phone": "+63 269 360 0515",
                          "status": false,
                        },
                        "created": "2019-04-18T09:12:10.783Z",
                        "message": "sssss",
                        "senderId": Object {
                          "_id": "5c8f97c5cece9911f01dd561",
                          "branch": "5c8f96b9cece9911f01dd0a0",
                          "created": "2019-03-18T13:06:13.037Z",
                          "email": "admin@company.org",
                          "group": "5cade7a578f0a97097c972c5",
                          "name": "Admin",
                          "password": "$2a$10$mNoHh1swsVyvIu4IILOoCu5E8FKFynxXHEe5G3GpYA8OjCpGcs3l.",
                          "role": "5c8f96bbcece9911f01dd0ab",
                          "status": true,
                          "surname": "ADMIN",
                        },
                        "subject": "ssss",
                      },
                      Object {
                        "_id": "5cb57f577067a82969ddfb85",
                        "branchId": Object {
                          "_id": "5c8f96b9cece9911f01dd0a0",
                          "address": "7827 Luster Point",
                          "email": "atroye@dailymail.co.uk",
                          "fax": "+86 713 306 1827",
                          "name": "Cantao-an",
                          "phone": "+63 269 360 0515",
                          "status": false,
                        },
                        "created": "2019-04-16T07:08:07.788Z",
                        "message": "TESTING",
                        "senderId": Object {
                          "_id": "5c8f97c5cece9911f01dd561",
                          "branch": "5c8f96b9cece9911f01dd0a0",
                          "created": "2019-03-18T13:06:13.037Z",
                          "email": "admin@company.org",
                          "group": "5cade7a578f0a97097c972c5",
                          "name": "Admin",
                          "password": "$2a$10$mNoHh1swsVyvIu4IILOoCu5E8FKFynxXHEe5G3GpYA8OjCpGcs3l.",
                          "role": "5c8f96bbcece9911f01dd0ab",
                          "status": true,
                          "surname": "ADMIN",
                        },
                        "subject": "TESTING",
                      },
                    ],
                    "page": 1,
                    "pages": 11,
                    "results": 110,
                  },
                },
              }
            }
          />,
        },
        "ref": null,
        "rendered": Object {
          "instance": null,
          "key": undefined,
          "nodeType": "class",
          "props": Object {
            "dispatch": [MockFunction],
            "messages": Object {
              "list": Object {
                "output": Object {
                  "limit": 10,
                  "output": Array [
                    Object {
                      "_id": "5cb83f6a5042891fe2afa161",
                      "branchId": Object {
                        "_id": "5c8f96b9cece9911f01dd0a0",
                        "address": "7827 Luster Point",
                        "email": "atroye@dailymail.co.uk",
                        "fax": "+86 713 306 1827",
                        "name": "Cantao-an",
                        "phone": "+63 269 360 0515",
                        "status": false,
                      },
                      "created": "2019-04-18T09:12:10.783Z",
                      "message": "sssss",
                      "senderId": Object {
                        "_id": "5c8f97c5cece9911f01dd561",
                        "branch": "5c8f96b9cece9911f01dd0a0",
                        "created": "2019-03-18T13:06:13.037Z",
                        "email": "admin@company.org",
                        "group": "5cade7a578f0a97097c972c5",
                        "name": "Admin",
                        "password": "$2a$10$mNoHh1swsVyvIu4IILOoCu5E8FKFynxXHEe5G3GpYA8OjCpGcs3l.",
                        "role": "5c8f96bbcece9911f01dd0ab",
                        "status": true,
                        "surname": "ADMIN",
                      },
                      "subject": "ssss",
                    },
                    Object {
                      "_id": "5cb57f577067a82969ddfb85",
                      "branchId": Object {
                        "_id": "5c8f96b9cece9911f01dd0a0",
                        "address": "7827 Luster Point",
                        "email": "atroye@dailymail.co.uk",
                        "fax": "+86 713 306 1827",
                        "name": "Cantao-an",
                        "phone": "+63 269 360 0515",
                        "status": false,
                      },
                      "created": "2019-04-16T07:08:07.788Z",
                      "message": "TESTING",
                      "senderId": Object {
                        "_id": "5c8f97c5cece9911f01dd561",
                        "branch": "5c8f96b9cece9911f01dd0a0",
                        "created": "2019-03-18T13:06:13.037Z",
                        "email": "admin@company.org",
                        "group": "5cade7a578f0a97097c972c5",
                        "name": "Admin",
                        "password": "$2a$10$mNoHh1swsVyvIu4IILOoCu5E8FKFynxXHEe5G3GpYA8OjCpGcs3l.",
                        "role": "5c8f96bbcece9911f01dd0ab",
                        "status": true,
                        "surname": "ADMIN",
                      },
                      "subject": "TESTING",
                    },
                  ],
                  "page": 1,
                  "pages": 11,
                  "results": 110,
                },
              },
            },
          },
          "ref": null,
          "rendered": null,
          "type": [Function],
        },
        "type": [Function],
      },
      "type": Object {
        "$$typeof": Symbol(react.provider),
        "_context": Object {
          "$$typeof": Symbol(react.context),
          "Consumer": Object {
            "$$typeof": Symbol(react.context),
            "_calculateChangedBits": null,
            "_context": [Circular],
          },
          "Provider": [Circular],
          "_calculateChangedBits": null,
          "_currentRenderer": null,
          "_currentRenderer2": null,
          "_currentValue": null,
          "_currentValue2": null,
          "_threadCount": 0,
        },
      },
    },
  ],
  Symbol(enzyme.__options__): Object {
    "adapter": ReactSixteenAdapter {
      "options": Object {
        "enableComponentDidUpdateOnSetState": true,
        "legacyContextMode": "parent",
        "lifecycles": Object {
          "componentDidUpdate": Object {
            "onSetState": true,
          },
          "getChildContext": Object {
            "calledByRenderer": false,
          },
          "getDerivedStateFromError": true,
          "getDerivedStateFromProps": Object {
            "hasShouldComponentUpdateBug": false,
          },
          "getSnapshotBeforeUpdate": true,
          "setState": Object {
            "skipsComponentDidUpdateOnNullish": true,
          },
        },
      },
    },
    "context": Object {},
  },
  Symbol(enzyme.__childContext__): null,
}
`;
