// Jest Snapshot v1, https://goo.gl/fbAQLP

exports[`Ticket screen Should match snapshot 1`] = `
ShallowWrapper {
  Symbol(enzyme.__root__): [Circular],
  Symbol(enzyme.__unrendered__): <Provider
    store={
      Object {
        "clearActions": [Function],
        "dispatch": [Function],
        "getActions": [Function],
        "getState": [Function],
        "replaceReducer": [Function],
        "subscribe": [Function],
      }
    }
  >
    <MemoryRouter>
      <WithStyles(withRouter(Connect(WithStyles(withRouter(Ticket)))))
        dispatch={[MockFunction]}
        tickets={
          Object {
            "ticket": Object {
              "_id": "5c90fb18e5923a656b3c9244",
              "authorId": Object {
                "_id": "5c8f97c6cece9911f01dd565",
                "branch": "5c8f96b9cece9911f01dd097",
                "created": "2019-03-18T13:06:14.397Z",
                "email": "manager@company.org",
                "group": "5c8f96bacece9911f01dd0a6",
                "name": "Manager",
                "password": "$2a$10$dCpApua5iqYBXSotjy00seiRrO8rDgbe3j7GHqKuJDwWSpJaghMYm",
                "role": "5c8f96bbcece9911f01dd0ad",
                "status": true,
                "surname": "MANAGER",
              },
              "branchId": Object {
                "_id": "5c8f96b9cece9911f01dd097",
                "address": "27706 Birchwood Pass",
                "email": "lpizzey5@meetup.com",
                "fax": "+52 507 162 6450",
                "information": "kkkkk",
                "name": "Lamphun",
                "phone": "+66 282 844 6385",
                "status": true,
              },
              "closed": null,
              "created": "2019-03-19T14:22:16.125Z",
              "message": "qwfqwfqwfqwfqwfqwf",
              "note": "Ticket note.....",
              "status": "Reopened",
              "subject": "TICKET",
            },
          }
        }
      />
    </MemoryRouter>
  </Provider>,
  Symbol(enzyme.__renderer__): Object {
    "batchedUpdates": [Function],
    "checkPropTypes": [Function],
    "getNode": [Function],
    "render": [Function],
    "simulateError": [Function],
    "simulateEvent": [Function],
    "unmount": [Function],
  },
  Symbol(enzyme.__node__): Object {
    "instance": null,
    "key": undefined,
    "nodeType": "function",
    "props": Object {
      "children": <MemoryRouter>
        <WithStyles(withRouter(Connect(WithStyles(withRouter(Ticket)))))
          dispatch={[MockFunction]}
          tickets={
            Object {
              "ticket": Object {
                "_id": "5c90fb18e5923a656b3c9244",
                "authorId": Object {
                  "_id": "5c8f97c6cece9911f01dd565",
                  "branch": "5c8f96b9cece9911f01dd097",
                  "created": "2019-03-18T13:06:14.397Z",
                  "email": "manager@company.org",
                  "group": "5c8f96bacece9911f01dd0a6",
                  "name": "Manager",
                  "password": "$2a$10$dCpApua5iqYBXSotjy00seiRrO8rDgbe3j7GHqKuJDwWSpJaghMYm",
                  "role": "5c8f96bbcece9911f01dd0ad",
                  "status": true,
                  "surname": "MANAGER",
                },
                "branchId": Object {
                  "_id": "5c8f96b9cece9911f01dd097",
                  "address": "27706 Birchwood Pass",
                  "email": "lpizzey5@meetup.com",
                  "fax": "+52 507 162 6450",
                  "information": "kkkkk",
                  "name": "Lamphun",
                  "phone": "+66 282 844 6385",
                  "status": true,
                },
                "closed": null,
                "created": "2019-03-19T14:22:16.125Z",
                "message": "qwfqwfqwfqwfqwfqwf",
                "note": "Ticket note.....",
                "status": "Reopened",
                "subject": "TICKET",
              },
            }
          }
        />
      </MemoryRouter>,
      "value": Object {
        "store": Object {
          "clearActions": [Function],
          "dispatch": [Function],
          "getActions": [Function],
          "getState": [Function],
          "replaceReducer": [Function],
          "subscribe": [Function],
        },
        "storeState": Object {},
      },
    },
    "ref": null,
    "rendered": Object {
      "instance": null,
      "key": undefined,
      "nodeType": "class",
      "props": Object {
        "children": <WithStyles(withRouter(Connect(WithStyles(withRouter(Ticket)))))
          dispatch={[MockFunction]}
          tickets={
            Object {
              "ticket": Object {
                "_id": "5c90fb18e5923a656b3c9244",
                "authorId": Object {
                  "_id": "5c8f97c6cece9911f01dd565",
                  "branch": "5c8f96b9cece9911f01dd097",
                  "created": "2019-03-18T13:06:14.397Z",
                  "email": "manager@company.org",
                  "group": "5c8f96bacece9911f01dd0a6",
                  "name": "Manager",
                  "password": "$2a$10$dCpApua5iqYBXSotjy00seiRrO8rDgbe3j7GHqKuJDwWSpJaghMYm",
                  "role": "5c8f96bbcece9911f01dd0ad",
                  "status": true,
                  "surname": "MANAGER",
                },
                "branchId": Object {
                  "_id": "5c8f96b9cece9911f01dd097",
                  "address": "27706 Birchwood Pass",
                  "email": "lpizzey5@meetup.com",
                  "fax": "+52 507 162 6450",
                  "information": "kkkkk",
                  "name": "Lamphun",
                  "phone": "+66 282 844 6385",
                  "status": true,
                },
                "closed": null,
                "created": "2019-03-19T14:22:16.125Z",
                "message": "qwfqwfqwfqwfqwfqwf",
                "note": "Ticket note.....",
                "status": "Reopened",
                "subject": "TICKET",
              },
            }
          }
        />,
      },
      "ref": null,
      "rendered": Object {
        "instance": null,
        "key": undefined,
        "nodeType": "class",
        "props": Object {
          "dispatch": [MockFunction],
          "tickets": Object {
            "ticket": Object {
              "_id": "5c90fb18e5923a656b3c9244",
              "authorId": Object {
                "_id": "5c8f97c6cece9911f01dd565",
                "branch": "5c8f96b9cece9911f01dd097",
                "created": "2019-03-18T13:06:14.397Z",
                "email": "manager@company.org",
                "group": "5c8f96bacece9911f01dd0a6",
                "name": "Manager",
                "password": "$2a$10$dCpApua5iqYBXSotjy00seiRrO8rDgbe3j7GHqKuJDwWSpJaghMYm",
                "role": "5c8f96bbcece9911f01dd0ad",
                "status": true,
                "surname": "MANAGER",
              },
              "branchId": Object {
                "_id": "5c8f96b9cece9911f01dd097",
                "address": "27706 Birchwood Pass",
                "email": "lpizzey5@meetup.com",
                "fax": "+52 507 162 6450",
                "information": "kkkkk",
                "name": "Lamphun",
                "phone": "+66 282 844 6385",
                "status": true,
              },
              "closed": null,
              "created": "2019-03-19T14:22:16.125Z",
              "message": "qwfqwfqwfqwfqwfqwf",
              "note": "Ticket note.....",
              "status": "Reopened",
              "subject": "TICKET",
            },
          },
        },
        "ref": null,
        "rendered": null,
        "type": [Function],
      },
      "type": [Function],
    },
    "type": Object {
      "$$typeof": Symbol(react.provider),
      "_context": Object {
        "$$typeof": Symbol(react.context),
        "Consumer": Object {
          "$$typeof": Symbol(react.context),
          "_calculateChangedBits": null,
          "_context": [Circular],
        },
        "Provider": [Circular],
        "_calculateChangedBits": null,
        "_currentRenderer": null,
        "_currentRenderer2": null,
        "_currentValue": null,
        "_currentValue2": null,
        "_threadCount": 0,
      },
    },
  },
  Symbol(enzyme.__nodes__): Array [
    Object {
      "instance": null,
      "key": undefined,
      "nodeType": "function",
      "props": Object {
        "children": <MemoryRouter>
          <WithStyles(withRouter(Connect(WithStyles(withRouter(Ticket)))))
            dispatch={[MockFunction]}
            tickets={
              Object {
                "ticket": Object {
                  "_id": "5c90fb18e5923a656b3c9244",
                  "authorId": Object {
                    "_id": "5c8f97c6cece9911f01dd565",
                    "branch": "5c8f96b9cece9911f01dd097",
                    "created": "2019-03-18T13:06:14.397Z",
                    "email": "manager@company.org",
                    "group": "5c8f96bacece9911f01dd0a6",
                    "name": "Manager",
                    "password": "$2a$10$dCpApua5iqYBXSotjy00seiRrO8rDgbe3j7GHqKuJDwWSpJaghMYm",
                    "role": "5c8f96bbcece9911f01dd0ad",
                    "status": true,
                    "surname": "MANAGER",
                  },
                  "branchId": Object {
                    "_id": "5c8f96b9cece9911f01dd097",
                    "address": "27706 Birchwood Pass",
                    "email": "lpizzey5@meetup.com",
                    "fax": "+52 507 162 6450",
                    "information": "kkkkk",
                    "name": "Lamphun",
                    "phone": "+66 282 844 6385",
                    "status": true,
                  },
                  "closed": null,
                  "created": "2019-03-19T14:22:16.125Z",
                  "message": "qwfqwfqwfqwfqwfqwf",
                  "note": "Ticket note.....",
                  "status": "Reopened",
                  "subject": "TICKET",
                },
              }
            }
          />
        </MemoryRouter>,
        "value": Object {
          "store": Object {
            "clearActions": [Function],
            "dispatch": [Function],
            "getActions": [Function],
            "getState": [Function],
            "replaceReducer": [Function],
            "subscribe": [Function],
          },
          "storeState": Object {},
        },
      },
      "ref": null,
      "rendered": Object {
        "instance": null,
        "key": undefined,
        "nodeType": "class",
        "props": Object {
          "children": <WithStyles(withRouter(Connect(WithStyles(withRouter(Ticket)))))
            dispatch={[MockFunction]}
            tickets={
              Object {
                "ticket": Object {
                  "_id": "5c90fb18e5923a656b3c9244",
                  "authorId": Object {
                    "_id": "5c8f97c6cece9911f01dd565",
                    "branch": "5c8f96b9cece9911f01dd097",
                    "created": "2019-03-18T13:06:14.397Z",
                    "email": "manager@company.org",
                    "group": "5c8f96bacece9911f01dd0a6",
                    "name": "Manager",
                    "password": "$2a$10$dCpApua5iqYBXSotjy00seiRrO8rDgbe3j7GHqKuJDwWSpJaghMYm",
                    "role": "5c8f96bbcece9911f01dd0ad",
                    "status": true,
                    "surname": "MANAGER",
                  },
                  "branchId": Object {
                    "_id": "5c8f96b9cece9911f01dd097",
                    "address": "27706 Birchwood Pass",
                    "email": "lpizzey5@meetup.com",
                    "fax": "+52 507 162 6450",
                    "information": "kkkkk",
                    "name": "Lamphun",
                    "phone": "+66 282 844 6385",
                    "status": true,
                  },
                  "closed": null,
                  "created": "2019-03-19T14:22:16.125Z",
                  "message": "qwfqwfqwfqwfqwfqwf",
                  "note": "Ticket note.....",
                  "status": "Reopened",
                  "subject": "TICKET",
                },
              }
            }
          />,
        },
        "ref": null,
        "rendered": Object {
          "instance": null,
          "key": undefined,
          "nodeType": "class",
          "props": Object {
            "dispatch": [MockFunction],
            "tickets": Object {
              "ticket": Object {
                "_id": "5c90fb18e5923a656b3c9244",
                "authorId": Object {
                  "_id": "5c8f97c6cece9911f01dd565",
                  "branch": "5c8f96b9cece9911f01dd097",
                  "created": "2019-03-18T13:06:14.397Z",
                  "email": "manager@company.org",
                  "group": "5c8f96bacece9911f01dd0a6",
                  "name": "Manager",
                  "password": "$2a$10$dCpApua5iqYBXSotjy00seiRrO8rDgbe3j7GHqKuJDwWSpJaghMYm",
                  "role": "5c8f96bbcece9911f01dd0ad",
                  "status": true,
                  "surname": "MANAGER",
                },
                "branchId": Object {
                  "_id": "5c8f96b9cece9911f01dd097",
                  "address": "27706 Birchwood Pass",
                  "email": "lpizzey5@meetup.com",
                  "fax": "+52 507 162 6450",
                  "information": "kkkkk",
                  "name": "Lamphun",
                  "phone": "+66 282 844 6385",
                  "status": true,
                },
                "closed": null,
                "created": "2019-03-19T14:22:16.125Z",
                "message": "qwfqwfqwfqwfqwfqwf",
                "note": "Ticket note.....",
                "status": "Reopened",
                "subject": "TICKET",
              },
            },
          },
          "ref": null,
          "rendered": null,
          "type": [Function],
        },
        "type": [Function],
      },
      "type": Object {
        "$$typeof": Symbol(react.provider),
        "_context": Object {
          "$$typeof": Symbol(react.context),
          "Consumer": Object {
            "$$typeof": Symbol(react.context),
            "_calculateChangedBits": null,
            "_context": [Circular],
          },
          "Provider": [Circular],
          "_calculateChangedBits": null,
          "_currentRenderer": null,
          "_currentRenderer2": null,
          "_currentValue": null,
          "_currentValue2": null,
          "_threadCount": 0,
        },
      },
    },
  ],
  Symbol(enzyme.__options__): Object {
    "adapter": ReactSixteenAdapter {
      "options": Object {
        "enableComponentDidUpdateOnSetState": true,
        "legacyContextMode": "parent",
        "lifecycles": Object {
          "componentDidUpdate": Object {
            "onSetState": true,
          },
          "getChildContext": Object {
            "calledByRenderer": false,
          },
          "getDerivedStateFromError": true,
          "getDerivedStateFromProps": Object {
            "hasShouldComponentUpdateBug": false,
          },
          "getSnapshotBeforeUpdate": true,
          "setState": Object {
            "skipsComponentDidUpdateOnNullish": true,
          },
        },
      },
    },
    "context": Object {},
  },
  Symbol(enzyme.__childContext__): null,
}
`;
