// Jest Snapshot v1, https://goo.gl/fbAQLP

exports[`Users screen Should match snapshot 1`] = `
ShallowWrapper {
  Symbol(enzyme.__root__): [Circular],
  Symbol(enzyme.__unrendered__): <Provider
    store={
      Object {
        "clearActions": [Function],
        "dispatch": [Function],
        "getActions": [Function],
        "getState": [Function],
        "replaceReducer": [Function],
        "subscribe": [Function],
      }
    }
  >
    <MemoryRouter>
      <WithStyles(withRouter(Connect(WithStyles(withRouter(Users)))))
        dispatch={[MockFunction]}
        users={
          Object {
            "limit": 7,
            "output": Array [
              Object {
                "__v": 0,
                "_id": "5c8f97c5cece9911f01dd561",
                "branch": "5c8f96b9cece9911f01dd0a0",
                "created": "2019-03-18T13:06:13.037Z",
                "email": "admin@company.org",
                "group": Object {
                  "__v": 0,
                  "_id": "5cade7a578f0a97097c972c5",
                  "description": "TEST",
                  "name": "TEST",
                  "permissions": false,
                  "status": false,
                },
                "name": "Admin",
                "password": "$2a$10$mNoHh1swsVyvIu4IILOoCu5E8FKFynxXHEe5G3GpYA8OjCpGcs3l.",
                "role": Object {
                  "__v": 0,
                  "_id": "5c8f96bbcece9911f01dd0ab",
                  "active": true,
                  "code": "ADMIN",
                  "description": "Main System Administrator with full access",
                  "editable": false,
                  "name": "Administrator",
                  "public": false,
                },
                "status": true,
                "surname": "ADMIN",
              },
              Object {
                "__v": 0,
                "_id": "5c8f970dcece9911f01dd223",
                "branch": "5c8f96b9cece9911f01dd0a2",
                "created": "2019-03-18T13:03:09.953Z",
                "email": "haasaf4q@tamu.edu",
                "group": Object {
                  "__v": 0,
                  "_id": "5c8f96bacece9911f01dd0a6",
                  "description": "Group of all employees with Front-End expertise",
                  "name": "Front-End Pool",
                  "permissions": true,
                  "status": true,
                },
                "name": "Holt",
                "role": Object {
                  "__v": 0,
                  "_id": "5c8f96bbcece9911f01dd0ae",
                  "active": true,
                  "code": "SUPPORT",
                  "description": "An employee with full access to all tickets in the system",
                  "editable": false,
                  "name": "Support",
                  "public": false,
                },
                "status": true,
                "surname": "Aasaf",
              },
            ],
            "page": 1,
            "pages": 4,
            "results": 25,
          }
        }
      />
    </MemoryRouter>
  </Provider>,
  Symbol(enzyme.__renderer__): Object {
    "batchedUpdates": [Function],
    "checkPropTypes": [Function],
    "getNode": [Function],
    "render": [Function],
    "simulateError": [Function],
    "simulateEvent": [Function],
    "unmount": [Function],
  },
  Symbol(enzyme.__node__): Object {
    "instance": null,
    "key": undefined,
    "nodeType": "function",
    "props": Object {
      "children": <MemoryRouter>
        <WithStyles(withRouter(Connect(WithStyles(withRouter(Users)))))
          dispatch={[MockFunction]}
          users={
            Object {
              "limit": 7,
              "output": Array [
                Object {
                  "__v": 0,
                  "_id": "5c8f97c5cece9911f01dd561",
                  "branch": "5c8f96b9cece9911f01dd0a0",
                  "created": "2019-03-18T13:06:13.037Z",
                  "email": "admin@company.org",
                  "group": Object {
                    "__v": 0,
                    "_id": "5cade7a578f0a97097c972c5",
                    "description": "TEST",
                    "name": "TEST",
                    "permissions": false,
                    "status": false,
                  },
                  "name": "Admin",
                  "password": "$2a$10$mNoHh1swsVyvIu4IILOoCu5E8FKFynxXHEe5G3GpYA8OjCpGcs3l.",
                  "role": Object {
                    "__v": 0,
                    "_id": "5c8f96bbcece9911f01dd0ab",
                    "active": true,
                    "code": "ADMIN",
                    "description": "Main System Administrator with full access",
                    "editable": false,
                    "name": "Administrator",
                    "public": false,
                  },
                  "status": true,
                  "surname": "ADMIN",
                },
                Object {
                  "__v": 0,
                  "_id": "5c8f970dcece9911f01dd223",
                  "branch": "5c8f96b9cece9911f01dd0a2",
                  "created": "2019-03-18T13:03:09.953Z",
                  "email": "haasaf4q@tamu.edu",
                  "group": Object {
                    "__v": 0,
                    "_id": "5c8f96bacece9911f01dd0a6",
                    "description": "Group of all employees with Front-End expertise",
                    "name": "Front-End Pool",
                    "permissions": true,
                    "status": true,
                  },
                  "name": "Holt",
                  "role": Object {
                    "__v": 0,
                    "_id": "5c8f96bbcece9911f01dd0ae",
                    "active": true,
                    "code": "SUPPORT",
                    "description": "An employee with full access to all tickets in the system",
                    "editable": false,
                    "name": "Support",
                    "public": false,
                  },
                  "status": true,
                  "surname": "Aasaf",
                },
              ],
              "page": 1,
              "pages": 4,
              "results": 25,
            }
          }
        />
      </MemoryRouter>,
      "value": Object {
        "store": Object {
          "clearActions": [Function],
          "dispatch": [Function],
          "getActions": [Function],
          "getState": [Function],
          "replaceReducer": [Function],
          "subscribe": [Function],
        },
        "storeState": Object {},
      },
    },
    "ref": null,
    "rendered": Object {
      "instance": null,
      "key": undefined,
      "nodeType": "class",
      "props": Object {
        "children": <WithStyles(withRouter(Connect(WithStyles(withRouter(Users)))))
          dispatch={[MockFunction]}
          users={
            Object {
              "limit": 7,
              "output": Array [
                Object {
                  "__v": 0,
                  "_id": "5c8f97c5cece9911f01dd561",
                  "branch": "5c8f96b9cece9911f01dd0a0",
                  "created": "2019-03-18T13:06:13.037Z",
                  "email": "admin@company.org",
                  "group": Object {
                    "__v": 0,
                    "_id": "5cade7a578f0a97097c972c5",
                    "description": "TEST",
                    "name": "TEST",
                    "permissions": false,
                    "status": false,
                  },
                  "name": "Admin",
                  "password": "$2a$10$mNoHh1swsVyvIu4IILOoCu5E8FKFynxXHEe5G3GpYA8OjCpGcs3l.",
                  "role": Object {
                    "__v": 0,
                    "_id": "5c8f96bbcece9911f01dd0ab",
                    "active": true,
                    "code": "ADMIN",
                    "description": "Main System Administrator with full access",
                    "editable": false,
                    "name": "Administrator",
                    "public": false,
                  },
                  "status": true,
                  "surname": "ADMIN",
                },
                Object {
                  "__v": 0,
                  "_id": "5c8f970dcece9911f01dd223",
                  "branch": "5c8f96b9cece9911f01dd0a2",
                  "created": "2019-03-18T13:03:09.953Z",
                  "email": "haasaf4q@tamu.edu",
                  "group": Object {
                    "__v": 0,
                    "_id": "5c8f96bacece9911f01dd0a6",
                    "description": "Group of all employees with Front-End expertise",
                    "name": "Front-End Pool",
                    "permissions": true,
                    "status": true,
                  },
                  "name": "Holt",
                  "role": Object {
                    "__v": 0,
                    "_id": "5c8f96bbcece9911f01dd0ae",
                    "active": true,
                    "code": "SUPPORT",
                    "description": "An employee with full access to all tickets in the system",
                    "editable": false,
                    "name": "Support",
                    "public": false,
                  },
                  "status": true,
                  "surname": "Aasaf",
                },
              ],
              "page": 1,
              "pages": 4,
              "results": 25,
            }
          }
        />,
      },
      "ref": null,
      "rendered": Object {
        "instance": null,
        "key": undefined,
        "nodeType": "class",
        "props": Object {
          "dispatch": [MockFunction],
          "users": Object {
            "limit": 7,
            "output": Array [
              Object {
                "__v": 0,
                "_id": "5c8f97c5cece9911f01dd561",
                "branch": "5c8f96b9cece9911f01dd0a0",
                "created": "2019-03-18T13:06:13.037Z",
                "email": "admin@company.org",
                "group": Object {
                  "__v": 0,
                  "_id": "5cade7a578f0a97097c972c5",
                  "description": "TEST",
                  "name": "TEST",
                  "permissions": false,
                  "status": false,
                },
                "name": "Admin",
                "password": "$2a$10$mNoHh1swsVyvIu4IILOoCu5E8FKFynxXHEe5G3GpYA8OjCpGcs3l.",
                "role": Object {
                  "__v": 0,
                  "_id": "5c8f96bbcece9911f01dd0ab",
                  "active": true,
                  "code": "ADMIN",
                  "description": "Main System Administrator with full access",
                  "editable": false,
                  "name": "Administrator",
                  "public": false,
                },
                "status": true,
                "surname": "ADMIN",
              },
              Object {
                "__v": 0,
                "_id": "5c8f970dcece9911f01dd223",
                "branch": "5c8f96b9cece9911f01dd0a2",
                "created": "2019-03-18T13:03:09.953Z",
                "email": "haasaf4q@tamu.edu",
                "group": Object {
                  "__v": 0,
                  "_id": "5c8f96bacece9911f01dd0a6",
                  "description": "Group of all employees with Front-End expertise",
                  "name": "Front-End Pool",
                  "permissions": true,
                  "status": true,
                },
                "name": "Holt",
                "role": Object {
                  "__v": 0,
                  "_id": "5c8f96bbcece9911f01dd0ae",
                  "active": true,
                  "code": "SUPPORT",
                  "description": "An employee with full access to all tickets in the system",
                  "editable": false,
                  "name": "Support",
                  "public": false,
                },
                "status": true,
                "surname": "Aasaf",
              },
            ],
            "page": 1,
            "pages": 4,
            "results": 25,
          },
        },
        "ref": null,
        "rendered": null,
        "type": [Function],
      },
      "type": [Function],
    },
    "type": Object {
      "$$typeof": Symbol(react.provider),
      "_context": Object {
        "$$typeof": Symbol(react.context),
        "Consumer": Object {
          "$$typeof": Symbol(react.context),
          "_calculateChangedBits": null,
          "_context": [Circular],
        },
        "Provider": [Circular],
        "_calculateChangedBits": null,
        "_currentRenderer": null,
        "_currentRenderer2": null,
        "_currentValue": null,
        "_currentValue2": null,
        "_threadCount": 0,
      },
    },
  },
  Symbol(enzyme.__nodes__): Array [
    Object {
      "instance": null,
      "key": undefined,
      "nodeType": "function",
      "props": Object {
        "children": <MemoryRouter>
          <WithStyles(withRouter(Connect(WithStyles(withRouter(Users)))))
            dispatch={[MockFunction]}
            users={
              Object {
                "limit": 7,
                "output": Array [
                  Object {
                    "__v": 0,
                    "_id": "5c8f97c5cece9911f01dd561",
                    "branch": "5c8f96b9cece9911f01dd0a0",
                    "created": "2019-03-18T13:06:13.037Z",
                    "email": "admin@company.org",
                    "group": Object {
                      "__v": 0,
                      "_id": "5cade7a578f0a97097c972c5",
                      "description": "TEST",
                      "name": "TEST",
                      "permissions": false,
                      "status": false,
                    },
                    "name": "Admin",
                    "password": "$2a$10$mNoHh1swsVyvIu4IILOoCu5E8FKFynxXHEe5G3GpYA8OjCpGcs3l.",
                    "role": Object {
                      "__v": 0,
                      "_id": "5c8f96bbcece9911f01dd0ab",
                      "active": true,
                      "code": "ADMIN",
                      "description": "Main System Administrator with full access",
                      "editable": false,
                      "name": "Administrator",
                      "public": false,
                    },
                    "status": true,
                    "surname": "ADMIN",
                  },
                  Object {
                    "__v": 0,
                    "_id": "5c8f970dcece9911f01dd223",
                    "branch": "5c8f96b9cece9911f01dd0a2",
                    "created": "2019-03-18T13:03:09.953Z",
                    "email": "haasaf4q@tamu.edu",
                    "group": Object {
                      "__v": 0,
                      "_id": "5c8f96bacece9911f01dd0a6",
                      "description": "Group of all employees with Front-End expertise",
                      "name": "Front-End Pool",
                      "permissions": true,
                      "status": true,
                    },
                    "name": "Holt",
                    "role": Object {
                      "__v": 0,
                      "_id": "5c8f96bbcece9911f01dd0ae",
                      "active": true,
                      "code": "SUPPORT",
                      "description": "An employee with full access to all tickets in the system",
                      "editable": false,
                      "name": "Support",
                      "public": false,
                    },
                    "status": true,
                    "surname": "Aasaf",
                  },
                ],
                "page": 1,
                "pages": 4,
                "results": 25,
              }
            }
          />
        </MemoryRouter>,
        "value": Object {
          "store": Object {
            "clearActions": [Function],
            "dispatch": [Function],
            "getActions": [Function],
            "getState": [Function],
            "replaceReducer": [Function],
            "subscribe": [Function],
          },
          "storeState": Object {},
        },
      },
      "ref": null,
      "rendered": Object {
        "instance": null,
        "key": undefined,
        "nodeType": "class",
        "props": Object {
          "children": <WithStyles(withRouter(Connect(WithStyles(withRouter(Users)))))
            dispatch={[MockFunction]}
            users={
              Object {
                "limit": 7,
                "output": Array [
                  Object {
                    "__v": 0,
                    "_id": "5c8f97c5cece9911f01dd561",
                    "branch": "5c8f96b9cece9911f01dd0a0",
                    "created": "2019-03-18T13:06:13.037Z",
                    "email": "admin@company.org",
                    "group": Object {
                      "__v": 0,
                      "_id": "5cade7a578f0a97097c972c5",
                      "description": "TEST",
                      "name": "TEST",
                      "permissions": false,
                      "status": false,
                    },
                    "name": "Admin",
                    "password": "$2a$10$mNoHh1swsVyvIu4IILOoCu5E8FKFynxXHEe5G3GpYA8OjCpGcs3l.",
                    "role": Object {
                      "__v": 0,
                      "_id": "5c8f96bbcece9911f01dd0ab",
                      "active": true,
                      "code": "ADMIN",
                      "description": "Main System Administrator with full access",
                      "editable": false,
                      "name": "Administrator",
                      "public": false,
                    },
                    "status": true,
                    "surname": "ADMIN",
                  },
                  Object {
                    "__v": 0,
                    "_id": "5c8f970dcece9911f01dd223",
                    "branch": "5c8f96b9cece9911f01dd0a2",
                    "created": "2019-03-18T13:03:09.953Z",
                    "email": "haasaf4q@tamu.edu",
                    "group": Object {
                      "__v": 0,
                      "_id": "5c8f96bacece9911f01dd0a6",
                      "description": "Group of all employees with Front-End expertise",
                      "name": "Front-End Pool",
                      "permissions": true,
                      "status": true,
                    },
                    "name": "Holt",
                    "role": Object {
                      "__v": 0,
                      "_id": "5c8f96bbcece9911f01dd0ae",
                      "active": true,
                      "code": "SUPPORT",
                      "description": "An employee with full access to all tickets in the system",
                      "editable": false,
                      "name": "Support",
                      "public": false,
                    },
                    "status": true,
                    "surname": "Aasaf",
                  },
                ],
                "page": 1,
                "pages": 4,
                "results": 25,
              }
            }
          />,
        },
        "ref": null,
        "rendered": Object {
          "instance": null,
          "key": undefined,
          "nodeType": "class",
          "props": Object {
            "dispatch": [MockFunction],
            "users": Object {
              "limit": 7,
              "output": Array [
                Object {
                  "__v": 0,
                  "_id": "5c8f97c5cece9911f01dd561",
                  "branch": "5c8f96b9cece9911f01dd0a0",
                  "created": "2019-03-18T13:06:13.037Z",
                  "email": "admin@company.org",
                  "group": Object {
                    "__v": 0,
                    "_id": "5cade7a578f0a97097c972c5",
                    "description": "TEST",
                    "name": "TEST",
                    "permissions": false,
                    "status": false,
                  },
                  "name": "Admin",
                  "password": "$2a$10$mNoHh1swsVyvIu4IILOoCu5E8FKFynxXHEe5G3GpYA8OjCpGcs3l.",
                  "role": Object {
                    "__v": 0,
                    "_id": "5c8f96bbcece9911f01dd0ab",
                    "active": true,
                    "code": "ADMIN",
                    "description": "Main System Administrator with full access",
                    "editable": false,
                    "name": "Administrator",
                    "public": false,
                  },
                  "status": true,
                  "surname": "ADMIN",
                },
                Object {
                  "__v": 0,
                  "_id": "5c8f970dcece9911f01dd223",
                  "branch": "5c8f96b9cece9911f01dd0a2",
                  "created": "2019-03-18T13:03:09.953Z",
                  "email": "haasaf4q@tamu.edu",
                  "group": Object {
                    "__v": 0,
                    "_id": "5c8f96bacece9911f01dd0a6",
                    "description": "Group of all employees with Front-End expertise",
                    "name": "Front-End Pool",
                    "permissions": true,
                    "status": true,
                  },
                  "name": "Holt",
                  "role": Object {
                    "__v": 0,
                    "_id": "5c8f96bbcece9911f01dd0ae",
                    "active": true,
                    "code": "SUPPORT",
                    "description": "An employee with full access to all tickets in the system",
                    "editable": false,
                    "name": "Support",
                    "public": false,
                  },
                  "status": true,
                  "surname": "Aasaf",
                },
              ],
              "page": 1,
              "pages": 4,
              "results": 25,
            },
          },
          "ref": null,
          "rendered": null,
          "type": [Function],
        },
        "type": [Function],
      },
      "type": Object {
        "$$typeof": Symbol(react.provider),
        "_context": Object {
          "$$typeof": Symbol(react.context),
          "Consumer": Object {
            "$$typeof": Symbol(react.context),
            "_calculateChangedBits": null,
            "_context": [Circular],
          },
          "Provider": [Circular],
          "_calculateChangedBits": null,
          "_currentRenderer": null,
          "_currentRenderer2": null,
          "_currentValue": null,
          "_currentValue2": null,
          "_threadCount": 0,
        },
      },
    },
  ],
  Symbol(enzyme.__options__): Object {
    "adapter": ReactSixteenAdapter {
      "options": Object {
        "enableComponentDidUpdateOnSetState": true,
        "legacyContextMode": "parent",
        "lifecycles": Object {
          "componentDidUpdate": Object {
            "onSetState": true,
          },
          "getChildContext": Object {
            "calledByRenderer": false,
          },
          "getDerivedStateFromError": true,
          "getDerivedStateFromProps": Object {
            "hasShouldComponentUpdateBug": false,
          },
          "getSnapshotBeforeUpdate": true,
          "setState": Object {
            "skipsComponentDidUpdateOnNullish": true,
          },
        },
      },
    },
    "context": Object {},
  },
  Symbol(enzyme.__childContext__): null,
}
`;
