// Jest Snapshot v1, https://goo.gl/fbAQLP

exports[`Should render Snackbar popup with styles and functions Should match snapshot 1`] = `"<div class=\\"MuiSnackbar-root-473 MuiSnackbar-anchorOriginBottomLeft-479\\"><div class=\\"MuiTypography-root-510 MuiTypography-body1-519 MuiPaper-root-483 MuiPaper-elevation6-491 MuiSnackbarContent-root-480 AlertSnackbar-success-466 WithStyles-AlertSnackbar--success-458\\" role=\\"alertdialog\\" aria-describedby=\\"client-snackbar\\" style=\\"webkit-transform: translate(0, 0); transform: translate(0, 0); webkit-transition: -webkit-transform 225ms cubic-bezier(0.0, 0, 0.2, 1) 0ms; transition: transform 225ms cubic-bezier(0.0, 0, 0.2, 1) 0ms;\\"><div class=\\"MuiSnackbarContent-message-481\\"><span id=\\"client-snackbar\\" class=\\"AlertSnackbar-message-472 WithStyles-AlertSnackbar--message-464\\"><svg class=\\"MuiSvgIcon-root-546 AlertSnackbar-success-466 WithStyles-AlertSnackbar--success-458\\" focusable=\\"false\\" viewBox=\\"0 0 24 24\\" aria-hidden=\\"true\\" role=\\"presentation\\"><path fill=\\"none\\" d=\\"M0 0h24v24H0z\\"></path><path d=\\"M12 2C6.48 2 2 6.48 2 12s4.48 10 10 10 10-4.48 10-10S17.52 2 12 2zm-2 15l-5-5 1.41-1.41L10 14.17l7.59-7.59L19 8l-9 9z\\"></path></svg>&nbsp; &nbsp; TEST MESSAGE</span></div><div class=\\"MuiSnackbarContent-action-482\\"><button class=\\"MuiButtonBase-root-561 MuiIconButton-root-555 MuiIconButton-colorInherit-556 AlertSnackbar-close-465 WithStyles-AlertSnackbar--close-457\\" tabindex=\\"0\\" type=\\"button\\" aria-label=\\"Close\\"><span class=\\"MuiIconButton-label-560\\"><svg class=\\"MuiSvgIcon-root-546 AlertSnackbar-icon-470 WithStyles-AlertSnackbar--icon-462\\" focusable=\\"false\\" viewBox=\\"0 0 24 24\\" aria-hidden=\\"true\\" role=\\"presentation\\"><path d=\\"M19 6.41L17.59 5 12 10.59 6.41 5 5 6.41 10.59 12 5 17.59 6.41 19 12 13.41 17.59 19 19 17.59 13.41 12z\\"></path><path fill=\\"none\\" d=\\"M0 0h24v24H0z\\"></path></svg></span><span class=\\"MuiTouchRipple-root-564\\"></span></button></div></div></div>"`;
