// Jest Snapshot v1, https://goo.gl/fbAQLP

exports[`Groups container Should render groups container with fields and styles 1`] = `"<div class=\\"MuiPaper-root-59 MuiPaper-elevation2-63 MuiPaper-rounded-60 withRouter-GroupsContainer--root-30 withRouter-Connect-WithStyles-withRouter-GroupsContainer-----root-1\\"><table class=\\"MuiTable-root-86 withRouter-GroupsContainer--tables-38 withRouter-Connect-WithStyles-withRouter-GroupsContainer-----tables-9\\"><thead class=\\"MuiTableHead-root-87\\"><tr class=\\"MuiTableRow-root-88 MuiTableRow-head-91\\"><th class=\\"MuiTableCell-root-93 MuiTableCell-head-94 withRouter-GroupsContainer--groupNameCell-46 withRouter-Connect-WithStyles-withRouter-GroupsContainer-----groupNameCell-17\\" scope=\\"col\\"><h3>Name</h3></th><th class=\\"MuiTableCell-root-93 MuiTableCell-head-94 MuiTableCell-alignCenter-102 withRouter-GroupsContainer--groupStatusCell-47 withRouter-Connect-WithStyles-withRouter-GroupsContainer-----groupStatusCell-18\\" scope=\\"col\\"><h3>Status</h3></th><th class=\\"MuiTableCell-root-93 MuiTableCell-head-94 MuiTableCell-alignCenter-102 withRouter-GroupsContainer--groupDesktopCell-48 withRouter-Connect-WithStyles-withRouter-GroupsContainer-----groupDesktopCell-19\\" scope=\\"col\\"></th><th class=\\"MuiTableCell-root-93 MuiTableCell-head-94 MuiTableCell-alignCenter-102 withRouter-GroupsContainer--groupDesktopCell-48 withRouter-Connect-WithStyles-withRouter-GroupsContainer-----groupDesktopCell-19\\" scope=\\"col\\"></th></tr></thead><tbody class=\\"MuiTableBody-root-105\\"><tr class=\\"MuiTableRow-root-88 withRouter-GroupsContainer--groupRowClass-45 withRouter-Connect-WithStyles-withRouter-GroupsContainer-----groupRowClass-16\\"><th class=\\"MuiTableCell-root-93 MuiTableCell-body-95 withRouter-GroupsContainer--groupNameCell-46 withRouter-Connect-WithStyles-withRouter-GroupsContainer-----groupNameCell-17\\" scope=\\"row\\"><button class=\\"MuiTypography-root-111 MuiTypography-body2-119 MuiTypography-colorPrimary-141 MuiTypography-inline-146 MuiLink-root-106 MuiLink-button-110 MuiLink-underlineHover-108\\">Front-End Pool</button></th><td class=\\"MuiTableCell-root-93 MuiTableCell-body-95 MuiTableCell-alignCenter-102 withRouter-GroupsContainer--groupStatusCell-47 withRouter-Connect-WithStyles-withRouter-GroupsContainer-----groupStatusCell-18\\"><strong>Active</strong></td><td class=\\"MuiTableCell-root-93 MuiTableCell-body-95 MuiTableCell-alignCenter-102 withRouter-GroupsContainer--groupDesktopCell-48 withRouter-Connect-WithStyles-withRouter-GroupsContainer-----groupDesktopCell-19\\"><button class=\\"MuiButtonBase-root-173 MuiButton-root-147 MuiButton-text-149 MuiButton-textSecondary-151 MuiButton-flat-152 MuiButton-flatSecondary-154 MuiButton-sizeSmall-170\\" tabindex=\\"0\\" type=\\"button\\"><span class=\\"MuiButton-label-148\\">Disable</span><span class=\\"MuiTouchRipple-root-192\\"></span></button></td><td class=\\"MuiTableCell-root-93 MuiTableCell-body-95 MuiTableCell-alignCenter-102 withRouter-GroupsContainer--groupDesktopCell-48 withRouter-Connect-WithStyles-withRouter-GroupsContainer-----groupDesktopCell-19\\"><button class=\\"MuiButtonBase-root-173 MuiButton-root-147 MuiButton-contained-158 MuiButton-containedSecondary-160 MuiButton-raised-161 MuiButton-raisedSecondary-163 MuiButton-sizeSmall-170\\" tabindex=\\"0\\" type=\\"button\\"><span class=\\"MuiButton-label-148\\">DELETE</span><span class=\\"MuiTouchRipple-root-192\\"></span></button></td></tr><tr class=\\"MuiTableRow-root-88 withRouter-GroupsContainer--groupRowClass-45 withRouter-Connect-WithStyles-withRouter-GroupsContainer-----groupRowClass-16\\"><th class=\\"MuiTableCell-root-93 MuiTableCell-body-95 withRouter-GroupsContainer--groupNameCell-46 withRouter-Connect-WithStyles-withRouter-GroupsContainer-----groupNameCell-17\\" scope=\\"row\\"><button class=\\"MuiTypography-root-111 MuiTypography-body2-119 MuiTypography-colorPrimary-141 MuiTypography-inline-146 MuiLink-root-106 MuiLink-button-110 MuiLink-underlineHover-108\\">Back-End Pool</button></th><td class=\\"MuiTableCell-root-93 MuiTableCell-body-95 MuiTableCell-alignCenter-102 withRouter-GroupsContainer--groupStatusCell-47 withRouter-Connect-WithStyles-withRouter-GroupsContainer-----groupStatusCell-18\\"><strong>Disabled</strong></td><td class=\\"MuiTableCell-root-93 MuiTableCell-body-95 MuiTableCell-alignCenter-102 withRouter-GroupsContainer--groupDesktopCell-48 withRouter-Connect-WithStyles-withRouter-GroupsContainer-----groupDesktopCell-19\\"><button class=\\"MuiButtonBase-root-173 MuiButton-root-147 MuiButton-text-149 MuiButton-textPrimary-150 MuiButton-flat-152 MuiButton-flatPrimary-153 MuiButton-sizeSmall-170\\" tabindex=\\"0\\" type=\\"button\\"><span class=\\"MuiButton-label-148\\">Activate</span><span class=\\"MuiTouchRipple-root-192\\"></span></button></td><td class=\\"MuiTableCell-root-93 MuiTableCell-body-95 MuiTableCell-alignCenter-102 withRouter-GroupsContainer--groupDesktopCell-48 withRouter-Connect-WithStyles-withRouter-GroupsContainer-----groupDesktopCell-19\\"><button class=\\"MuiButtonBase-root-173 MuiButton-root-147 MuiButton-contained-158 MuiButton-containedSecondary-160 MuiButton-raised-161 MuiButton-raisedSecondary-163 MuiButton-sizeSmall-170\\" tabindex=\\"0\\" type=\\"button\\"><span class=\\"MuiButton-label-148\\">DELETE</span><span class=\\"MuiTouchRipple-root-192\\"></span></button></td></tr><tr class=\\"MuiTableRow-root-88 withRouter-GroupsContainer--groupRowClass-45 withRouter-Connect-WithStyles-withRouter-GroupsContainer-----groupRowClass-16\\"><th class=\\"MuiTableCell-root-93 MuiTableCell-body-95 withRouter-GroupsContainer--groupNameCell-46 withRouter-Connect-WithStyles-withRouter-GroupsContainer-----groupNameCell-17\\" scope=\\"row\\"><button class=\\"MuiTypography-root-111 MuiTypography-body2-119 MuiTypography-colorPrimary-141 MuiTypography-inline-146 MuiLink-root-106 MuiLink-button-110 MuiLink-underlineHover-108\\">TEST</button></th><td class=\\"MuiTableCell-root-93 MuiTableCell-body-95 MuiTableCell-alignCenter-102 withRouter-GroupsContainer--groupStatusCell-47 withRouter-Connect-WithStyles-withRouter-GroupsContainer-----groupStatusCell-18\\"><strong>Disabled</strong></td><td class=\\"MuiTableCell-root-93 MuiTableCell-body-95 MuiTableCell-alignCenter-102 withRouter-GroupsContainer--groupDesktopCell-48 withRouter-Connect-WithStyles-withRouter-GroupsContainer-----groupDesktopCell-19\\"><button class=\\"MuiButtonBase-root-173 MuiButton-root-147 MuiButton-text-149 MuiButton-textPrimary-150 MuiButton-flat-152 MuiButton-flatPrimary-153 MuiButton-sizeSmall-170\\" tabindex=\\"0\\" type=\\"button\\"><span class=\\"MuiButton-label-148\\">Activate</span><span class=\\"MuiTouchRipple-root-192\\"></span></button></td><td class=\\"MuiTableCell-root-93 MuiTableCell-body-95 MuiTableCell-alignCenter-102 withRouter-GroupsContainer--groupDesktopCell-48 withRouter-Connect-WithStyles-withRouter-GroupsContainer-----groupDesktopCell-19\\"><button class=\\"MuiButtonBase-root-173 MuiButton-root-147 MuiButton-contained-158 MuiButton-containedSecondary-160 MuiButton-raised-161 MuiButton-raisedSecondary-163 MuiButton-sizeSmall-170\\" tabindex=\\"0\\" type=\\"button\\"><span class=\\"MuiButton-label-148\\">DELETE</span><span class=\\"MuiTouchRipple-root-192\\"></span></button></td></tr></tbody></table><div></div></div>"`;
