// Jest Snapshot v1, https://goo.gl/fbAQLP

exports[`Users container Should render HOC with styles properly 1`] = `"<div class=\\"MuiPaper-root-53 MuiPaper-elevation2-57 MuiPaper-rounded-54 withRouter-UsersContainer--root-27 withRouter-Connect-WithStyles-withRouter-UsersContainer-----root-1\\"><table class=\\"MuiTable-root-80 withRouter-UsersContainer--tables-33 withRouter-Connect-WithStyles-withRouter-UsersContainer-----tables-7\\"><thead class=\\"MuiTableHead-root-81\\"><tr class=\\"MuiTableRow-root-82 MuiTableRow-head-85\\"><th class=\\"MuiTableCell-root-87 MuiTableCell-head-88 withRouter-UsersContainer--userNameCell-45 withRouter-Connect-WithStyles-withRouter-UsersContainer-----userNameCell-19\\" scope=\\"col\\"><h3>Name</h3></th><th class=\\"MuiTableCell-root-87 MuiTableCell-head-88 MuiTableCell-alignCenter-96 withRouter-UsersContainer--userEmailCell-46 withRouter-Connect-WithStyles-withRouter-UsersContainer-----userEmailCell-20\\" scope=\\"col\\"><h3>Email</h3></th><th class=\\"MuiTableCell-root-87 MuiTableCell-head-88 MuiTableCell-alignCenter-96 withRouter-UsersContainer--userStatusCell-47 withRouter-Connect-WithStyles-withRouter-UsersContainer-----userStatusCell-21\\" scope=\\"col\\"><h3>Status</h3></th><th class=\\"MuiTableCell-root-87 MuiTableCell-head-88 MuiTableCell-alignCenter-96 withRouter-UsersContainer--userControlCell-48 withRouter-Connect-WithStyles-withRouter-UsersContainer-----userControlCell-22\\" scope=\\"col\\"><h3>Deactivate</h3></th></tr></thead><tbody class=\\"MuiTableBody-root-99\\"><tr class=\\"MuiTableRow-root-82\\"><th class=\\"MuiTableCell-root-87 MuiTableCell-body-89 withRouter-UsersContainer--userNameCell-45 withRouter-Connect-WithStyles-withRouter-UsersContainer-----userNameCell-19\\" scope=\\"row\\"><button class=\\"MuiTypography-root-105 MuiTypography-body2-113 MuiTypography-colorPrimary-135 MuiTypography-inline-140 MuiLink-root-100 MuiLink-button-104 MuiLink-underlineHover-102\\">Admin ADMIN</button></th><td class=\\"MuiTableCell-root-87 MuiTableCell-body-89 MuiTableCell-alignCenter-96 withRouter-UsersContainer--userEmailCell-46 withRouter-Connect-WithStyles-withRouter-UsersContainer-----userEmailCell-20\\">admin@company.org</td><td class=\\"MuiTableCell-root-87 MuiTableCell-body-89 MuiTableCell-alignCenter-96 withRouter-UsersContainer--userStatusCell-47 withRouter-Connect-WithStyles-withRouter-UsersContainer-----userStatusCell-21\\"><strong>Active</strong></td><td class=\\"MuiTableCell-root-87 MuiTableCell-body-89 MuiTableCell-alignCenter-96 withRouter-UsersContainer--userControlCell-48 withRouter-Connect-WithStyles-withRouter-UsersContainer-----userControlCell-22\\"><span class=\\"MuiButtonBase-root-157 MuiIconButton-root-151 MuiPrivateSwitchBase-root-147 MuiCheckbox-root-141 MuiCheckbox-colorPrimary-145 MuiPrivateSwitchBase-checked-148 MuiCheckbox-checked-142\\" style=\\"height: 16px;\\"><span class=\\"MuiIconButton-label-156\\"><svg class=\\"MuiSvgIcon-root-160\\" focusable=\\"false\\" viewBox=\\"0 0 24 24\\" aria-hidden=\\"true\\" role=\\"presentation\\"><path d=\\"M19 3H5c-1.11 0-2 .9-2 2v14c0 1.1.89 2 2 2h14c1.11 0 2-.9 2-2V5c0-1.1-.89-2-2-2zm-9 14l-5-5 1.41-1.41L10 14.17l7.59-7.59L19 8l-9 9z\\"></path></svg><input class=\\"MuiPrivateSwitchBase-input-150\\" type=\\"checkbox\\" data-indeterminate=\\"false\\" value=\\"\\" checked=\\"\\"></span><span class=\\"MuiTouchRipple-root-169\\"></span></span></td></tr><tr class=\\"MuiTableRow-root-82\\"><th class=\\"MuiTableCell-root-87 MuiTableCell-body-89 withRouter-UsersContainer--userNameCell-45 withRouter-Connect-WithStyles-withRouter-UsersContainer-----userNameCell-19\\" scope=\\"row\\"><button class=\\"MuiTypography-root-105 MuiTypography-body2-113 MuiTypography-colorPrimary-135 MuiTypography-inline-140 MuiLink-root-100 MuiLink-button-104 MuiLink-underlineHover-102\\">Holt Aasaf</button></th><td class=\\"MuiTableCell-root-87 MuiTableCell-body-89 MuiTableCell-alignCenter-96 withRouter-UsersContainer--userEmailCell-46 withRouter-Connect-WithStyles-withRouter-UsersContainer-----userEmailCell-20\\">haasaf4q@tamu.edu</td><td class=\\"MuiTableCell-root-87 MuiTableCell-body-89 MuiTableCell-alignCenter-96 withRouter-UsersContainer--userStatusCell-47 withRouter-Connect-WithStyles-withRouter-UsersContainer-----userStatusCell-21\\"><strong>Active</strong></td><td class=\\"MuiTableCell-root-87 MuiTableCell-body-89 MuiTableCell-alignCenter-96 withRouter-UsersContainer--userControlCell-48 withRouter-Connect-WithStyles-withRouter-UsersContainer-----userControlCell-22\\"><span class=\\"MuiButtonBase-root-157 MuiIconButton-root-151 MuiPrivateSwitchBase-root-147 MuiCheckbox-root-141 MuiCheckbox-colorPrimary-145 MuiPrivateSwitchBase-checked-148 MuiCheckbox-checked-142\\" style=\\"height: 16px;\\"><span class=\\"MuiIconButton-label-156\\"><svg class=\\"MuiSvgIcon-root-160\\" focusable=\\"false\\" viewBox=\\"0 0 24 24\\" aria-hidden=\\"true\\" role=\\"presentation\\"><path d=\\"M19 3H5c-1.11 0-2 .9-2 2v14c0 1.1.89 2 2 2h14c1.11 0 2-.9 2-2V5c0-1.1-.89-2-2-2zm-9 14l-5-5 1.41-1.41L10 14.17l7.59-7.59L19 8l-9 9z\\"></path></svg><input class=\\"MuiPrivateSwitchBase-input-150\\" type=\\"checkbox\\" data-indeterminate=\\"false\\" value=\\"\\" checked=\\"\\"></span><span class=\\"MuiTouchRipple-root-169\\"></span></span></td></tr></tbody></table></div>"`;
