// Jest Snapshot v1, https://goo.gl/fbAQLP

exports[`TICKETS reducers CONFIRM NOTIFICATION 1`] = `
Object {
  "confirmed": true,
}
`;
