// Jest Snapshot v1, https://goo.gl/fbAQLP

exports[`AppBar container Should render AppBar container with fields and styles 1`] = `"<header class=\\"MuiPaper-root-38 MuiPaper-elevation4-44 MuiAppBar-root-29 MuiAppBar-positionFixed-30 MuiAppBar-colorPrimary-36 mui-fixed withRouter-AppBarContainer--appBar-18 withRouter-Connect-WithStyles-withRouter-AppBarContainer-----appBar-4\\"><div class=\\"MuiToolbar-root-65 MuiToolbar-regular-67 MuiToolbar-gutters-66 withRouter-AppBarContainer--toolbar-20 withRouter-Connect-WithStyles-withRouter-AppBarContainer-----toolbar-6\\"><button class=\\"MuiButtonBase-root-75 MuiIconButton-root-69 MuiIconButton-colorInherit-70 withRouter-AppBarContainer--menuButton-19 withRouter-Connect-WithStyles-withRouter-AppBarContainer-----menuButton-5\\" tabindex=\\"0\\" type=\\"button\\" aria-label=\\"Open drawer\\"><span class=\\"MuiIconButton-label-74\\"><svg class=\\"MuiSvgIcon-root-78\\" focusable=\\"false\\" viewBox=\\"0 0 24 24\\" aria-hidden=\\"true\\" role=\\"presentation\\"><path fill=\\"none\\" d=\\"M0 0h24v24H0z\\"></path><path d=\\"M3 18h18v-2H3v2zm0-5h18v-2H3v2zm0-7v2h18V6H3z\\"></path></svg></span><span class=\\"MuiTouchRipple-root-132\\"></span></button><div></div><h6 class=\\"MuiTypography-root-87 MuiTypography-h6-104 MuiTypography-colorInherit-116 MuiTypography-noWrap-113 withRouter-AppBarContainer--toolbarUserName-21 withRouter-Connect-WithStyles-withRouter-AppBarContainer-----toolbarUserName-7\\">&nbsp;<button class=\\"MuiButtonBase-root-75 MuiIconButton-root-69\\" tabindex=\\"0\\" type=\\"button\\" style=\\"text-transform: none; color: white;\\" aria-label=\\"Delete\\"><span class=\\"MuiIconButton-label-74\\"><span class=\\"material-icons MuiIcon-root-123\\" aria-hidden=\\"true\\">exit_to_app</span></span><span class=\\"MuiTouchRipple-root-132\\"></span></button></h6></div></header>"`;
