// Jest Snapshot v1, https://goo.gl/fbAQLP

exports[`Roles container Should render roles container with fields and styles 1`] = `"<div class=\\"MuiPaper-root-53 MuiPaper-elevation2-57 MuiPaper-rounded-54 withRouter-RolesContainer--root-27 withRouter-Connect-WithStyles-withRouter-RolesContainer-----root-1\\"><table class=\\"MuiTable-root-80 withRouter-RolesContainer--tables-33 withRouter-Connect-WithStyles-withRouter-RolesContainer-----tables-7\\"><thead class=\\"MuiTableHead-root-81\\"><tr class=\\"MuiTableRow-root-82 MuiTableRow-head-85\\"><th class=\\"MuiTableCell-root-87 MuiTableCell-head-88 withRouter-RolesContainer--groupNameCell-41 withRouter-Connect-WithStyles-withRouter-RolesContainer-----groupNameCell-15\\" scope=\\"col\\"><h3>Name</h3></th><th class=\\"MuiTableCell-root-87 MuiTableCell-head-88 MuiTableCell-alignCenter-96 withRouter-RolesContainer--groupStatusCell-42 withRouter-Connect-WithStyles-withRouter-RolesContainer-----groupStatusCell-16\\" scope=\\"col\\"><h3>Status</h3></th><th class=\\"MuiTableCell-root-87 MuiTableCell-head-88 MuiTableCell-alignCenter-96 withRouter-RolesContainer--groupDesktopCell-43 withRouter-Connect-WithStyles-withRouter-RolesContainer-----groupDesktopCell-17\\" scope=\\"col\\"></th><th class=\\"MuiTableCell-root-87 MuiTableCell-head-88 MuiTableCell-alignCenter-96 withRouter-RolesContainer--groupDesktopCell-43 withRouter-Connect-WithStyles-withRouter-RolesContainer-----groupDesktopCell-17\\" scope=\\"col\\"></th></tr></thead><tbody class=\\"MuiTableBody-root-99\\"><tr class=\\"MuiTableRow-root-82 withRouter-RolesContainer--groupRowClass-40 withRouter-Connect-WithStyles-withRouter-RolesContainer-----groupRowClass-14\\"><th class=\\"MuiTableCell-root-87 MuiTableCell-body-89 withRouter-RolesContainer--groupNameCell-41 withRouter-Connect-WithStyles-withRouter-RolesContainer-----groupNameCell-15\\" scope=\\"row\\"><button class=\\"MuiTypography-root-105 MuiTypography-body2-113 MuiTypography-colorPrimary-135 MuiTypography-inline-140 MuiLink-root-100 MuiLink-button-104 MuiLink-underlineHover-102\\">Administrator</button></th><td class=\\"MuiTableCell-root-87 MuiTableCell-body-89 MuiTableCell-alignCenter-96 withRouter-RolesContainer--groupStatusCell-42 withRouter-Connect-WithStyles-withRouter-RolesContainer-----groupStatusCell-16\\"><strong>Active</strong></td><td class=\\"MuiTableCell-root-87 MuiTableCell-body-89 MuiTableCell-alignCenter-96 withRouter-RolesContainer--groupDesktopCell-43 withRouter-Connect-WithStyles-withRouter-RolesContainer-----groupDesktopCell-17\\"><button class=\\"MuiButtonBase-root-167 MuiButtonBase-disabled-168 MuiButton-root-141 MuiButton-text-143 MuiButton-textSecondary-145 MuiButton-flat-146 MuiButton-flatSecondary-148 MuiButton-sizeSmall-164 MuiButton-disabled-161\\" tabindex=\\"-1\\" type=\\"button\\" disabled=\\"\\"><span class=\\"MuiButton-label-142\\">Disable</span></button></td><td class=\\"MuiTableCell-root-87 MuiTableCell-body-89 MuiTableCell-alignCenter-96 withRouter-RolesContainer--groupDesktopCell-43 withRouter-Connect-WithStyles-withRouter-RolesContainer-----groupDesktopCell-17\\"><button class=\\"MuiButtonBase-root-167 MuiButtonBase-disabled-168 MuiButton-root-141 MuiButton-contained-152 MuiButton-containedSecondary-154 MuiButton-raised-155 MuiButton-raisedSecondary-157 MuiButton-sizeSmall-164 MuiButton-disabled-161\\" tabindex=\\"-1\\" type=\\"button\\" disabled=\\"\\"><span class=\\"MuiButton-label-142\\">Delete</span></button></td></tr><tr class=\\"MuiTableRow-root-82 withRouter-RolesContainer--groupRowClass-40 withRouter-Connect-WithStyles-withRouter-RolesContainer-----groupRowClass-14\\"><th class=\\"MuiTableCell-root-87 MuiTableCell-body-89 withRouter-RolesContainer--groupNameCell-41 withRouter-Connect-WithStyles-withRouter-RolesContainer-----groupNameCell-15\\" scope=\\"row\\"><button class=\\"MuiTypography-root-105 MuiTypography-body2-113 MuiTypography-colorPrimary-135 MuiTypography-inline-140 MuiLink-root-100 MuiLink-button-104 MuiLink-underlineHover-102\\">Branch Administrator</button></th><td class=\\"MuiTableCell-root-87 MuiTableCell-body-89 MuiTableCell-alignCenter-96 withRouter-RolesContainer--groupStatusCell-42 withRouter-Connect-WithStyles-withRouter-RolesContainer-----groupStatusCell-16\\"><strong>Active</strong></td><td class=\\"MuiTableCell-root-87 MuiTableCell-body-89 MuiTableCell-alignCenter-96 withRouter-RolesContainer--groupDesktopCell-43 withRouter-Connect-WithStyles-withRouter-RolesContainer-----groupDesktopCell-17\\"><button class=\\"MuiButtonBase-root-167 MuiButton-root-141 MuiButton-text-143 MuiButton-textSecondary-145 MuiButton-flat-146 MuiButton-flatSecondary-148 MuiButton-sizeSmall-164\\" tabindex=\\"0\\" type=\\"button\\"><span class=\\"MuiButton-label-142\\">Disable</span><span class=\\"MuiTouchRipple-root-186\\"></span></button></td><td class=\\"MuiTableCell-root-87 MuiTableCell-body-89 MuiTableCell-alignCenter-96 withRouter-RolesContainer--groupDesktopCell-43 withRouter-Connect-WithStyles-withRouter-RolesContainer-----groupDesktopCell-17\\"><button class=\\"MuiButtonBase-root-167 MuiButtonBase-disabled-168 MuiButton-root-141 MuiButton-contained-152 MuiButton-containedSecondary-154 MuiButton-raised-155 MuiButton-raisedSecondary-157 MuiButton-sizeSmall-164 MuiButton-disabled-161\\" tabindex=\\"-1\\" type=\\"button\\" disabled=\\"\\"><span class=\\"MuiButton-label-142\\">Delete</span></button></td></tr><tr class=\\"MuiTableRow-root-82 withRouter-RolesContainer--groupRowClass-40 withRouter-Connect-WithStyles-withRouter-RolesContainer-----groupRowClass-14\\"><th class=\\"MuiTableCell-root-87 MuiTableCell-body-89 withRouter-RolesContainer--groupNameCell-41 withRouter-Connect-WithStyles-withRouter-RolesContainer-----groupNameCell-15\\" scope=\\"row\\"><button class=\\"MuiTypography-root-105 MuiTypography-body2-113 MuiTypography-colorPrimary-135 MuiTypography-inline-140 MuiLink-root-100 MuiLink-button-104 MuiLink-underlineHover-102\\">User</button></th><td class=\\"MuiTableCell-root-87 MuiTableCell-body-89 MuiTableCell-alignCenter-96 withRouter-RolesContainer--groupStatusCell-42 withRouter-Connect-WithStyles-withRouter-RolesContainer-----groupStatusCell-16\\"><strong>Active</strong></td><td class=\\"MuiTableCell-root-87 MuiTableCell-body-89 MuiTableCell-alignCenter-96 withRouter-RolesContainer--groupDesktopCell-43 withRouter-Connect-WithStyles-withRouter-RolesContainer-----groupDesktopCell-17\\"><button class=\\"MuiButtonBase-root-167 MuiButtonBase-disabled-168 MuiButton-root-141 MuiButton-text-143 MuiButton-textSecondary-145 MuiButton-flat-146 MuiButton-flatSecondary-148 MuiButton-sizeSmall-164 MuiButton-disabled-161\\" tabindex=\\"-1\\" type=\\"button\\" disabled=\\"\\"><span class=\\"MuiButton-label-142\\">Disable</span></button></td><td class=\\"MuiTableCell-root-87 MuiTableCell-body-89 MuiTableCell-alignCenter-96 withRouter-RolesContainer--groupDesktopCell-43 withRouter-Connect-WithStyles-withRouter-RolesContainer-----groupDesktopCell-17\\"><button class=\\"MuiButtonBase-root-167 MuiButtonBase-disabled-168 MuiButton-root-141 MuiButton-contained-152 MuiButton-containedSecondary-154 MuiButton-raised-155 MuiButton-raisedSecondary-157 MuiButton-sizeSmall-164 MuiButton-disabled-161\\" tabindex=\\"-1\\" type=\\"button\\" disabled=\\"\\"><span class=\\"MuiButton-label-142\\">Delete</span></button></td></tr></tbody></table><div></div></div>"`;
