// Jest Snapshot v1, https://goo.gl/fbAQLP

exports[`Branches container Should render branches container with fields and styles 1`] = `"<div class=\\"MuiPaper-root-53 MuiPaper-elevation2-57 MuiPaper-rounded-54 withRouter-BranchesContainer--root-27 withRouter-Connect-WithStyles-withRouter-BranchesContainer-----root-1\\"><table class=\\"MuiTable-root-80 withRouter-BranchesContainer--tables-33 withRouter-Connect-WithStyles-withRouter-BranchesContainer-----tables-7\\"><thead class=\\"MuiTableHead-root-81\\"><tr class=\\"MuiTableRow-root-82 MuiTableRow-head-85\\"><th class=\\"MuiTableCell-root-87 MuiTableCell-head-88 withRouter-BranchesContainer--branchNameCell-36 withRouter-Connect-WithStyles-withRouter-BranchesContainer-----branchNameCell-10\\" scope=\\"col\\"><h3>Name</h3></th><th class=\\"MuiTableCell-root-87 MuiTableCell-head-88 MuiTableCell-alignCenter-96 withRouter-BranchesContainer--branchAddressCell-37 withRouter-Connect-WithStyles-withRouter-BranchesContainer-----branchAddressCell-11\\" scope=\\"col\\"><h3>Address</h3></th><th class=\\"MuiTableCell-root-87 MuiTableCell-head-88 MuiTableCell-alignCenter-96 withRouter-BranchesContainer--branchEmployeesCell-38 withRouter-Connect-WithStyles-withRouter-BranchesContainer-----branchEmployeesCell-12\\" scope=\\"col\\"><h3>Employees</h3></th><th class=\\"MuiTableCell-root-87 MuiTableCell-head-88 MuiTableCell-alignCenter-96 withRouter-BranchesContainer--tableCell-34 withRouter-Connect-WithStyles-withRouter-BranchesContainer-----tableCell-8\\" scope=\\"col\\"><h3>Status</h3></th></tr></thead><tbody class=\\"MuiTableBody-root-99\\"><tr class=\\"MuiTableRow-root-82 withRouter-BranchesContainer--branchRowClass-35 withRouter-Connect-WithStyles-withRouter-BranchesContainer-----branchRowClass-9\\" style=\\"opacity: 1; webkit-transition: opacity 225ms cubic-bezier(0.4, 0, 0.2, 1) 0ms; transition: opacity 225ms cubic-bezier(0.4, 0, 0.2, 1) 0ms;\\"><th class=\\"MuiTableCell-root-87 MuiTableCell-body-89 withRouter-BranchesContainer--branchNameCell-36 withRouter-Connect-WithStyles-withRouter-BranchesContainer-----branchNameCell-10\\" scope=\\"row\\">San Mart√≠n de los Andes</th><td class=\\"MuiTableCell-root-87 MuiTableCell-body-89 MuiTableCell-alignCenter-96 withRouter-BranchesContainer--branchAddressCell-37 withRouter-Connect-WithStyles-withRouter-BranchesContainer-----branchAddressCell-11\\">938 Barby Way</td><td class=\\"MuiTableCell-root-87 MuiTableCell-body-89 MuiTableCell-alignCenter-96 withRouter-BranchesContainer--branchEmployeesCell-38 withRouter-Connect-WithStyles-withRouter-BranchesContainer-----branchEmployeesCell-12\\"><div class=\\"MuiCircularProgress-root-100 MuiCircularProgress-colorPrimary-103 MuiCircularProgress-indeterminate-102\\" style=\\"width: 12px; height: 12px;\\" role=\\"progressbar\\"><svg class=\\"MuiCircularProgress-svg-105\\" viewBox=\\"22 22 44 44\\"><circle class=\\"MuiCircularProgress-circle-106 MuiCircularProgress-circleIndeterminate-108\\" cx=\\"44\\" cy=\\"44\\" r=\\"20.2\\" fill=\\"none\\" stroke-width=\\"3.6\\"></circle></svg></div></td><td class=\\"MuiTableCell-root-87 MuiTableCell-body-89 MuiTableCell-alignCenter-96 withRouter-BranchesContainer--tableCell-34 withRouter-Connect-WithStyles-withRouter-BranchesContainer-----tableCell-8\\"><strong>Active</strong></td></tr><tr class=\\"MuiTableRow-root-82 withRouter-BranchesContainer--branchRowClass-35 withRouter-Connect-WithStyles-withRouter-BranchesContainer-----branchRowClass-9\\" style=\\"opacity: 1; webkit-transition: opacity 225ms cubic-bezier(0.4, 0, 0.2, 1) 0ms; transition: opacity 225ms cubic-bezier(0.4, 0, 0.2, 1) 0ms;\\"><th class=\\"MuiTableCell-root-87 MuiTableCell-body-89 withRouter-BranchesContainer--branchNameCell-36 withRouter-Connect-WithStyles-withRouter-BranchesContainer-----branchNameCell-10\\" scope=\\"row\\">Dingzhai</th><td class=\\"MuiTableCell-root-87 MuiTableCell-body-89 MuiTableCell-alignCenter-96 withRouter-BranchesContainer--branchAddressCell-37 withRouter-Connect-WithStyles-withRouter-BranchesContainer-----branchAddressCell-11\\">903 Dottie Street</td><td class=\\"MuiTableCell-root-87 MuiTableCell-body-89 MuiTableCell-alignCenter-96 withRouter-BranchesContainer--branchEmployeesCell-38 withRouter-Connect-WithStyles-withRouter-BranchesContainer-----branchEmployeesCell-12\\"><div class=\\"MuiCircularProgress-root-100 MuiCircularProgress-colorPrimary-103 MuiCircularProgress-indeterminate-102\\" style=\\"width: 12px; height: 12px;\\" role=\\"progressbar\\"><svg class=\\"MuiCircularProgress-svg-105\\" viewBox=\\"22 22 44 44\\"><circle class=\\"MuiCircularProgress-circle-106 MuiCircularProgress-circleIndeterminate-108\\" cx=\\"44\\" cy=\\"44\\" r=\\"20.2\\" fill=\\"none\\" stroke-width=\\"3.6\\"></circle></svg></div></td><td class=\\"MuiTableCell-root-87 MuiTableCell-body-89 MuiTableCell-alignCenter-96 withRouter-BranchesContainer--tableCell-34 withRouter-Connect-WithStyles-withRouter-BranchesContainer-----tableCell-8\\"><strong>Active</strong></td></tr><tr class=\\"MuiTableRow-root-82 withRouter-BranchesContainer--branchRowClass-35 withRouter-Connect-WithStyles-withRouter-BranchesContainer-----branchRowClass-9\\" style=\\"opacity: 1; webkit-transition: opacity 225ms cubic-bezier(0.4, 0, 0.2, 1) 0ms; transition: opacity 225ms cubic-bezier(0.4, 0, 0.2, 1) 0ms;\\"><th class=\\"MuiTableCell-root-87 MuiTableCell-body-89 withRouter-BranchesContainer--branchNameCell-36 withRouter-Connect-WithStyles-withRouter-BranchesContainer-----branchNameCell-10\\" scope=\\"row\\">Cantao-an</th><td class=\\"MuiTableCell-root-87 MuiTableCell-body-89 MuiTableCell-alignCenter-96 withRouter-BranchesContainer--branchAddressCell-37 withRouter-Connect-WithStyles-withRouter-BranchesContainer-----branchAddressCell-11\\">7827 Luster Point</td><td class=\\"MuiTableCell-root-87 MuiTableCell-body-89 MuiTableCell-alignCenter-96 withRouter-BranchesContainer--branchEmployeesCell-38 withRouter-Connect-WithStyles-withRouter-BranchesContainer-----branchEmployeesCell-12\\"><div class=\\"MuiCircularProgress-root-100 MuiCircularProgress-colorPrimary-103 MuiCircularProgress-indeterminate-102\\" style=\\"width: 12px; height: 12px;\\" role=\\"progressbar\\"><svg class=\\"MuiCircularProgress-svg-105\\" viewBox=\\"22 22 44 44\\"><circle class=\\"MuiCircularProgress-circle-106 MuiCircularProgress-circleIndeterminate-108\\" cx=\\"44\\" cy=\\"44\\" r=\\"20.2\\" fill=\\"none\\" stroke-width=\\"3.6\\"></circle></svg></div></td><td class=\\"MuiTableCell-root-87 MuiTableCell-body-89 MuiTableCell-alignCenter-96 withRouter-BranchesContainer--tableCell-34 withRouter-Connect-WithStyles-withRouter-BranchesContainer-----tableCell-8\\"><strong>Disabled</strong></td></tr></tbody></table></div>"`;
