// Jest Snapshot v1, https://goo.gl/fbAQLP

exports[`Branch container element Should render branch container element with fields and styles 1`] = `"<table class=\\"MuiTable-root-1\\"><thead class=\\"MuiTableHead-root-2\\"></thead><tbody class=\\"MuiTableBody-root-3\\"><tr class=\\"MuiTableRow-root-30 BranchesContainerElement-branchRowClass-12\\" style=\\"opacity: 1; webkit-transition: opacity 225ms cubic-bezier(0.4, 0, 0.2, 1) 0ms; transition: opacity 225ms cubic-bezier(0.4, 0, 0.2, 1) 0ms;\\"><th class=\\"MuiTableCell-root-35 MuiTableCell-body-37 BranchesContainerElement-branchNameCell-13\\" scope=\\"row\\">San Mart√≠n de los Andes</th><td class=\\"MuiTableCell-root-35 MuiTableCell-body-37 MuiTableCell-alignCenter-44 BranchesContainerElement-branchAddressCell-14\\">938 Barby Way</td><td class=\\"MuiTableCell-root-35 MuiTableCell-body-37 MuiTableCell-alignCenter-44 BranchesContainerElement-branchEmployeesCell-15\\"><div class=\\"MuiCircularProgress-root-47 MuiCircularProgress-colorPrimary-50 MuiCircularProgress-indeterminate-49\\" style=\\"width: 12px; height: 12px;\\" role=\\"progressbar\\"><svg class=\\"MuiCircularProgress-svg-52\\" viewBox=\\"22 22 44 44\\"><circle class=\\"MuiCircularProgress-circle-53 MuiCircularProgress-circleIndeterminate-55\\" cx=\\"44\\" cy=\\"44\\" r=\\"20.2\\" fill=\\"none\\" stroke-width=\\"3.6\\"></circle></svg></div></td><td class=\\"MuiTableCell-root-35 MuiTableCell-body-37 MuiTableCell-alignCenter-44 BranchesContainerElement-tableCell-11\\"><strong></strong></td></tr></tbody></table>"`;
