// Jest Snapshot v1, https://goo.gl/fbAQLP

exports[`Branch container element Should render branch container element with fields and styles 1`] = `"<table class=\\"MuiTable-root-1\\"><thead class=\\"MuiTableHead-root-2\\"></thead><tbody class=\\"MuiTableBody-root-3\\"><tr class=\\"MuiTableRow-root-33 BranchesContainerElement-branchRowClass-14\\" style=\\"opacity: 1; webkit-transition: opacity 225ms cubic-bezier(0.4, 0, 0.2, 1) 0ms; transition: opacity 225ms cubic-bezier(0.4, 0, 0.2, 1) 0ms;\\"><th class=\\"MuiTableCell-root-38 MuiTableCell-body-40 BranchesContainerElement-branchNameCell-15\\" scope=\\"row\\">San Mart√≠n de los Andes</th><td class=\\"MuiTableCell-root-38 MuiTableCell-body-40 MuiTableCell-alignCenter-47 BranchesContainerElement-branchAddressCell-16\\">938 Barby Way</td><td class=\\"MuiTableCell-root-38 MuiTableCell-body-40 MuiTableCell-alignCenter-47 BranchesContainerElement-branchEmployeesCell-17\\"><div class=\\"MuiCircularProgress-root-50 MuiCircularProgress-colorPrimary-53 MuiCircularProgress-indeterminate-52\\" style=\\"width: 12px; height: 12px;\\" role=\\"progressbar\\"><svg class=\\"MuiCircularProgress-svg-55\\" viewBox=\\"22 22 44 44\\"><circle class=\\"MuiCircularProgress-circle-56 MuiCircularProgress-circleIndeterminate-58\\" cx=\\"44\\" cy=\\"44\\" r=\\"20.2\\" fill=\\"none\\" stroke-width=\\"3.6\\"></circle></svg></div></td><td class=\\"MuiTableCell-root-38 MuiTableCell-body-40 MuiTableCell-alignCenter-47 BranchesContainerElement-tableCell-13\\"><strong></strong></td></tr></tbody></table>"`;
