// Jest Snapshot v1, https://goo.gl/fbAQLP

exports[`Branches container Should render branches container with fields and styles 1`] = `"<div class=\\"MuiPaper-root-59 MuiPaper-elevation2-63 MuiPaper-rounded-60 withRouter-BranchesContainer--root-30 withRouter-Connect-WithStyles-withRouter-BranchesContainer-----root-1\\"><table class=\\"MuiTable-root-86 withRouter-BranchesContainer--tables-38 withRouter-Connect-WithStyles-withRouter-BranchesContainer-----tables-9\\"><thead class=\\"MuiTableHead-root-87\\"><tr class=\\"MuiTableRow-root-88 MuiTableRow-head-91\\"><th class=\\"MuiTableCell-root-93 MuiTableCell-head-94 withRouter-BranchesContainer--branchNameCell-41 withRouter-Connect-WithStyles-withRouter-BranchesContainer-----branchNameCell-12\\" scope=\\"col\\"><h3>Name</h3></th><th class=\\"MuiTableCell-root-93 MuiTableCell-head-94 MuiTableCell-alignCenter-102 withRouter-BranchesContainer--branchAddressCell-42 withRouter-Connect-WithStyles-withRouter-BranchesContainer-----branchAddressCell-13\\" scope=\\"col\\"><h3>Address</h3></th><th class=\\"MuiTableCell-root-93 MuiTableCell-head-94 MuiTableCell-alignCenter-102 withRouter-BranchesContainer--branchEmployeesCell-43 withRouter-Connect-WithStyles-withRouter-BranchesContainer-----branchEmployeesCell-14\\" scope=\\"col\\"><h3>Employees</h3></th><th class=\\"MuiTableCell-root-93 MuiTableCell-head-94 MuiTableCell-alignCenter-102 withRouter-BranchesContainer--tableCell-39 withRouter-Connect-WithStyles-withRouter-BranchesContainer-----tableCell-10\\" scope=\\"col\\"><h3>Status</h3></th></tr></thead><tbody class=\\"MuiTableBody-root-105\\"><tr class=\\"MuiTableRow-root-88 withRouter-BranchesContainer--branchRowClass-40 withRouter-Connect-WithStyles-withRouter-BranchesContainer-----branchRowClass-11\\" style=\\"opacity: 1; webkit-transition: opacity 225ms cubic-bezier(0.4, 0, 0.2, 1) 0ms; transition: opacity 225ms cubic-bezier(0.4, 0, 0.2, 1) 0ms;\\"><th class=\\"MuiTableCell-root-93 MuiTableCell-body-95 withRouter-BranchesContainer--branchNameCell-41 withRouter-Connect-WithStyles-withRouter-BranchesContainer-----branchNameCell-12\\" scope=\\"row\\">San Mart√≠n de los Andes</th><td class=\\"MuiTableCell-root-93 MuiTableCell-body-95 MuiTableCell-alignCenter-102 withRouter-BranchesContainer--branchAddressCell-42 withRouter-Connect-WithStyles-withRouter-BranchesContainer-----branchAddressCell-13\\">938 Barby Way</td><td class=\\"MuiTableCell-root-93 MuiTableCell-body-95 MuiTableCell-alignCenter-102 withRouter-BranchesContainer--branchEmployeesCell-43 withRouter-Connect-WithStyles-withRouter-BranchesContainer-----branchEmployeesCell-14\\"><div class=\\"MuiCircularProgress-root-106 MuiCircularProgress-colorPrimary-109 MuiCircularProgress-indeterminate-108\\" style=\\"width: 12px; height: 12px;\\" role=\\"progressbar\\"><svg class=\\"MuiCircularProgress-svg-111\\" viewBox=\\"22 22 44 44\\"><circle class=\\"MuiCircularProgress-circle-112 MuiCircularProgress-circleIndeterminate-114\\" cx=\\"44\\" cy=\\"44\\" r=\\"20.2\\" fill=\\"none\\" stroke-width=\\"3.6\\"></circle></svg></div></td><td class=\\"MuiTableCell-root-93 MuiTableCell-body-95 MuiTableCell-alignCenter-102 withRouter-BranchesContainer--tableCell-39 withRouter-Connect-WithStyles-withRouter-BranchesContainer-----tableCell-10\\"><strong>Active</strong></td></tr><tr class=\\"MuiTableRow-root-88 withRouter-BranchesContainer--branchRowClass-40 withRouter-Connect-WithStyles-withRouter-BranchesContainer-----branchRowClass-11\\" style=\\"opacity: 1; webkit-transition: opacity 225ms cubic-bezier(0.4, 0, 0.2, 1) 0ms; transition: opacity 225ms cubic-bezier(0.4, 0, 0.2, 1) 0ms;\\"><th class=\\"MuiTableCell-root-93 MuiTableCell-body-95 withRouter-BranchesContainer--branchNameCell-41 withRouter-Connect-WithStyles-withRouter-BranchesContainer-----branchNameCell-12\\" scope=\\"row\\">Dingzhai</th><td class=\\"MuiTableCell-root-93 MuiTableCell-body-95 MuiTableCell-alignCenter-102 withRouter-BranchesContainer--branchAddressCell-42 withRouter-Connect-WithStyles-withRouter-BranchesContainer-----branchAddressCell-13\\">903 Dottie Street</td><td class=\\"MuiTableCell-root-93 MuiTableCell-body-95 MuiTableCell-alignCenter-102 withRouter-BranchesContainer--branchEmployeesCell-43 withRouter-Connect-WithStyles-withRouter-BranchesContainer-----branchEmployeesCell-14\\"><div class=\\"MuiCircularProgress-root-106 MuiCircularProgress-colorPrimary-109 MuiCircularProgress-indeterminate-108\\" style=\\"width: 12px; height: 12px;\\" role=\\"progressbar\\"><svg class=\\"MuiCircularProgress-svg-111\\" viewBox=\\"22 22 44 44\\"><circle class=\\"MuiCircularProgress-circle-112 MuiCircularProgress-circleIndeterminate-114\\" cx=\\"44\\" cy=\\"44\\" r=\\"20.2\\" fill=\\"none\\" stroke-width=\\"3.6\\"></circle></svg></div></td><td class=\\"MuiTableCell-root-93 MuiTableCell-body-95 MuiTableCell-alignCenter-102 withRouter-BranchesContainer--tableCell-39 withRouter-Connect-WithStyles-withRouter-BranchesContainer-----tableCell-10\\"><strong>Active</strong></td></tr><tr class=\\"MuiTableRow-root-88 withRouter-BranchesContainer--branchRowClass-40 withRouter-Connect-WithStyles-withRouter-BranchesContainer-----branchRowClass-11\\" style=\\"opacity: 1; webkit-transition: opacity 225ms cubic-bezier(0.4, 0, 0.2, 1) 0ms; transition: opacity 225ms cubic-bezier(0.4, 0, 0.2, 1) 0ms;\\"><th class=\\"MuiTableCell-root-93 MuiTableCell-body-95 withRouter-BranchesContainer--branchNameCell-41 withRouter-Connect-WithStyles-withRouter-BranchesContainer-----branchNameCell-12\\" scope=\\"row\\">Cantao-an</th><td class=\\"MuiTableCell-root-93 MuiTableCell-body-95 MuiTableCell-alignCenter-102 withRouter-BranchesContainer--branchAddressCell-42 withRouter-Connect-WithStyles-withRouter-BranchesContainer-----branchAddressCell-13\\">7827 Luster Point</td><td class=\\"MuiTableCell-root-93 MuiTableCell-body-95 MuiTableCell-alignCenter-102 withRouter-BranchesContainer--branchEmployeesCell-43 withRouter-Connect-WithStyles-withRouter-BranchesContainer-----branchEmployeesCell-14\\"><div class=\\"MuiCircularProgress-root-106 MuiCircularProgress-colorPrimary-109 MuiCircularProgress-indeterminate-108\\" style=\\"width: 12px; height: 12px;\\" role=\\"progressbar\\"><svg class=\\"MuiCircularProgress-svg-111\\" viewBox=\\"22 22 44 44\\"><circle class=\\"MuiCircularProgress-circle-112 MuiCircularProgress-circleIndeterminate-114\\" cx=\\"44\\" cy=\\"44\\" r=\\"20.2\\" fill=\\"none\\" stroke-width=\\"3.6\\"></circle></svg></div></td><td class=\\"MuiTableCell-root-93 MuiTableCell-body-95 MuiTableCell-alignCenter-102 withRouter-BranchesContainer--tableCell-39 withRouter-Connect-WithStyles-withRouter-BranchesContainer-----tableCell-10\\"><strong>Disabled</strong></td></tr></tbody></table></div>"`;
