// Jest Snapshot v1, https://goo.gl/fbAQLP

exports[`Branch Container Should render branch form with styles 1`] = `"<div class=\\"MuiPaper-root-59 MuiPaper-elevation2-63 MuiPaper-rounded-60 ReduxForm-root-30 ReduxForm-root-1\\"><form class=\\"ReduxForm-branchPaper-44 ReduxForm-branchPaper-15\\"><br><div class=\\"MuiGrid-container-86 MuiGrid-spacing-xs-16-109 MuiGrid-align-items-xs-flex-end-96\\"><div class=\\"MuiGrid-item-87 MuiGrid-grid-xs-true-114 MuiGrid-grid-sm-true-128 MuiGrid-grid-md-true-142\\"><div class=\\"MuiFormControl-root-183 MuiFormControl-fullWidth-186\\"><label class=\\"MuiFormLabel-root-198 MuiFormLabel-filled-202 MuiInputLabel-root-187 MuiInputLabel-formControl-192 MuiInputLabel-animated-195 MuiInputLabel-shrink-194 MuiInputLabel-outlined-197\\" data-shrink=\\"true\\" for=\\"name\\">name</label><div class=\\"MuiInputBase-root-218 MuiOutlinedInput-root-205 MuiInputBase-fullWidth-227 MuiInputBase-formControl-219\\"><fieldset aria-hidden=\\"true\\" style=\\"padding-left: 8px;\\" class=\\"MuiPrivateNotchedOutline-root-235 MuiOutlinedInput-notchedOutline-212\\"><legend class=\\"MuiPrivateNotchedOutline-legend-236\\" style=\\"width: 0px;\\"><span>​</span></legend></fieldset><input aria-invalid=\\"false\\" class=\\"MuiInputBase-input-228 MuiOutlinedInput-input-213 MuiInputBase-inputType-231\\" id=\\"name\\" name=\\"name\\" rows=\\"1\\" type=\\"name\\" value=\\"San Martín de los Andes\\"></div></div></div></div><div class=\\"MuiGrid-container-86 MuiGrid-spacing-xs-16-109 MuiGrid-align-items-xs-flex-end-96\\"><div class=\\"MuiGrid-item-87 MuiGrid-grid-xs-true-114 MuiGrid-grid-sm-true-128 MuiGrid-grid-md-true-142\\"><div class=\\"MuiFormControl-root-183 MuiFormControl-fullWidth-186\\"><label class=\\"MuiFormLabel-root-198 MuiFormLabel-filled-202 MuiInputLabel-root-187 MuiInputLabel-formControl-192 MuiInputLabel-animated-195 MuiInputLabel-shrink-194 MuiInputLabel-outlined-197\\" data-shrink=\\"true\\" for=\\"email\\">email</label><div class=\\"MuiInputBase-root-218 MuiOutlinedInput-root-205 MuiInputBase-fullWidth-227 MuiInputBase-formControl-219\\"><fieldset aria-hidden=\\"true\\" style=\\"padding-left: 8px;\\" class=\\"MuiPrivateNotchedOutline-root-235 MuiOutlinedInput-notchedOutline-212\\"><legend class=\\"MuiPrivateNotchedOutline-legend-236\\" style=\\"width: 0px;\\"><span>​</span></legend></fieldset><input aria-invalid=\\"false\\" class=\\"MuiInputBase-input-228 MuiOutlinedInput-input-213 MuiInputBase-inputType-231\\" id=\\"email\\" name=\\"email\\" rows=\\"1\\" type=\\"email\\" value=\\"mbrazier0@amazon.co.uk\\"></div></div></div></div><div class=\\"MuiGrid-container-86 MuiGrid-spacing-xs-16-109 MuiGrid-align-items-xs-flex-end-96\\"><div class=\\"MuiGrid-item-87 MuiGrid-grid-xs-true-114 MuiGrid-grid-sm-true-128 MuiGrid-grid-md-true-142\\"><div class=\\"MuiFormControl-root-183 MuiFormControl-fullWidth-186\\"><label class=\\"MuiFormLabel-root-198 MuiFormLabel-filled-202 MuiInputLabel-root-187 MuiInputLabel-formControl-192 MuiInputLabel-animated-195 MuiInputLabel-shrink-194 MuiInputLabel-outlined-197\\" data-shrink=\\"true\\" for=\\"phone\\">phone</label><div class=\\"MuiInputBase-root-218 MuiOutlinedInput-root-205 MuiInputBase-fullWidth-227 MuiInputBase-formControl-219\\"><fieldset aria-hidden=\\"true\\" style=\\"padding-left: 8px;\\" class=\\"MuiPrivateNotchedOutline-root-235 MuiOutlinedInput-notchedOutline-212\\"><legend class=\\"MuiPrivateNotchedOutline-legend-236\\" style=\\"width: 0px;\\"><span>​</span></legend></fieldset><input aria-invalid=\\"false\\" class=\\"MuiInputBase-input-228 MuiOutlinedInput-input-213 MuiInputBase-inputType-231\\" id=\\"phone\\" name=\\"phone\\" rows=\\"1\\" type=\\"phone\\" value=\\"+54 275 474 9318\\"></div></div></div></div><div class=\\"MuiGrid-container-86 MuiGrid-spacing-xs-16-109 MuiGrid-align-items-xs-flex-end-96\\"><div class=\\"MuiGrid-item-87 MuiGrid-grid-xs-true-114 MuiGrid-grid-sm-true-128 MuiGrid-grid-md-true-142\\"><div class=\\"MuiFormControl-root-183 MuiFormControl-fullWidth-186\\"><label class=\\"MuiFormLabel-root-198 MuiFormLabel-filled-202 MuiInputLabel-root-187 MuiInputLabel-formControl-192 MuiInputLabel-animated-195 MuiInputLabel-shrink-194 MuiInputLabel-outlined-197\\" data-shrink=\\"true\\" for=\\"fax\\">fax</label><div class=\\"MuiInputBase-root-218 MuiOutlinedInput-root-205 MuiInputBase-fullWidth-227 MuiInputBase-formControl-219\\"><fieldset aria-hidden=\\"true\\" style=\\"padding-left: 8px;\\" class=\\"MuiPrivateNotchedOutline-root-235 MuiOutlinedInput-notchedOutline-212\\"><legend class=\\"MuiPrivateNotchedOutline-legend-236\\" style=\\"width: 0px;\\"><span>​</span></legend></fieldset><input aria-invalid=\\"false\\" class=\\"MuiInputBase-input-228 MuiOutlinedInput-input-213 MuiInputBase-inputType-231\\" id=\\"fax\\" name=\\"fax\\" rows=\\"1\\" type=\\"fax\\" value=\\"+86 829 425 7497\\"></div></div></div></div><div class=\\"MuiGrid-container-86 MuiGrid-spacing-xs-16-109 MuiGrid-align-items-xs-flex-end-96\\"><div class=\\"MuiGrid-item-87 MuiGrid-grid-xs-true-114 MuiGrid-grid-sm-true-128 MuiGrid-grid-md-true-142\\"><div class=\\"MuiFormControl-root-183 MuiFormControl-fullWidth-186\\"><label class=\\"MuiFormLabel-root-198 MuiFormLabel-filled-202 MuiInputLabel-root-187 MuiInputLabel-formControl-192 MuiInputLabel-animated-195 MuiInputLabel-shrink-194 MuiInputLabel-outlined-197\\" data-shrink=\\"true\\" for=\\"address\\">address</label><div class=\\"MuiInputBase-root-218 MuiOutlinedInput-root-205 MuiInputBase-fullWidth-227 MuiInputBase-formControl-219 MuiInputBase-multiline-226 MuiOutlinedInput-multiline-211\\"><fieldset aria-hidden=\\"true\\" style=\\"padding-left: 8px;\\" class=\\"MuiPrivateNotchedOutline-root-235 MuiOutlinedInput-notchedOutline-212\\"><legend class=\\"MuiPrivateNotchedOutline-legend-236\\" style=\\"width: 0px;\\"><span>​</span></legend></fieldset><div class=\\"MuiPrivateTextarea-root-237\\"><textarea aria-hidden=\\"true\\" class=\\"MuiPrivateTextarea-textarea-238 MuiPrivateTextarea-shadow-239\\" readonly=\\"\\" rows=\\"1\\" tabindex=\\"-1\\"></textarea><textarea aria-hidden=\\"true\\" class=\\"MuiPrivateTextarea-textarea-238 MuiPrivateTextarea-shadow-239\\" readonly=\\"\\" rows=\\"4\\" tabindex=\\"-1\\">938 Barby Way</textarea><textarea rows=\\"4\\" class=\\"MuiPrivateTextarea-textarea-238 MuiInputBase-input-228 MuiOutlinedInput-input-213 MuiInputBase-inputType-231 MuiInputBase-inputMultiline-230 MuiOutlinedInput-inputMultiline-215\\" style=\\"height: 19px;\\" aria-invalid=\\"false\\" id=\\"address\\" name=\\"address\\">938 Barby Way</textarea></div></div></div></div></div><div class=\\"MuiGrid-container-86 MuiGrid-spacing-xs-16-109 MuiGrid-align-items-xs-flex-end-96\\"><div class=\\"MuiGrid-item-87 MuiGrid-grid-xs-true-114 MuiGrid-grid-sm-true-128 MuiGrid-grid-md-true-142\\"><div class=\\"MuiFormControl-root-183 MuiFormControl-fullWidth-186\\"><label class=\\"MuiFormLabel-root-198 MuiFormLabel-filled-202 MuiInputLabel-root-187 MuiInputLabel-formControl-192 MuiInputLabel-animated-195 MuiInputLabel-shrink-194 MuiInputLabel-outlined-197\\" data-shrink=\\"true\\" for=\\"information\\">information</label><div class=\\"MuiInputBase-root-218 MuiOutlinedInput-root-205 MuiInputBase-fullWidth-227 MuiInputBase-formControl-219 MuiInputBase-multiline-226 MuiOutlinedInput-multiline-211\\"><fieldset aria-hidden=\\"true\\" style=\\"padding-left: 8px;\\" class=\\"MuiPrivateNotchedOutline-root-235 MuiOutlinedInput-notchedOutline-212\\"><legend class=\\"MuiPrivateNotchedOutline-legend-236\\" style=\\"width: 0px;\\"><span>​</span></legend></fieldset><div class=\\"MuiPrivateTextarea-root-237\\"><textarea aria-hidden=\\"true\\" class=\\"MuiPrivateTextarea-textarea-238 MuiPrivateTextarea-shadow-239\\" readonly=\\"\\" rows=\\"1\\" tabindex=\\"-1\\"></textarea><textarea aria-hidden=\\"true\\" class=\\"MuiPrivateTextarea-textarea-238 MuiPrivateTextarea-shadow-239\\" readonly=\\"\\" rows=\\"4\\" tabindex=\\"-1\\">1</textarea><textarea rows=\\"4\\" class=\\"MuiPrivateTextarea-textarea-238 MuiInputBase-input-228 MuiOutlinedInput-input-213 MuiInputBase-inputType-231 MuiInputBase-inputMultiline-230 MuiOutlinedInput-inputMultiline-215\\" style=\\"height: 19px;\\" aria-invalid=\\"false\\" id=\\"information\\" name=\\"information\\">1</textarea></div></div></div></div></div><div class=\\"MuiGrid-container-86 MuiGrid-spacing-xs-16-109 MuiGrid-align-items-xs-flex-end-96\\"><div class=\\"MuiGrid-item-87 MuiGrid-grid-xs-true-114 MuiGrid-grid-sm-true-128 MuiGrid-grid-md-true-142\\"><label class=\\"MuiFormControlLabel-root-240\\"><span class=\\"MuiButtonBase-root-262 MuiIconButton-root-256 MuiPrivateSwitchBase-root-252 MuiCheckbox-root-246 MuiCheckbox-colorPrimary-250 MuiPrivateSwitchBase-checked-253 MuiCheckbox-checked-247\\"><span class=\\"MuiIconButton-label-261\\"><svg class=\\"MuiSvgIcon-root-265\\" focusable=\\"false\\" viewBox=\\"0 0 24 24\\" aria-hidden=\\"true\\" role=\\"presentation\\"><path d=\\"M19 3H5c-1.11 0-2 .9-2 2v14c0 1.1.89 2 2 2h14c1.11 0 2-.9 2-2V5c0-1.1-.89-2-2-2zm-9 14l-5-5 1.41-1.41L10 14.17l7.59-7.59L19 8l-9 9z\\"></path></svg><input class=\\"MuiPrivateSwitchBase-input-255\\" id=\\"status\\" name=\\"status\\" type=\\"checkbox\\" data-indeterminate=\\"false\\" value=\\"\\"></span><span class=\\"MuiTouchRipple-root-336\\"></span></span><span class=\\"MuiTypography-root-274 MuiTypography-body1-283 MuiFormControlLabel-label-245\\">Active</span></label></div></div><div class=\\"MuiGrid-container-86 MuiGrid-justify-xs-flex-end-104\\" style=\\"margin-top: 10px;\\"><button class=\\"MuiButtonBase-root-262 MuiButton-root-310 MuiButton-contained-321 MuiButton-containedPrimary-322 MuiButton-raised-324 MuiButton-raisedPrimary-325\\" tabindex=\\"0\\" type=\\"button\\" style=\\"text-transform: none; margin: 5px;\\"><span class=\\"MuiButton-label-311\\">CANCEL</span><span class=\\"MuiTouchRipple-root-336\\"></span></button><button class=\\"MuiButtonBase-root-262 MuiButton-root-310 MuiButton-contained-321 MuiButton-containedPrimary-322 MuiButton-raised-324 MuiButton-raisedPrimary-325\\" tabindex=\\"0\\" type=\\"submit\\" style=\\"text-transform: none; margin: 5px;\\"><span class=\\"MuiButton-label-311\\">SAVE</span><span class=\\"MuiTouchRipple-root-336\\"></span></button></div></form></div>"`;
