// Jest Snapshot v1, https://goo.gl/fbAQLP

exports[`Users container Should render HOC with styles properly 1`] = `"<div class=\\"MuiPaper-root-59 MuiPaper-elevation2-63 MuiPaper-rounded-60 withRouter-UsersContainer--root-30 withRouter-Connect-WithStyles-withRouter-UsersContainer-----root-1\\"><table class=\\"MuiTable-root-86 withRouter-UsersContainer--tables-38 withRouter-Connect-WithStyles-withRouter-UsersContainer-----tables-9\\"><thead class=\\"MuiTableHead-root-87\\"><tr class=\\"MuiTableRow-root-88 MuiTableRow-head-91\\"><th class=\\"MuiTableCell-root-93 MuiTableCell-head-94 withRouter-UsersContainer--userNameCell-50 withRouter-Connect-WithStyles-withRouter-UsersContainer-----userNameCell-21\\" scope=\\"col\\"><h3>Name</h3></th><th class=\\"MuiTableCell-root-93 MuiTableCell-head-94 MuiTableCell-alignCenter-102 withRouter-UsersContainer--userEmailCell-51 withRouter-Connect-WithStyles-withRouter-UsersContainer-----userEmailCell-22\\" scope=\\"col\\"><h3>Email</h3></th><th class=\\"MuiTableCell-root-93 MuiTableCell-head-94 MuiTableCell-alignCenter-102 withRouter-UsersContainer--userStatusCell-52 withRouter-Connect-WithStyles-withRouter-UsersContainer-----userStatusCell-23\\" scope=\\"col\\"><h3>Status</h3></th><th class=\\"MuiTableCell-root-93 MuiTableCell-head-94 MuiTableCell-alignCenter-102 withRouter-UsersContainer--userControlCell-53 withRouter-Connect-WithStyles-withRouter-UsersContainer-----userControlCell-24\\" scope=\\"col\\"><h3>Deactivate</h3></th></tr></thead><tbody class=\\"MuiTableBody-root-105\\"><tr class=\\"MuiTableRow-root-88\\"><th class=\\"MuiTableCell-root-93 MuiTableCell-body-95 withRouter-UsersContainer--userNameCell-50 withRouter-Connect-WithStyles-withRouter-UsersContainer-----userNameCell-21\\" scope=\\"row\\"><button class=\\"MuiTypography-root-111 MuiTypography-body2-119 MuiTypography-colorPrimary-141 MuiTypography-inline-146 MuiLink-root-106 MuiLink-button-110 MuiLink-underlineHover-108\\">Admin ADMIN</button></th><td class=\\"MuiTableCell-root-93 MuiTableCell-body-95 MuiTableCell-alignCenter-102 withRouter-UsersContainer--userEmailCell-51 withRouter-Connect-WithStyles-withRouter-UsersContainer-----userEmailCell-22\\">admin@company.org</td><td class=\\"MuiTableCell-root-93 MuiTableCell-body-95 MuiTableCell-alignCenter-102 withRouter-UsersContainer--userStatusCell-52 withRouter-Connect-WithStyles-withRouter-UsersContainer-----userStatusCell-23\\"><strong>Active</strong></td><td class=\\"MuiTableCell-root-93 MuiTableCell-body-95 MuiTableCell-alignCenter-102 withRouter-UsersContainer--userControlCell-53 withRouter-Connect-WithStyles-withRouter-UsersContainer-----userControlCell-24\\"><span class=\\"MuiButtonBase-root-163 MuiIconButton-root-157 MuiPrivateSwitchBase-root-153 MuiCheckbox-root-147 MuiCheckbox-colorPrimary-151 MuiPrivateSwitchBase-checked-154 MuiCheckbox-checked-148 withRouter-UsersContainer--actionCheckBox-58 withRouter-Connect-WithStyles-withRouter-UsersContainer-----actionCheckBox-29\\"><span class=\\"MuiIconButton-label-162\\"><svg class=\\"MuiSvgIcon-root-166\\" focusable=\\"false\\" viewBox=\\"0 0 24 24\\" aria-hidden=\\"true\\" role=\\"presentation\\"><path d=\\"M19 3H5c-1.11 0-2 .9-2 2v14c0 1.1.89 2 2 2h14c1.11 0 2-.9 2-2V5c0-1.1-.89-2-2-2zm-9 14l-5-5 1.41-1.41L10 14.17l7.59-7.59L19 8l-9 9z\\"></path></svg><input class=\\"MuiPrivateSwitchBase-input-156\\" type=\\"checkbox\\" data-indeterminate=\\"false\\" value=\\"\\" checked=\\"\\"></span><span class=\\"MuiTouchRipple-root-175\\"></span></span></td></tr><tr class=\\"MuiTableRow-root-88\\"><th class=\\"MuiTableCell-root-93 MuiTableCell-body-95 withRouter-UsersContainer--userNameCell-50 withRouter-Connect-WithStyles-withRouter-UsersContainer-----userNameCell-21\\" scope=\\"row\\"><button class=\\"MuiTypography-root-111 MuiTypography-body2-119 MuiTypography-colorPrimary-141 MuiTypography-inline-146 MuiLink-root-106 MuiLink-button-110 MuiLink-underlineHover-108\\">Holt Aasaf</button></th><td class=\\"MuiTableCell-root-93 MuiTableCell-body-95 MuiTableCell-alignCenter-102 withRouter-UsersContainer--userEmailCell-51 withRouter-Connect-WithStyles-withRouter-UsersContainer-----userEmailCell-22\\">haasaf4q@tamu.edu</td><td class=\\"MuiTableCell-root-93 MuiTableCell-body-95 MuiTableCell-alignCenter-102 withRouter-UsersContainer--userStatusCell-52 withRouter-Connect-WithStyles-withRouter-UsersContainer-----userStatusCell-23\\"><strong>Active</strong></td><td class=\\"MuiTableCell-root-93 MuiTableCell-body-95 MuiTableCell-alignCenter-102 withRouter-UsersContainer--userControlCell-53 withRouter-Connect-WithStyles-withRouter-UsersContainer-----userControlCell-24\\"><span class=\\"MuiButtonBase-root-163 MuiIconButton-root-157 MuiPrivateSwitchBase-root-153 MuiCheckbox-root-147 MuiCheckbox-colorPrimary-151 MuiPrivateSwitchBase-checked-154 MuiCheckbox-checked-148 withRouter-UsersContainer--actionCheckBox-58 withRouter-Connect-WithStyles-withRouter-UsersContainer-----actionCheckBox-29\\"><span class=\\"MuiIconButton-label-162\\"><svg class=\\"MuiSvgIcon-root-166\\" focusable=\\"false\\" viewBox=\\"0 0 24 24\\" aria-hidden=\\"true\\" role=\\"presentation\\"><path d=\\"M19 3H5c-1.11 0-2 .9-2 2v14c0 1.1.89 2 2 2h14c1.11 0 2-.9 2-2V5c0-1.1-.89-2-2-2zm-9 14l-5-5 1.41-1.41L10 14.17l7.59-7.59L19 8l-9 9z\\"></path></svg><input class=\\"MuiPrivateSwitchBase-input-156\\" type=\\"checkbox\\" data-indeterminate=\\"false\\" value=\\"\\" checked=\\"\\"></span><span class=\\"MuiTouchRipple-root-175\\"></span></span></td></tr></tbody></table></div>"`;
