// Jest Snapshot v1, https://goo.gl/fbAQLP

exports[`Roles container Should render roles container with fields and styles 1`] = `"<div class=\\"MuiPaper-root-59 MuiPaper-elevation2-63 MuiPaper-rounded-60 withRouter-RolesContainer--root-30 withRouter-Connect-WithStyles-withRouter-RolesContainer-----root-1\\"><table class=\\"MuiTable-root-86 withRouter-RolesContainer--tables-38 withRouter-Connect-WithStyles-withRouter-RolesContainer-----tables-9\\"><thead class=\\"MuiTableHead-root-87\\"><tr class=\\"MuiTableRow-root-88 MuiTableRow-head-91\\"><th class=\\"MuiTableCell-root-93 MuiTableCell-head-94 withRouter-RolesContainer--groupNameCell-46 withRouter-Connect-WithStyles-withRouter-RolesContainer-----groupNameCell-17\\" scope=\\"col\\"><h3>Name</h3></th><th class=\\"MuiTableCell-root-93 MuiTableCell-head-94 MuiTableCell-alignCenter-102 withRouter-RolesContainer--groupStatusCell-47 withRouter-Connect-WithStyles-withRouter-RolesContainer-----groupStatusCell-18\\" scope=\\"col\\"><h3>Status</h3></th><th class=\\"MuiTableCell-root-93 MuiTableCell-head-94 MuiTableCell-alignCenter-102 withRouter-RolesContainer--groupDesktopCell-48 withRouter-Connect-WithStyles-withRouter-RolesContainer-----groupDesktopCell-19\\" scope=\\"col\\"></th><th class=\\"MuiTableCell-root-93 MuiTableCell-head-94 MuiTableCell-alignCenter-102 withRouter-RolesContainer--groupDesktopCell-48 withRouter-Connect-WithStyles-withRouter-RolesContainer-----groupDesktopCell-19\\" scope=\\"col\\"></th></tr></thead><tbody class=\\"MuiTableBody-root-105\\"><tr class=\\"MuiTableRow-root-88 withRouter-RolesContainer--groupRowClass-45 withRouter-Connect-WithStyles-withRouter-RolesContainer-----groupRowClass-16\\"><th class=\\"MuiTableCell-root-93 MuiTableCell-body-95 withRouter-RolesContainer--groupNameCell-46 withRouter-Connect-WithStyles-withRouter-RolesContainer-----groupNameCell-17\\" scope=\\"row\\"><button class=\\"MuiTypography-root-111 MuiTypography-body2-119 MuiTypography-colorPrimary-141 MuiTypography-inline-146 MuiLink-root-106 MuiLink-button-110 MuiLink-underlineHover-108\\">Administrator</button></th><td class=\\"MuiTableCell-root-93 MuiTableCell-body-95 MuiTableCell-alignCenter-102 withRouter-RolesContainer--groupStatusCell-47 withRouter-Connect-WithStyles-withRouter-RolesContainer-----groupStatusCell-18\\"><strong>Active</strong></td><td class=\\"MuiTableCell-root-93 MuiTableCell-body-95 MuiTableCell-alignCenter-102 withRouter-RolesContainer--groupDesktopCell-48 withRouter-Connect-WithStyles-withRouter-RolesContainer-----groupDesktopCell-19\\"><button class=\\"MuiButtonBase-root-173 MuiButtonBase-disabled-174 MuiButton-root-147 MuiButton-text-149 MuiButton-textSecondary-151 MuiButton-flat-152 MuiButton-flatSecondary-154 MuiButton-sizeSmall-170 MuiButton-disabled-167\\" tabindex=\\"-1\\" type=\\"button\\" disabled=\\"\\"><span class=\\"MuiButton-label-148\\">Disable</span></button></td><td class=\\"MuiTableCell-root-93 MuiTableCell-body-95 MuiTableCell-alignCenter-102 withRouter-RolesContainer--groupDesktopCell-48 withRouter-Connect-WithStyles-withRouter-RolesContainer-----groupDesktopCell-19\\"><button class=\\"MuiButtonBase-root-173 MuiButtonBase-disabled-174 MuiButton-root-147 MuiButton-contained-158 MuiButton-containedSecondary-160 MuiButton-raised-161 MuiButton-raisedSecondary-163 MuiButton-sizeSmall-170 MuiButton-disabled-167\\" tabindex=\\"-1\\" type=\\"button\\" disabled=\\"\\"><span class=\\"MuiButton-label-148\\">DELETE</span></button></td></tr><tr class=\\"MuiTableRow-root-88 withRouter-RolesContainer--groupRowClass-45 withRouter-Connect-WithStyles-withRouter-RolesContainer-----groupRowClass-16\\"><th class=\\"MuiTableCell-root-93 MuiTableCell-body-95 withRouter-RolesContainer--groupNameCell-46 withRouter-Connect-WithStyles-withRouter-RolesContainer-----groupNameCell-17\\" scope=\\"row\\"><button class=\\"MuiTypography-root-111 MuiTypography-body2-119 MuiTypography-colorPrimary-141 MuiTypography-inline-146 MuiLink-root-106 MuiLink-button-110 MuiLink-underlineHover-108\\">Branch Administrator</button></th><td class=\\"MuiTableCell-root-93 MuiTableCell-body-95 MuiTableCell-alignCenter-102 withRouter-RolesContainer--groupStatusCell-47 withRouter-Connect-WithStyles-withRouter-RolesContainer-----groupStatusCell-18\\"><strong>Active</strong></td><td class=\\"MuiTableCell-root-93 MuiTableCell-body-95 MuiTableCell-alignCenter-102 withRouter-RolesContainer--groupDesktopCell-48 withRouter-Connect-WithStyles-withRouter-RolesContainer-----groupDesktopCell-19\\"><button class=\\"MuiButtonBase-root-173 MuiButton-root-147 MuiButton-text-149 MuiButton-textSecondary-151 MuiButton-flat-152 MuiButton-flatSecondary-154 MuiButton-sizeSmall-170\\" tabindex=\\"0\\" type=\\"button\\"><span class=\\"MuiButton-label-148\\">Disable</span><span class=\\"MuiTouchRipple-root-192\\"></span></button></td><td class=\\"MuiTableCell-root-93 MuiTableCell-body-95 MuiTableCell-alignCenter-102 withRouter-RolesContainer--groupDesktopCell-48 withRouter-Connect-WithStyles-withRouter-RolesContainer-----groupDesktopCell-19\\"><button class=\\"MuiButtonBase-root-173 MuiButtonBase-disabled-174 MuiButton-root-147 MuiButton-contained-158 MuiButton-containedSecondary-160 MuiButton-raised-161 MuiButton-raisedSecondary-163 MuiButton-sizeSmall-170 MuiButton-disabled-167\\" tabindex=\\"-1\\" type=\\"button\\" disabled=\\"\\"><span class=\\"MuiButton-label-148\\">DELETE</span></button></td></tr><tr class=\\"MuiTableRow-root-88 withRouter-RolesContainer--groupRowClass-45 withRouter-Connect-WithStyles-withRouter-RolesContainer-----groupRowClass-16\\"><th class=\\"MuiTableCell-root-93 MuiTableCell-body-95 withRouter-RolesContainer--groupNameCell-46 withRouter-Connect-WithStyles-withRouter-RolesContainer-----groupNameCell-17\\" scope=\\"row\\"><button class=\\"MuiTypography-root-111 MuiTypography-body2-119 MuiTypography-colorPrimary-141 MuiTypography-inline-146 MuiLink-root-106 MuiLink-button-110 MuiLink-underlineHover-108\\">User</button></th><td class=\\"MuiTableCell-root-93 MuiTableCell-body-95 MuiTableCell-alignCenter-102 withRouter-RolesContainer--groupStatusCell-47 withRouter-Connect-WithStyles-withRouter-RolesContainer-----groupStatusCell-18\\"><strong>Active</strong></td><td class=\\"MuiTableCell-root-93 MuiTableCell-body-95 MuiTableCell-alignCenter-102 withRouter-RolesContainer--groupDesktopCell-48 withRouter-Connect-WithStyles-withRouter-RolesContainer-----groupDesktopCell-19\\"><button class=\\"MuiButtonBase-root-173 MuiButtonBase-disabled-174 MuiButton-root-147 MuiButton-text-149 MuiButton-textSecondary-151 MuiButton-flat-152 MuiButton-flatSecondary-154 MuiButton-sizeSmall-170 MuiButton-disabled-167\\" tabindex=\\"-1\\" type=\\"button\\" disabled=\\"\\"><span class=\\"MuiButton-label-148\\">Disable</span></button></td><td class=\\"MuiTableCell-root-93 MuiTableCell-body-95 MuiTableCell-alignCenter-102 withRouter-RolesContainer--groupDesktopCell-48 withRouter-Connect-WithStyles-withRouter-RolesContainer-----groupDesktopCell-19\\"><button class=\\"MuiButtonBase-root-173 MuiButtonBase-disabled-174 MuiButton-root-147 MuiButton-contained-158 MuiButton-containedSecondary-160 MuiButton-raised-161 MuiButton-raisedSecondary-163 MuiButton-sizeSmall-170 MuiButton-disabled-167\\" tabindex=\\"-1\\" type=\\"button\\" disabled=\\"\\"><span class=\\"MuiButton-label-148\\">DELETE</span></button></td></tr></tbody></table><div></div></div>"`;
