// Jest Snapshot v1, https://goo.gl/fbAQLP

exports[`Group screen Should render HOC with styles properly 1`] = `"<main class=\\"withRouter-Group--contentSingle-18 withRouter-Connect-WithStyles-withRouter-Group-----contentSingle-4\\"><div class=\\"MuiPaper-root-29 MuiPaper-elevation2-33 MuiPaper-rounded-30 withRouter-Group--titleContainer-24 withRouter-Connect-WithStyles-withRouter-Group-----titleContainer-10\\"><div class=\\"withRouter-Group--selectorsContainer-26 withRouter-Connect-WithStyles-withRouter-Group-----selectorsContainer-12\\"><h2>Create/Edit group</h2></div></div><div class=\\"MuiPaper-root-29 MuiPaper-elevation2-33 MuiPaper-rounded-30 ReduxForm-root-56\\"><form class=\\"ReduxForm-branchPaper-68\\"><br><div class=\\"MuiGrid-container-82 MuiGrid-spacing-xs-16-105 MuiGrid-align-items-xs-flex-end-92\\"><div class=\\"MuiGrid-item-83 MuiGrid-grid-xs-true-110 MuiGrid-grid-sm-true-124 MuiGrid-grid-md-true-138\\"><div class=\\"MuiFormControl-root-179 MuiFormControl-fullWidth-182\\"><label class=\\"MuiFormLabel-root-194 MuiFormLabel-required-199 MuiInputLabel-required-187 MuiInputLabel-root-183 MuiInputLabel-formControl-188 MuiInputLabel-animated-191 MuiInputLabel-outlined-193\\" data-shrink=\\"false\\" for=\\"name\\">name<span class=\\"MuiFormLabel-asterisk-200\\"> *</span></label><div class=\\"MuiInputBase-root-214 MuiOutlinedInput-root-201 MuiInputBase-fullWidth-223 MuiInputBase-formControl-215\\"><fieldset aria-hidden=\\"true\\" style=\\"padding-left: 8px;\\" class=\\"MuiPrivateNotchedOutline-root-231 MuiOutlinedInput-notchedOutline-208\\"><legend class=\\"MuiPrivateNotchedOutline-legend-232\\" style=\\"width: 0.01px;\\"><span>​</span></legend></fieldset><input aria-invalid=\\"false\\" aria-describedby=\\"name-helper-text\\" class=\\"MuiInputBase-input-224 MuiOutlinedInput-input-209\\" id=\\"name\\" name=\\"name\\" required=\\"\\" rows=\\"1\\" type=\\"text\\" value=\\"\\"></div><p class=\\"MuiFormHelperText-root-233 MuiFormHelperText-contained-237 MuiFormHelperText-required-240\\" id=\\"name-helper-text\\"> </p></div></div></div><div class=\\"MuiGrid-container-82 MuiGrid-spacing-xs-16-105 MuiGrid-align-items-xs-flex-end-92\\"><div class=\\"MuiGrid-item-83 MuiGrid-grid-xs-true-110 MuiGrid-grid-sm-true-124 MuiGrid-grid-md-true-138\\"><div class=\\"MuiFormControl-root-179 MuiFormControl-fullWidth-182\\"><label class=\\"MuiFormLabel-root-194 MuiFormLabel-required-199 MuiInputLabel-required-187 MuiInputLabel-root-183 MuiInputLabel-formControl-188 MuiInputLabel-animated-191 MuiInputLabel-outlined-193\\" data-shrink=\\"false\\" for=\\"description\\">description<span class=\\"MuiFormLabel-asterisk-200\\"> *</span></label><div class=\\"MuiInputBase-root-214 MuiOutlinedInput-root-201 MuiInputBase-fullWidth-223 MuiInputBase-formControl-215 MuiInputBase-multiline-222 MuiOutlinedInput-multiline-207\\"><fieldset aria-hidden=\\"true\\" style=\\"padding-left: 8px;\\" class=\\"MuiPrivateNotchedOutline-root-231 MuiOutlinedInput-notchedOutline-208\\"><legend class=\\"MuiPrivateNotchedOutline-legend-232\\" style=\\"width: 0.01px;\\"><span>​</span></legend></fieldset><div class=\\"MuiPrivateTextarea-root-241\\"><textarea aria-hidden=\\"true\\" class=\\"MuiPrivateTextarea-textarea-242 MuiPrivateTextarea-shadow-243\\" readonly=\\"\\" rows=\\"1\\" tabindex=\\"-1\\"></textarea><textarea aria-hidden=\\"true\\" class=\\"MuiPrivateTextarea-textarea-242 MuiPrivateTextarea-shadow-243\\" readonly=\\"\\" rows=\\"4\\" tabindex=\\"-1\\"></textarea><textarea rows=\\"4\\" class=\\"MuiPrivateTextarea-textarea-242 MuiInputBase-input-224 MuiOutlinedInput-input-209 MuiInputBase-inputMultiline-226 MuiOutlinedInput-inputMultiline-211\\" style=\\"height: 19px;\\" aria-invalid=\\"false\\" aria-describedby=\\"description-helper-text\\" id=\\"description\\" name=\\"description\\" required=\\"\\"></textarea></div></div><p class=\\"MuiFormHelperText-root-233 MuiFormHelperText-contained-237 MuiFormHelperText-required-240\\" id=\\"description-helper-text\\"> </p></div></div></div><div class=\\"MuiGrid-container-82 MuiGrid-spacing-xs-16-105 MuiGrid-align-items-xs-flex-end-92\\"><div class=\\"MuiGrid-item-83 MuiGrid-grid-xs-true-110 MuiGrid-grid-sm-true-124 MuiGrid-grid-md-true-138\\"><label class=\\"MuiFormControlLabel-root-244\\"><span class=\\"MuiButtonBase-root-266 MuiIconButton-root-260 MuiPrivateSwitchBase-root-256 MuiCheckbox-root-250 MuiCheckbox-colorPrimary-254\\"><span class=\\"MuiIconButton-label-265\\"><svg class=\\"MuiSvgIcon-root-269\\" focusable=\\"false\\" viewBox=\\"0 0 24 24\\" aria-hidden=\\"true\\" role=\\"presentation\\"><path d=\\"M19 5v14H5V5h14m0-2H5c-1.1 0-2 .9-2 2v14c0 1.1.9 2 2 2h14c1.1 0 2-.9 2-2V5c0-1.1-.9-2-2-2z\\"></path></svg><input class=\\"MuiPrivateSwitchBase-input-259\\" id=\\"permissions\\" type=\\"checkbox\\" data-indeterminate=\\"false\\" value=\\"\\"></span><span class=\\"MuiTouchRipple-root-340\\"></span></span><span class=\\"MuiTypography-root-278 MuiTypography-body1-287 MuiFormControlLabel-label-249\\">Available for permissions</span></label></div></div><div class=\\"MuiGrid-container-82 MuiGrid-spacing-xs-16-105 MuiGrid-align-items-xs-flex-end-92\\"><div class=\\"MuiGrid-item-83 MuiGrid-grid-xs-true-110 MuiGrid-grid-sm-true-124 MuiGrid-grid-md-true-138\\"><label class=\\"MuiFormControlLabel-root-244\\"><span class=\\"MuiButtonBase-root-266 MuiIconButton-root-260 MuiPrivateSwitchBase-root-256 MuiCheckbox-root-250 MuiCheckbox-colorPrimary-254\\"><span class=\\"MuiIconButton-label-265\\"><svg class=\\"MuiSvgIcon-root-269\\" focusable=\\"false\\" viewBox=\\"0 0 24 24\\" aria-hidden=\\"true\\" role=\\"presentation\\"><path d=\\"M19 5v14H5V5h14m0-2H5c-1.1 0-2 .9-2 2v14c0 1.1.9 2 2 2h14c1.1 0 2-.9 2-2V5c0-1.1-.9-2-2-2z\\"></path></svg><input class=\\"MuiPrivateSwitchBase-input-259\\" id=\\"status\\" type=\\"checkbox\\" data-indeterminate=\\"false\\" value=\\"\\"></span><span class=\\"MuiTouchRipple-root-340\\"></span></span><span class=\\"MuiTypography-root-278 MuiTypography-body1-287 MuiFormControlLabel-label-249\\">Active</span></label></div></div><div class=\\"MuiGrid-container-82 MuiGrid-justify-xs-flex-end-100\\" style=\\"margin-top: 10px;\\"><button class=\\"MuiButtonBase-root-266 MuiButton-root-314 MuiButton-contained-325 MuiButton-containedPrimary-326 MuiButton-raised-328 MuiButton-raisedPrimary-329\\" tabindex=\\"0\\" type=\\"button\\" style=\\"text-transform: none; margin: 5px;\\"><span class=\\"MuiButton-label-315\\">CANCEL</span><span class=\\"MuiTouchRipple-root-340\\"></span></button><button class=\\"MuiButtonBase-root-266 MuiButton-root-314 MuiButton-contained-325 MuiButton-containedPrimary-326 MuiButton-raised-328 MuiButton-raisedPrimary-329\\" tabindex=\\"0\\" type=\\"submit\\" style=\\"text-transform: none; margin: 5px;\\"><span class=\\"MuiButton-label-315\\">SAVE</span><span class=\\"MuiTouchRipple-root-340\\"></span></button></div></form></div></main>"`;
