// Jest Snapshot v1, https://goo.gl/fbAQLP

exports[`Groups screen Should render HOC with styles properly 1`] = `"<main class=\\"withRouter-Groups--contentList-19 withRouter-Connect-WithStyles-withRouter-Groups-----contentList-5\\"><div><div class=\\"MuiPaper-root-29 MuiPaper-elevation2-33 MuiPaper-rounded-30 withRouter-Groups--titleContainer-24 withRouter-Connect-WithStyles-withRouter-Groups-----titleContainer-10\\"><div class=\\"withRouter-Groups--selectorsContainer-26 withRouter-Connect-WithStyles-withRouter-Groups-----selectorsContainer-12\\"><h2>Groups</h2></div><div class=\\"ButtonAddNew-formRoot-56\\"><button class=\\"MuiButtonBase-root-85 MuiButton-root-59 MuiButton-text-61 MuiButton-flat-64 MuiButton-sizeSmall-82 ButtonAddNew-mobile-57\\" tabindex=\\"0\\" type=\\"button\\"><span class=\\"MuiButton-label-60\\"><strong>Create</strong></span><span class=\\"MuiTouchRipple-root-173\\"></span></button><button class=\\"MuiButtonBase-root-85 MuiFab-root-88 MuiFab-primary-90 MuiFab-sizeSmall-96 ButtonAddNew-desktop-58\\" tabindex=\\"0\\" type=\\"button\\" aria-label=\\"Add\\"><span class=\\"MuiFab-label-89\\"><svg class=\\"MuiSvgIcon-root-98\\" focusable=\\"false\\" viewBox=\\"0 0 24 24\\" aria-hidden=\\"true\\" role=\\"presentation\\"><path d=\\"M19 13h-6v6h-2v-6H5v-2h6V5h2v6h6v2z\\"></path><path fill=\\"none\\" d=\\"M0 0h24v24H0z\\"></path></svg></span><span class=\\"MuiTouchRipple-root-173\\"></span></button></div></div><div class=\\"Spinner-spinnerBlock-108\\"><div class=\\"MuiCircularProgress-root-121 MuiCircularProgress-colorPrimary-124 MuiCircularProgress-indeterminate-123\\" style=\\"width: 40px; height: 40px;\\" role=\\"progressbar\\"><svg class=\\"MuiCircularProgress-svg-126\\" viewBox=\\"22 22 44 44\\"><circle class=\\"MuiCircularProgress-circle-127 MuiCircularProgress-circleIndeterminate-129\\" cx=\\"44\\" cy=\\"44\\" r=\\"20.2\\" fill=\\"none\\" stroke-width=\\"3.6\\"></circle></svg></div></div></div><div class=\\"MuiPaper-root-29 MuiPaper-elevation2-33 MuiPaper-rounded-30 withRouter-Groups--controlsContainer-25 withRouter-Connect-WithStyles-withRouter-Groups-----controlsContainer-11\\" style=\\"margin-top: 24px; margin-bottom: 24px;\\"><div></div><div class=\\"withRouter-Groups--formRoot-20 withRouter-Connect-WithStyles-withRouter-Groups-----formRoot-6\\"><div style=\\"display: flex; margin: 5px; align-items: center;\\"><div class=\\"MuiCircularProgress-root-121 MuiCircularProgress-colorPrimary-124 MuiCircularProgress-indeterminate-123\\" style=\\"width: 24px; height: 24px;\\" role=\\"progressbar\\"><svg class=\\"MuiCircularProgress-svg-126\\" viewBox=\\"22 22 44 44\\"><circle class=\\"MuiCircularProgress-circle-127 MuiCircularProgress-circleIndeterminate-129\\" cx=\\"44\\" cy=\\"44\\" r=\\"20.2\\" fill=\\"none\\" stroke-width=\\"3.6\\"></circle></svg></div></div><div style=\\"display: flex; align-items: center; margin: 5px;\\"><button class=\\"MuiButtonBase-root-85 MuiButtonBase-disabled-86 MuiIconButton-root-131 MuiIconButton-colorPrimary-133 MuiIconButton-disabled-135\\" tabindex=\\"-1\\" type=\\"button\\" disabled=\\"\\" aria-label=\\"Back\\"><span class=\\"MuiIconButton-label-136\\"><svg class=\\"MuiSvgIcon-root-98\\" focusable=\\"false\\" viewBox=\\"0 0 24 24\\" aria-hidden=\\"true\\" role=\\"presentation\\"><path d=\\"M15.41 7.41L14 6l-6 6 6 6 1.41-1.41L10.83 12z\\"></path><path fill=\\"none\\" d=\\"M0 0h24v24H0z\\"></path></svg></span></button></div><p class=\\"MuiTypography-root-137 MuiTypography-body1-146 withRouter-Groups--pageSelectorTitle-21 withRouter-Connect-WithStyles-withRouter-Groups-----pageSelectorTitle-7\\"><strong>1 of 1</strong></p><div style=\\"display: flex; align-items: center; margin: 5px;\\"><button class=\\"MuiButtonBase-root-85 MuiButtonBase-disabled-86 MuiIconButton-root-131 MuiIconButton-colorPrimary-133 MuiIconButton-disabled-135\\" tabindex=\\"-1\\" type=\\"button\\" disabled=\\"\\" aria-label=\\"Next\\"><span class=\\"MuiIconButton-label-136\\"><svg class=\\"MuiSvgIcon-root-98\\" focusable=\\"false\\" viewBox=\\"0 0 24 24\\" aria-hidden=\\"true\\" role=\\"presentation\\"><path d=\\"M10 6L8.59 7.41 13.17 12l-4.58 4.59L10 18l6-6z\\"></path><path fill=\\"none\\" d=\\"M0 0h24v24H0z\\"></path></svg></span></button></div></div></div></main>"`;
