// Jest Snapshot v1, https://goo.gl/fbAQLP

exports[`Login screen Should render login form with fields and styles 1`] = `"<div class=\\"MuiPaper-root-11 MuiPaper-elevation2-15 MuiPaper-rounded-12 ReduxForm-loginFormContainer-6 ReduxForm-loginFormContainer-1\\"><form class=\\"ReduxForm-formPaper-8 ReduxForm-formPaper-3\\"><h3 class=\\"MuiTypography-root-38 MuiTypography-h5-54\\">Sign In</h3><hr><div class=\\"MuiGrid-container-74 MuiGrid-spacing-xs-16-97 MuiGrid-align-items-xs-flex-end-84\\"><div class=\\"MuiGrid-item-75 MuiGrid-grid-xs-true-102 MuiGrid-grid-sm-true-116 MuiGrid-grid-md-true-130\\"><div class=\\"MuiFormControl-root-171 MuiFormControl-fullWidth-174\\"><label class=\\"MuiFormLabel-root-186 MuiFormLabel-filled-190 MuiInputLabel-root-175 MuiInputLabel-formControl-180 MuiInputLabel-animated-183 MuiInputLabel-shrink-182\\" data-shrink=\\"true\\" for=\\"email\\">email</label><div class=\\"MuiInputBase-root-206 MuiInput-root-193 MuiInput-underline-197 MuiInputBase-fullWidth-215 MuiInput-fullWidth-200 MuiInputBase-formControl-207 MuiInput-formControl-194\\"><input aria-invalid=\\"false\\" aria-describedby=\\"email-helper-text\\" class=\\"MuiInputBase-input-216 MuiInput-input-201 MuiInputBase-inputType-219 MuiInput-inputType-204\\" id=\\"email\\" name=\\"email\\" rows=\\"1\\" type=\\"email\\" value=\\"email@test.com\\"></div><p class=\\"MuiFormHelperText-root-223 MuiFormHelperText-filled-229\\" id=\\"email-helper-text\\"> </p></div></div></div><div class=\\"MuiGrid-container-74 MuiGrid-spacing-xs-16-97 MuiGrid-align-items-xs-flex-end-84\\"><div class=\\"MuiGrid-item-75 MuiGrid-grid-xs-true-102 MuiGrid-grid-sm-true-116 MuiGrid-grid-md-true-130\\"><div class=\\"MuiFormControl-root-171 MuiFormControl-fullWidth-174\\"><label class=\\"MuiFormLabel-root-186 MuiFormLabel-filled-190 MuiInputLabel-root-175 MuiInputLabel-formControl-180 MuiInputLabel-animated-183 MuiInputLabel-shrink-182\\" data-shrink=\\"true\\" for=\\"password\\">password</label><div class=\\"MuiInputBase-root-206 MuiInput-root-193 MuiInput-underline-197 MuiInputBase-fullWidth-215 MuiInput-fullWidth-200 MuiInputBase-formControl-207 MuiInput-formControl-194\\"><input aria-invalid=\\"false\\" aria-describedby=\\"password-helper-text\\" class=\\"MuiInputBase-input-216 MuiInput-input-201 MuiInputBase-inputType-219 MuiInput-inputType-204\\" id=\\"password\\" name=\\"password\\" rows=\\"1\\" type=\\"password\\" value=\\"password\\"></div><p class=\\"MuiFormHelperText-root-223 MuiFormHelperText-filled-229\\" id=\\"password-helper-text\\"> </p></div></div></div><div class=\\"MuiGrid-container-74 MuiGrid-align-items-xs-center-82 MuiGrid-justify-xs-space-between-93\\"><div class=\\"MuiGrid-item-75\\"><button class=\\"MuiButtonBase-root-257 MuiButton-root-231 MuiButton-text-233 MuiButton-textPrimary-234 MuiButton-flat-236 MuiButton-flatPrimary-237\\" tabindex=\\"0\\" type=\\"button\\" style=\\"text-transform: none;\\"><span class=\\"MuiButton-label-232\\">Forgot password ?</span></button></div></div><div class=\\"MuiGrid-container-74\\" style=\\"margin-top: 10px;\\"><button class=\\"MuiButtonBase-root-257 MuiButton-root-231 MuiButton-outlined-239 MuiButton-outlinedPrimary-240\\" tabindex=\\"0\\" type=\\"submit\\" style=\\"text-transform: none;\\"><span class=\\"MuiButton-label-232\\">SIGN IN</span><span class=\\"MuiTouchRipple-root-260\\"></span></button></div></form></div>"`;
