// Jest Snapshot v1, https://goo.gl/fbAQLP

exports[`Messages screen Should render HOC with styles properly 1`] = `"<main class=\\"withRouter-Messages--contentList-19 withRouter-Connect-WithStyles-withRouter-Messages-----contentList-5\\"><div><div class=\\"MuiPaper-root-29 MuiPaper-elevation2-33 MuiPaper-rounded-30 withRouter-Messages--titleContainer-24 withRouter-Connect-WithStyles-withRouter-Messages-----titleContainer-10\\"><div class=\\"withRouter-Messages--selectorsContainer-26 withRouter-Connect-WithStyles-withRouter-Messages-----selectorsContainer-12\\"><h2>Messages</h2></div><div class=\\"ButtonAddNew-formRoot-56\\"><button class=\\"MuiButtonBase-root-85 MuiButton-root-59 MuiButton-text-61 MuiButton-flat-64 MuiButton-sizeSmall-82 ButtonAddNew-mobile-57\\" tabindex=\\"0\\" type=\\"button\\"><span class=\\"MuiButton-label-60\\"><strong>Create</strong></span><span class=\\"MuiTouchRipple-root-268\\"></span></button><button class=\\"MuiButtonBase-root-85 MuiFab-root-88 MuiFab-primary-90 MuiFab-sizeSmall-96 ButtonAddNew-desktop-58\\" tabindex=\\"0\\" type=\\"button\\" aria-label=\\"Add\\"><span class=\\"MuiFab-label-89\\"><svg class=\\"MuiSvgIcon-root-98\\" focusable=\\"false\\" viewBox=\\"0 0 24 24\\" aria-hidden=\\"true\\" role=\\"presentation\\"><path d=\\"M19 13h-6v6h-2v-6H5v-2h6V5h2v6h6v2z\\"></path><path fill=\\"none\\" d=\\"M0 0h24v24H0z\\"></path></svg></span><span class=\\"MuiTouchRipple-root-268\\"></span></button></div></div><div class=\\"MuiPaper-root-29 MuiPaper-elevation1-32 MuiPaper-rounded-30 SearchBar-searchRoot-116\\"><div style=\\"color: rgba(0, 0, 0, 0.54);\\"><span class=\\"material-icons MuiIcon-root-129\\" aria-hidden=\\"true\\" title=\\"Search by User\`s Name, Surname or Subject\\">help_outline</span></div><hr class=\\"MuiDivider-root-138 SearchBar-divider-117\\"><div class=\\"MuiInputBase-root-143 SearchBar-inputRoot-119\\"><input class=\\"MuiInputBase-input-153 MuiInputBase-inputType-156 MuiInputBase-inputTypeSearch-157\\" placeholder=\\"Searchâ€¦\\" type=\\"search\\" value=\\"\\"></div><svg class=\\"MuiSvgIcon-root-98\\" focusable=\\"false\\" viewBox=\\"0 0 24 24\\" aria-hidden=\\"true\\" role=\\"presentation\\" style=\\"color: rgba(0, 0, 0, 0.54);\\"><path d=\\"M15.5 14h-.79l-.28-.27C15.41 12.59 16 11.11 16 9.5 16 5.91 13.09 3 9.5 3S3 5.91 3 9.5 5.91 16 9.5 16c1.61 0 3.09-.59 4.23-1.57l.27.28v.79l5 4.99L20.49 19l-4.99-5zm-6 0C7.01 14 5 11.99 5 9.5S7.01 5 9.5 5 14 7.01 14 9.5 11.99 14 9.5 14z\\"></path><path fill=\\"none\\" d=\\"M0 0h24v24H0z\\"></path></svg></div><div class=\\"Spinner-spinnerBlock-161\\"><div class=\\"MuiCircularProgress-root-174 MuiCircularProgress-colorPrimary-177 MuiCircularProgress-indeterminate-176\\" style=\\"width: 40px; height: 40px;\\" role=\\"progressbar\\"><svg class=\\"MuiCircularProgress-svg-179\\" viewBox=\\"22 22 44 44\\"><circle class=\\"MuiCircularProgress-circle-180 MuiCircularProgress-circleIndeterminate-182\\" cx=\\"44\\" cy=\\"44\\" r=\\"20.2\\" fill=\\"none\\" stroke-width=\\"3.6\\"></circle></svg></div></div></div><div class=\\"MuiPaper-root-29 MuiPaper-elevation2-33 MuiPaper-rounded-30 withRouter-Messages--controlsContainer-25 withRouter-Connect-WithStyles-withRouter-Messages-----controlsContainer-11\\" style=\\"margin-top: 24px; margin-bottom: 24px;\\"><div class=\\"withRouter-Messages--formLimitSelector-22 withRouter-Connect-WithStyles-withRouter-Messages-----formLimitSelector-8\\"><div class=\\"MuiFormControl-root-184 withRouter-Messages--formControl-23 withRouter-Connect-WithStyles-withRouter-Messages-----formControl-9\\"><label class=\\"MuiFormLabel-root-199 MuiFormLabel-filled-203 MuiInputLabel-root-188 MuiInputLabel-formControl-193 MuiInputLabel-animated-196 MuiInputLabel-shrink-195\\" data-shrink=\\"true\\">Results limit</label><div class=\\"MuiInputBase-root-143 MuiInput-root-213 MuiInput-underline-217 MuiInputBase-formControl-144 MuiInput-formControl-214\\"><div class=\\"MuiSelect-root-206\\"><select class=\\"MuiSelect-select-207 MuiInputBase-input-153 MuiInput-input-221\\" aria-invalid=\\"false\\"><option value=\\"10\\">10</option><option value=\\"20\\">20</option><option value=\\"30\\">30</option><option value=\\"50\\">50</option><option value=\\"60\\">60</option></select><svg class=\\"MuiSvgIcon-root-98 MuiSelect-icon-212\\" focusable=\\"false\\" viewBox=\\"0 0 24 24\\" aria-hidden=\\"true\\" role=\\"presentation\\"><path d=\\"M7 10l5 5 5-5z\\"></path></svg></div></div></div></div><div class=\\"withRouter-Messages--formRoot-20 withRouter-Connect-WithStyles-withRouter-Messages-----formRoot-6\\"><div style=\\"display: flex; margin: 5px; align-items: center;\\"><div class=\\"MuiCircularProgress-root-174 MuiCircularProgress-colorPrimary-177 MuiCircularProgress-indeterminate-176\\" style=\\"width: 24px; height: 24px;\\" role=\\"progressbar\\"><svg class=\\"MuiCircularProgress-svg-179\\" viewBox=\\"22 22 44 44\\"><circle class=\\"MuiCircularProgress-circle-180 MuiCircularProgress-circleIndeterminate-182\\" cx=\\"44\\" cy=\\"44\\" r=\\"20.2\\" fill=\\"none\\" stroke-width=\\"3.6\\"></circle></svg></div></div><div style=\\"display: flex; align-items: center; margin: 5px;\\"><button class=\\"MuiButtonBase-root-85 MuiButtonBase-disabled-86 MuiIconButton-root-226 MuiIconButton-colorPrimary-228 MuiIconButton-disabled-230\\" tabindex=\\"-1\\" type=\\"button\\" disabled=\\"\\" aria-label=\\"Back\\"><span class=\\"MuiIconButton-label-231\\"><svg class=\\"MuiSvgIcon-root-98\\" focusable=\\"false\\" viewBox=\\"0 0 24 24\\" aria-hidden=\\"true\\" role=\\"presentation\\"><path d=\\"M15.41 7.41L14 6l-6 6 6 6 1.41-1.41L10.83 12z\\"></path><path fill=\\"none\\" d=\\"M0 0h24v24H0z\\"></path></svg></span></button></div><p class=\\"MuiTypography-root-232 MuiTypography-body1-241 withRouter-Messages--pageSelectorTitle-21 withRouter-Connect-WithStyles-withRouter-Messages-----pageSelectorTitle-7\\"><strong>1 of 1</strong></p><div style=\\"display: flex; align-items: center; margin: 5px;\\"><button class=\\"MuiButtonBase-root-85 MuiButtonBase-disabled-86 MuiIconButton-root-226 MuiIconButton-colorPrimary-228 MuiIconButton-disabled-230\\" tabindex=\\"-1\\" type=\\"button\\" disabled=\\"\\" aria-label=\\"Next\\"><span class=\\"MuiIconButton-label-231\\"><svg class=\\"MuiSvgIcon-root-98\\" focusable=\\"false\\" viewBox=\\"0 0 24 24\\" aria-hidden=\\"true\\" role=\\"presentation\\"><path d=\\"M10 6L8.59 7.41 13.17 12l-4.58 4.59L10 18l6-6z\\"></path><path fill=\\"none\\" d=\\"M0 0h24v24H0z\\"></path></svg></span></button></div></div></div></main>"`;
