// Jest Snapshot v1, https://goo.gl/fbAQLP

exports[`Statistics screen Should render HOC with styles properly 1`] = `"<main class=\\"withRouter-Statistics--contentSingle-18 withRouter-Connect-WithStyles-withRouter-Statistics-----contentSingle-4\\"><div class=\\"MuiPaper-root-29 MuiPaper-elevation2-33 MuiPaper-rounded-30 withRouter-Statistics--titleContainer-24 withRouter-Connect-WithStyles-withRouter-Statistics-----titleContainer-10\\"><h2>Statistics</h2><div class=\\"MuiCircularProgress-root-56 MuiCircularProgress-colorPrimary-59 MuiCircularProgress-indeterminate-58\\" style=\\"width: 24px; height: 24px; margin: 12px;\\" role=\\"progressbar\\"><svg class=\\"MuiCircularProgress-svg-61\\" viewBox=\\"22 22 44 44\\"><circle class=\\"MuiCircularProgress-circle-62 MuiCircularProgress-circleIndeterminate-64\\" cx=\\"44\\" cy=\\"44\\" r=\\"20.2\\" fill=\\"none\\" stroke-width=\\"3.6\\"></circle></svg></div></div><div class=\\"MuiGrid-container-66 MuiGrid-spacing-xs-24-90\\" style=\\"margin-top: 24px;\\"><div class=\\"MuiGrid-item-67 MuiGrid-grid-md-12-134 MuiGrid-grid-lg-6-142\\" style=\\"width: 100%;\\"><h3>Users</h3><div class=\\"MuiPaper-root-29 MuiPaper-elevation2-33 MuiPaper-rounded-30\\" style=\\"display: flex; justify-content: space-between; padding-right: 10px; padding-left: 10px;\\"><iframe title=\\"ifmcontentstoprint\\" id=\\"ifmcontentstoprint\\" style=\\"height: 0px; width: 0px; position: absolute; border: 0px;\\"></iframe><div style=\\"display: flex; flex-direction: row;\\"><div><div class=\\"MuiFormControl-root-189 ChartContainer-formControl-168\\"><label class=\\"MuiFormLabel-root-204 MuiFormLabel-filled-208 MuiInputLabel-root-193 MuiInputLabel-formControl-198 MuiInputLabel-animated-201 MuiInputLabel-shrink-200\\" data-shrink=\\"true\\">Months</label><div class=\\"MuiInputBase-root-231 MuiInput-root-218 MuiInput-underline-222 MuiInputBase-formControl-232 MuiInput-formControl-219\\"><div class=\\"MuiSelect-root-211\\"><select class=\\"MuiSelect-select-212 MuiInputBase-input-241 MuiInput-input-226\\" aria-invalid=\\"false\\"><option value=\\"6\\">6</option><option value=\\"12\\">12</option><option value=\\"24\\">24</option><option value=\\"36\\">36</option><option value=\\"48\\">48</option></select><svg class=\\"MuiSvgIcon-root-248 MuiSelect-icon-217\\" focusable=\\"false\\" viewBox=\\"0 0 24 24\\" aria-hidden=\\"true\\" role=\\"presentation\\"><path d=\\"M7 10l5 5 5-5z\\"></path></svg></div></div></div></div><div class=\\"MuiFormControl-root-189 ChartContainer-formControl-168\\"><label class=\\"MuiFormLabel-root-204 MuiFormLabel-filled-208 MuiInputLabel-root-193 MuiInputLabel-formControl-198 MuiInputLabel-animated-201 MuiInputLabel-shrink-200\\" data-shrink=\\"true\\">Chart</label><div class=\\"MuiInputBase-root-231 MuiInput-root-218 MuiInput-underline-222 MuiInputBase-formControl-232 MuiInput-formControl-219\\"><div class=\\"MuiSelect-root-211\\"><div class=\\"MuiSelect-select-212 MuiSelect-selectMenu-215 MuiInputBase-input-241 MuiInput-input-226\\" aria-pressed=\\"false\\" tabindex=\\"0\\" role=\\"button\\" aria-haspopup=\\"true\\" id=\\"select-style\\">HBars</div><input name=\\"style\\" type=\\"hidden\\" id=\\"charts-style\\" value=\\"1\\"><svg class=\\"MuiSvgIcon-root-248 MuiSelect-icon-217\\" focusable=\\"false\\" viewBox=\\"0 0 24 24\\" aria-hidden=\\"true\\" role=\\"presentation\\"><path d=\\"M7 10l5 5 5-5z\\"></path></svg></div></div><p class=\\"MuiFormHelperText-root-261 MuiFormHelperText-filled-267\\">Select styles</p></div><div style=\\"display: flex; flex-direction: column; justify-content: center; margin-left: 5px; margin-right: 5px;\\"><strong class=\\"ChartContainer-desktop-166\\">Total: 0</strong></div></div><div class=\\"ChartContainer-reportBtnContainer-165\\"><li class=\\"MuiListItem-root-269 MuiListItem-default-272 MuiListItem-gutters-277\\" style=\\"padding: 0px; margin-top: 3px; margin-bottom: 3px;\\"><button class=\\"MuiButtonBase-root-287 MuiIconButton-root-281 ChartContainer-desktop-166\\" tabindex=\\"0\\" type=\\"button\\" aria-label=\\"Create csv report\\"><span class=\\"MuiIconButton-label-286\\"><img style=\\"width: 24px;\\" src=\\"csv-file-format-symbol.svg\\" alt=\\"Create csv report\\"></span><span class=\\"MuiTouchRipple-root-330\\"></span></button><button class=\\"MuiButtonBase-root-287 MuiButton-root-290 MuiButton-text-292 MuiButton-flat-295 MuiButton-sizeSmall-313 ChartContainer-mobile-164\\" tabindex=\\"0\\" type=\\"button\\" style=\\"font-size: 0.5rem;\\"><span class=\\"MuiButton-label-291\\">CSV</span><span class=\\"MuiTouchRipple-root-330\\"></span></button></li><li class=\\"MuiListItem-root-269 MuiListItem-default-272 MuiListItem-gutters-277\\" style=\\"padding: 0px; margin-top: 3px; margin-bottom: 3px;\\"><button class=\\"MuiButtonBase-root-287 MuiIconButton-root-281 ChartContainer-desktop-166\\" tabindex=\\"0\\" type=\\"button\\" aria-label=\\"Create excel report\\"><span class=\\"MuiIconButton-label-286\\"><img style=\\"width: 24px;\\" src=\\"xlsx-file-format-symbol.svg\\" alt=\\"Create excel report\\"></span><span class=\\"MuiTouchRipple-root-330\\"></span></button><button class=\\"MuiButtonBase-root-287 MuiButton-root-290 MuiButton-text-292 MuiButton-flat-295 MuiButton-sizeSmall-313 ChartContainer-mobile-164\\" tabindex=\\"0\\" type=\\"button\\" style=\\"font-size: 0.5rem;\\"><span class=\\"MuiButton-label-291\\">XLSX</span><span class=\\"MuiTouchRipple-root-330\\"></span></button></li><li class=\\"MuiListItem-root-269 MuiListItem-default-272 MuiListItem-gutters-277\\" style=\\"padding: 0px; margin-top: 3px; margin-bottom: 3px;\\"><button class=\\"MuiButtonBase-root-287 MuiIconButton-root-281 ChartContainer-desktop-166\\" tabindex=\\"0\\" type=\\"button\\" aria-label=\\"Create pdf report\\"><span class=\\"MuiIconButton-label-286\\"><img style=\\"width: 24px;\\" src=\\"pdf-file-format-symbol.svg\\" alt=\\"Create pdf report\\"></span><span class=\\"MuiTouchRipple-root-330\\"></span></button><button class=\\"MuiButtonBase-root-287 MuiButton-root-290 MuiButton-text-292 MuiButton-flat-295 MuiButton-sizeSmall-313 ChartContainer-mobile-164\\" tabindex=\\"0\\" type=\\"button\\" style=\\"font-size: 0.5rem;\\"><span class=\\"MuiButton-label-291\\">PDF</span><span class=\\"MuiTouchRipple-root-330\\"></span></button></li></div></div><div style=\\"min-height: 100px;\\"><div class=\\"Spinner-spinnerBlock-317\\"><div class=\\"MuiCircularProgress-root-56 MuiCircularProgress-colorPrimary-59 MuiCircularProgress-indeterminate-58\\" style=\\"width: 40px; height: 40px;\\" role=\\"progressbar\\"><svg class=\\"MuiCircularProgress-svg-61\\" viewBox=\\"22 22 44 44\\"><circle class=\\"MuiCircularProgress-circle-62 MuiCircularProgress-circleIndeterminate-64\\" cx=\\"44\\" cy=\\"44\\" r=\\"20.2\\" fill=\\"none\\" stroke-width=\\"3.6\\"></circle></svg></div></div></div></div><div class=\\"MuiGrid-item-67 MuiGrid-grid-md-12-134 MuiGrid-grid-lg-6-142\\" style=\\"width: 100%;\\"><h3>Permissions</h3><div class=\\"MuiPaper-root-29 MuiPaper-elevation2-33 MuiPaper-rounded-30\\" style=\\"display: flex; justify-content: space-between; padding-right: 10px; padding-left: 10px;\\"><iframe title=\\"ifmcontentstoprint\\" id=\\"ifmcontentstoprint\\" style=\\"height: 0px; width: 0px; position: absolute; border: 0px;\\"></iframe><div style=\\"display: flex; flex-direction: row;\\"><div><div class=\\"MuiFormControl-root-189 ChartContainer-formControl-168\\"><label class=\\"MuiFormLabel-root-204 MuiFormLabel-filled-208 MuiInputLabel-root-193 MuiInputLabel-formControl-198 MuiInputLabel-animated-201 MuiInputLabel-shrink-200\\" data-shrink=\\"true\\">Months</label><div class=\\"MuiInputBase-root-231 MuiInput-root-218 MuiInput-underline-222 MuiInputBase-disabled-234 MuiInput-disabled-221 MuiInputBase-formControl-232 MuiInput-formControl-219\\"><div class=\\"MuiSelect-root-211\\"><select class=\\"MuiSelect-select-212 MuiSelect-disabled-216 MuiInputBase-input-241 MuiInput-input-226 MuiInputBase-disabled-234 MuiInput-disabled-221\\" disabled=\\"\\" aria-invalid=\\"false\\"><option value=\\"Total\\">Total</option></select><svg class=\\"MuiSvgIcon-root-248 MuiSelect-icon-217\\" focusable=\\"false\\" viewBox=\\"0 0 24 24\\" aria-hidden=\\"true\\" role=\\"presentation\\"><path d=\\"M7 10l5 5 5-5z\\"></path></svg></div></div></div></div><div class=\\"MuiFormControl-root-189 ChartContainer-formControl-168\\"><label class=\\"MuiFormLabel-root-204 MuiFormLabel-filled-208 MuiInputLabel-root-193 MuiInputLabel-formControl-198 MuiInputLabel-animated-201 MuiInputLabel-shrink-200\\" data-shrink=\\"true\\">Chart</label><div class=\\"MuiInputBase-root-231 MuiInput-root-218 MuiInput-underline-222 MuiInputBase-formControl-232 MuiInput-formControl-219\\"><div class=\\"MuiSelect-root-211\\"><div class=\\"MuiSelect-select-212 MuiSelect-selectMenu-215 MuiInputBase-input-241 MuiInput-input-226\\" aria-pressed=\\"false\\" tabindex=\\"0\\" role=\\"button\\" aria-haspopup=\\"true\\" id=\\"select-style\\">HBars</div><input name=\\"style\\" type=\\"hidden\\" id=\\"charts-style\\" value=\\"1\\"><svg class=\\"MuiSvgIcon-root-248 MuiSelect-icon-217\\" focusable=\\"false\\" viewBox=\\"0 0 24 24\\" aria-hidden=\\"true\\" role=\\"presentation\\"><path d=\\"M7 10l5 5 5-5z\\"></path></svg></div></div><p class=\\"MuiFormHelperText-root-261 MuiFormHelperText-filled-267\\">Select styles</p></div><div style=\\"display: flex; flex-direction: column; justify-content: center; margin-left: 5px; margin-right: 5px;\\"><strong class=\\"ChartContainer-desktop-166\\">Total: 0</strong></div></div><div class=\\"ChartContainer-reportBtnContainer-165\\"><li class=\\"MuiListItem-root-269 MuiListItem-default-272 MuiListItem-gutters-277\\" style=\\"padding: 0px; margin-top: 3px; margin-bottom: 3px;\\"><button class=\\"MuiButtonBase-root-287 MuiIconButton-root-281 ChartContainer-desktop-166\\" tabindex=\\"0\\" type=\\"button\\" aria-label=\\"Create csv report\\"><span class=\\"MuiIconButton-label-286\\"><img style=\\"width: 24px;\\" src=\\"csv-file-format-symbol.svg\\" alt=\\"Create csv report\\"></span><span class=\\"MuiTouchRipple-root-330\\"></span></button><button class=\\"MuiButtonBase-root-287 MuiButton-root-290 MuiButton-text-292 MuiButton-flat-295 MuiButton-sizeSmall-313 ChartContainer-mobile-164\\" tabindex=\\"0\\" type=\\"button\\" style=\\"font-size: 0.5rem;\\"><span class=\\"MuiButton-label-291\\">CSV</span><span class=\\"MuiTouchRipple-root-330\\"></span></button></li><li class=\\"MuiListItem-root-269 MuiListItem-default-272 MuiListItem-gutters-277\\" style=\\"padding: 0px; margin-top: 3px; margin-bottom: 3px;\\"><button class=\\"MuiButtonBase-root-287 MuiIconButton-root-281 ChartContainer-desktop-166\\" tabindex=\\"0\\" type=\\"button\\" aria-label=\\"Create excel report\\"><span class=\\"MuiIconButton-label-286\\"><img style=\\"width: 24px;\\" src=\\"xlsx-file-format-symbol.svg\\" alt=\\"Create excel report\\"></span><span class=\\"MuiTouchRipple-root-330\\"></span></button><button class=\\"MuiButtonBase-root-287 MuiButton-root-290 MuiButton-text-292 MuiButton-flat-295 MuiButton-sizeSmall-313 ChartContainer-mobile-164\\" tabindex=\\"0\\" type=\\"button\\" style=\\"font-size: 0.5rem;\\"><span class=\\"MuiButton-label-291\\">XLSX</span><span class=\\"MuiTouchRipple-root-330\\"></span></button></li><li class=\\"MuiListItem-root-269 MuiListItem-default-272 MuiListItem-gutters-277\\" style=\\"padding: 0px; margin-top: 3px; margin-bottom: 3px;\\"><button class=\\"MuiButtonBase-root-287 MuiIconButton-root-281 ChartContainer-desktop-166\\" tabindex=\\"0\\" type=\\"button\\" aria-label=\\"Create pdf report\\"><span class=\\"MuiIconButton-label-286\\"><img style=\\"width: 24px;\\" src=\\"pdf-file-format-symbol.svg\\" alt=\\"Create pdf report\\"></span><span class=\\"MuiTouchRipple-root-330\\"></span></button><button class=\\"MuiButtonBase-root-287 MuiButton-root-290 MuiButton-text-292 MuiButton-flat-295 MuiButton-sizeSmall-313 ChartContainer-mobile-164\\" tabindex=\\"0\\" type=\\"button\\" style=\\"font-size: 0.5rem;\\"><span class=\\"MuiButton-label-291\\">PDF</span><span class=\\"MuiTouchRipple-root-330\\"></span></button></li></div></div><div style=\\"min-height: 100px;\\"><div class=\\"Spinner-spinnerBlock-317\\"><div class=\\"MuiCircularProgress-root-56 MuiCircularProgress-colorPrimary-59 MuiCircularProgress-indeterminate-58\\" style=\\"width: 40px; height: 40px;\\" role=\\"progressbar\\"><svg class=\\"MuiCircularProgress-svg-61\\" viewBox=\\"22 22 44 44\\"><circle class=\\"MuiCircularProgress-circle-62 MuiCircularProgress-circleIndeterminate-64\\" cx=\\"44\\" cy=\\"44\\" r=\\"20.2\\" fill=\\"none\\" stroke-width=\\"3.6\\"></circle></svg></div></div></div></div><div class=\\"MuiGrid-item-67 MuiGrid-grid-md-12-134 MuiGrid-grid-lg-6-142\\" style=\\"width: 100%;\\"><h3>Tickets</h3><div class=\\"MuiPaper-root-29 MuiPaper-elevation2-33 MuiPaper-rounded-30\\" style=\\"display: flex; justify-content: space-between; padding-right: 10px; padding-left: 10px;\\"><iframe title=\\"ifmcontentstoprint\\" id=\\"ifmcontentstoprint\\" style=\\"height: 0px; width: 0px; position: absolute; border: 0px;\\"></iframe><div style=\\"display: flex; flex-direction: row;\\"><div><div class=\\"MuiFormControl-root-189 ChartContainer-formControl-168\\"><label class=\\"MuiFormLabel-root-204 MuiFormLabel-filled-208 MuiInputLabel-root-193 MuiInputLabel-formControl-198 MuiInputLabel-animated-201 MuiInputLabel-shrink-200\\" data-shrink=\\"true\\">Months</label><div class=\\"MuiInputBase-root-231 MuiInput-root-218 MuiInput-underline-222 MuiInputBase-formControl-232 MuiInput-formControl-219\\"><div class=\\"MuiSelect-root-211\\"><select class=\\"MuiSelect-select-212 MuiInputBase-input-241 MuiInput-input-226\\" aria-invalid=\\"false\\"><option value=\\"6\\">6</option><option value=\\"12\\">12</option><option value=\\"24\\">24</option><option value=\\"36\\">36</option><option value=\\"48\\">48</option></select><svg class=\\"MuiSvgIcon-root-248 MuiSelect-icon-217\\" focusable=\\"false\\" viewBox=\\"0 0 24 24\\" aria-hidden=\\"true\\" role=\\"presentation\\"><path d=\\"M7 10l5 5 5-5z\\"></path></svg></div></div></div></div><div class=\\"MuiFormControl-root-189 ChartContainer-formControl-168\\"><label class=\\"MuiFormLabel-root-204 MuiFormLabel-filled-208 MuiInputLabel-root-193 MuiInputLabel-formControl-198 MuiInputLabel-animated-201 MuiInputLabel-shrink-200\\" data-shrink=\\"true\\">Chart</label><div class=\\"MuiInputBase-root-231 MuiInput-root-218 MuiInput-underline-222 MuiInputBase-formControl-232 MuiInput-formControl-219\\"><div class=\\"MuiSelect-root-211\\"><div class=\\"MuiSelect-select-212 MuiSelect-selectMenu-215 MuiInputBase-input-241 MuiInput-input-226\\" aria-pressed=\\"false\\" tabindex=\\"0\\" role=\\"button\\" aria-haspopup=\\"true\\" id=\\"select-style\\">VBars</div><input name=\\"style\\" type=\\"hidden\\" id=\\"charts-style\\" value=\\"0\\"><svg class=\\"MuiSvgIcon-root-248 MuiSelect-icon-217\\" focusable=\\"false\\" viewBox=\\"0 0 24 24\\" aria-hidden=\\"true\\" role=\\"presentation\\"><path d=\\"M7 10l5 5 5-5z\\"></path></svg></div></div><p class=\\"MuiFormHelperText-root-261 MuiFormHelperText-filled-267\\">Select styles</p></div><div style=\\"display: flex; flex-direction: column; justify-content: center; margin-left: 5px; margin-right: 5px;\\"><strong class=\\"ChartContainer-desktop-166\\">Total: 0</strong></div></div><div class=\\"ChartContainer-reportBtnContainer-165\\"><li class=\\"MuiListItem-root-269 MuiListItem-default-272 MuiListItem-gutters-277\\" style=\\"padding: 0px; margin-top: 3px; margin-bottom: 3px;\\"><button class=\\"MuiButtonBase-root-287 MuiIconButton-root-281 ChartContainer-desktop-166\\" tabindex=\\"0\\" type=\\"button\\" aria-label=\\"Create csv report\\"><span class=\\"MuiIconButton-label-286\\"><img style=\\"width: 24px;\\" src=\\"csv-file-format-symbol.svg\\" alt=\\"Create csv report\\"></span><span class=\\"MuiTouchRipple-root-330\\"></span></button><button class=\\"MuiButtonBase-root-287 MuiButton-root-290 MuiButton-text-292 MuiButton-flat-295 MuiButton-sizeSmall-313 ChartContainer-mobile-164\\" tabindex=\\"0\\" type=\\"button\\" style=\\"font-size: 0.5rem;\\"><span class=\\"MuiButton-label-291\\">CSV</span><span class=\\"MuiTouchRipple-root-330\\"></span></button></li><li class=\\"MuiListItem-root-269 MuiListItem-default-272 MuiListItem-gutters-277\\" style=\\"padding: 0px; margin-top: 3px; margin-bottom: 3px;\\"><button class=\\"MuiButtonBase-root-287 MuiIconButton-root-281 ChartContainer-desktop-166\\" tabindex=\\"0\\" type=\\"button\\" aria-label=\\"Create excel report\\"><span class=\\"MuiIconButton-label-286\\"><img style=\\"width: 24px;\\" src=\\"xlsx-file-format-symbol.svg\\" alt=\\"Create excel report\\"></span><span class=\\"MuiTouchRipple-root-330\\"></span></button><button class=\\"MuiButtonBase-root-287 MuiButton-root-290 MuiButton-text-292 MuiButton-flat-295 MuiButton-sizeSmall-313 ChartContainer-mobile-164\\" tabindex=\\"0\\" type=\\"button\\" style=\\"font-size: 0.5rem;\\"><span class=\\"MuiButton-label-291\\">XLSX</span><span class=\\"MuiTouchRipple-root-330\\"></span></button></li><li class=\\"MuiListItem-root-269 MuiListItem-default-272 MuiListItem-gutters-277\\" style=\\"padding: 0px; margin-top: 3px; margin-bottom: 3px;\\"><button class=\\"MuiButtonBase-root-287 MuiIconButton-root-281 ChartContainer-desktop-166\\" tabindex=\\"0\\" type=\\"button\\" aria-label=\\"Create pdf report\\"><span class=\\"MuiIconButton-label-286\\"><img style=\\"width: 24px;\\" src=\\"pdf-file-format-symbol.svg\\" alt=\\"Create pdf report\\"></span><span class=\\"MuiTouchRipple-root-330\\"></span></button><button class=\\"MuiButtonBase-root-287 MuiButton-root-290 MuiButton-text-292 MuiButton-flat-295 MuiButton-sizeSmall-313 ChartContainer-mobile-164\\" tabindex=\\"0\\" type=\\"button\\" style=\\"font-size: 0.5rem;\\"><span class=\\"MuiButton-label-291\\">PDF</span><span class=\\"MuiTouchRipple-root-330\\"></span></button></li></div></div><div style=\\"min-height: 100px;\\"><div class=\\"Spinner-spinnerBlock-317\\"><div class=\\"MuiCircularProgress-root-56 MuiCircularProgress-colorPrimary-59 MuiCircularProgress-indeterminate-58\\" style=\\"width: 40px; height: 40px;\\" role=\\"progressbar\\"><svg class=\\"MuiCircularProgress-svg-61\\" viewBox=\\"22 22 44 44\\"><circle class=\\"MuiCircularProgress-circle-62 MuiCircularProgress-circleIndeterminate-64\\" cx=\\"44\\" cy=\\"44\\" r=\\"20.2\\" fill=\\"none\\" stroke-width=\\"3.6\\"></circle></svg></div></div></div></div><div class=\\"MuiGrid-item-67 MuiGrid-grid-md-12-134 MuiGrid-grid-lg-6-142\\" style=\\"width: 100%;\\"><h3>Groups</h3><div class=\\"MuiPaper-root-29 MuiPaper-elevation2-33 MuiPaper-rounded-30\\" style=\\"display: flex; justify-content: space-between; padding-right: 10px; padding-left: 10px;\\"><iframe title=\\"ifmcontentstoprint\\" id=\\"ifmcontentstoprint\\" style=\\"height: 0px; width: 0px; position: absolute; border: 0px;\\"></iframe><div style=\\"display: flex; flex-direction: row;\\"><div><div class=\\"MuiFormControl-root-189 ChartContainer-formControl-168\\"><label class=\\"MuiFormLabel-root-204 MuiFormLabel-filled-208 MuiInputLabel-root-193 MuiInputLabel-formControl-198 MuiInputLabel-animated-201 MuiInputLabel-shrink-200\\" data-shrink=\\"true\\">Months</label><div class=\\"MuiInputBase-root-231 MuiInput-root-218 MuiInput-underline-222 MuiInputBase-disabled-234 MuiInput-disabled-221 MuiInputBase-formControl-232 MuiInput-formControl-219\\"><div class=\\"MuiSelect-root-211\\"><select class=\\"MuiSelect-select-212 MuiSelect-disabled-216 MuiInputBase-input-241 MuiInput-input-226 MuiInputBase-disabled-234 MuiInput-disabled-221\\" disabled=\\"\\" aria-invalid=\\"false\\"><option value=\\"Total\\">Total</option></select><svg class=\\"MuiSvgIcon-root-248 MuiSelect-icon-217\\" focusable=\\"false\\" viewBox=\\"0 0 24 24\\" aria-hidden=\\"true\\" role=\\"presentation\\"><path d=\\"M7 10l5 5 5-5z\\"></path></svg></div></div></div></div><div class=\\"MuiFormControl-root-189 ChartContainer-formControl-168\\"><label class=\\"MuiFormLabel-root-204 MuiFormLabel-filled-208 MuiInputLabel-root-193 MuiInputLabel-formControl-198 MuiInputLabel-animated-201 MuiInputLabel-shrink-200\\" data-shrink=\\"true\\">Chart</label><div class=\\"MuiInputBase-root-231 MuiInput-root-218 MuiInput-underline-222 MuiInputBase-formControl-232 MuiInput-formControl-219\\"><div class=\\"MuiSelect-root-211\\"><div class=\\"MuiSelect-select-212 MuiSelect-selectMenu-215 MuiInputBase-input-241 MuiInput-input-226\\" aria-pressed=\\"false\\" tabindex=\\"0\\" role=\\"button\\" aria-haspopup=\\"true\\" id=\\"select-style\\">PieChart</div><input name=\\"style\\" type=\\"hidden\\" id=\\"charts-style\\" value=\\"2\\"><svg class=\\"MuiSvgIcon-root-248 MuiSelect-icon-217\\" focusable=\\"false\\" viewBox=\\"0 0 24 24\\" aria-hidden=\\"true\\" role=\\"presentation\\"><path d=\\"M7 10l5 5 5-5z\\"></path></svg></div></div><p class=\\"MuiFormHelperText-root-261 MuiFormHelperText-filled-267\\">Select styles</p></div><div style=\\"display: flex; flex-direction: column; justify-content: center; margin-left: 5px; margin-right: 5px;\\"><strong class=\\"ChartContainer-desktop-166\\">Total: 0</strong></div></div><div class=\\"ChartContainer-reportBtnContainer-165\\"><li class=\\"MuiListItem-root-269 MuiListItem-default-272 MuiListItem-gutters-277\\" style=\\"padding: 0px; margin-top: 3px; margin-bottom: 3px;\\"><button class=\\"MuiButtonBase-root-287 MuiIconButton-root-281 ChartContainer-desktop-166\\" tabindex=\\"0\\" type=\\"button\\" aria-label=\\"Create csv report\\"><span class=\\"MuiIconButton-label-286\\"><img style=\\"width: 24px;\\" src=\\"csv-file-format-symbol.svg\\" alt=\\"Create csv report\\"></span><span class=\\"MuiTouchRipple-root-330\\"></span></button><button class=\\"MuiButtonBase-root-287 MuiButton-root-290 MuiButton-text-292 MuiButton-flat-295 MuiButton-sizeSmall-313 ChartContainer-mobile-164\\" tabindex=\\"0\\" type=\\"button\\" style=\\"font-size: 0.5rem;\\"><span class=\\"MuiButton-label-291\\">CSV</span><span class=\\"MuiTouchRipple-root-330\\"></span></button></li><li class=\\"MuiListItem-root-269 MuiListItem-default-272 MuiListItem-gutters-277\\" style=\\"padding: 0px; margin-top: 3px; margin-bottom: 3px;\\"><button class=\\"MuiButtonBase-root-287 MuiIconButton-root-281 ChartContainer-desktop-166\\" tabindex=\\"0\\" type=\\"button\\" aria-label=\\"Create excel report\\"><span class=\\"MuiIconButton-label-286\\"><img style=\\"width: 24px;\\" src=\\"xlsx-file-format-symbol.svg\\" alt=\\"Create excel report\\"></span><span class=\\"MuiTouchRipple-root-330\\"></span></button><button class=\\"MuiButtonBase-root-287 MuiButton-root-290 MuiButton-text-292 MuiButton-flat-295 MuiButton-sizeSmall-313 ChartContainer-mobile-164\\" tabindex=\\"0\\" type=\\"button\\" style=\\"font-size: 0.5rem;\\"><span class=\\"MuiButton-label-291\\">XLSX</span><span class=\\"MuiTouchRipple-root-330\\"></span></button></li><li class=\\"MuiListItem-root-269 MuiListItem-default-272 MuiListItem-gutters-277\\" style=\\"padding: 0px; margin-top: 3px; margin-bottom: 3px;\\"><button class=\\"MuiButtonBase-root-287 MuiIconButton-root-281 ChartContainer-desktop-166\\" tabindex=\\"0\\" type=\\"button\\" aria-label=\\"Create pdf report\\"><span class=\\"MuiIconButton-label-286\\"><img style=\\"width: 24px;\\" src=\\"pdf-file-format-symbol.svg\\" alt=\\"Create pdf report\\"></span><span class=\\"MuiTouchRipple-root-330\\"></span></button><button class=\\"MuiButtonBase-root-287 MuiButton-root-290 MuiButton-text-292 MuiButton-flat-295 MuiButton-sizeSmall-313 ChartContainer-mobile-164\\" tabindex=\\"0\\" type=\\"button\\" style=\\"font-size: 0.5rem;\\"><span class=\\"MuiButton-label-291\\">PDF</span><span class=\\"MuiTouchRipple-root-330\\"></span></button></li></div></div><div style=\\"min-height: 100px;\\"><div class=\\"Spinner-spinnerBlock-317\\"><div class=\\"MuiCircularProgress-root-56 MuiCircularProgress-colorPrimary-59 MuiCircularProgress-indeterminate-58\\" style=\\"width: 40px; height: 40px;\\" role=\\"progressbar\\"><svg class=\\"MuiCircularProgress-svg-61\\" viewBox=\\"22 22 44 44\\"><circle class=\\"MuiCircularProgress-circle-62 MuiCircularProgress-circleIndeterminate-64\\" cx=\\"44\\" cy=\\"44\\" r=\\"20.2\\" fill=\\"none\\" stroke-width=\\"3.6\\"></circle></svg></div></div></div></div><div class=\\"MuiGrid-item-67 MuiGrid-grid-md-12-134 MuiGrid-grid-lg-6-142\\" style=\\"width: 100%;\\"><h3>Messages</h3><div class=\\"MuiPaper-root-29 MuiPaper-elevation2-33 MuiPaper-rounded-30\\" style=\\"display: flex; justify-content: space-between; padding-right: 10px; padding-left: 10px;\\"><iframe title=\\"ifmcontentstoprint\\" id=\\"ifmcontentstoprint\\" style=\\"height: 0px; width: 0px; position: absolute; border: 0px;\\"></iframe><div style=\\"display: flex; flex-direction: row;\\"><div><div class=\\"MuiFormControl-root-189 ChartContainer-formControl-168\\"><label class=\\"MuiFormLabel-root-204 MuiFormLabel-filled-208 MuiInputLabel-root-193 MuiInputLabel-formControl-198 MuiInputLabel-animated-201 MuiInputLabel-shrink-200\\" data-shrink=\\"true\\">Months</label><div class=\\"MuiInputBase-root-231 MuiInput-root-218 MuiInput-underline-222 MuiInputBase-formControl-232 MuiInput-formControl-219\\"><div class=\\"MuiSelect-root-211\\"><select class=\\"MuiSelect-select-212 MuiInputBase-input-241 MuiInput-input-226\\" aria-invalid=\\"false\\"><option value=\\"6\\">6</option><option value=\\"12\\">12</option><option value=\\"24\\">24</option><option value=\\"36\\">36</option><option value=\\"48\\">48</option></select><svg class=\\"MuiSvgIcon-root-248 MuiSelect-icon-217\\" focusable=\\"false\\" viewBox=\\"0 0 24 24\\" aria-hidden=\\"true\\" role=\\"presentation\\"><path d=\\"M7 10l5 5 5-5z\\"></path></svg></div></div></div></div><div class=\\"MuiFormControl-root-189 ChartContainer-formControl-168\\"><label class=\\"MuiFormLabel-root-204 MuiFormLabel-filled-208 MuiInputLabel-root-193 MuiInputLabel-formControl-198 MuiInputLabel-animated-201 MuiInputLabel-shrink-200\\" data-shrink=\\"true\\">Chart</label><div class=\\"MuiInputBase-root-231 MuiInput-root-218 MuiInput-underline-222 MuiInputBase-formControl-232 MuiInput-formControl-219\\"><div class=\\"MuiSelect-root-211\\"><div class=\\"MuiSelect-select-212 MuiSelect-selectMenu-215 MuiInputBase-input-241 MuiInput-input-226\\" aria-pressed=\\"false\\" tabindex=\\"0\\" role=\\"button\\" aria-haspopup=\\"true\\" id=\\"select-style\\">HBars</div><input name=\\"style\\" type=\\"hidden\\" id=\\"charts-style\\" value=\\"1\\"><svg class=\\"MuiSvgIcon-root-248 MuiSelect-icon-217\\" focusable=\\"false\\" viewBox=\\"0 0 24 24\\" aria-hidden=\\"true\\" role=\\"presentation\\"><path d=\\"M7 10l5 5 5-5z\\"></path></svg></div></div><p class=\\"MuiFormHelperText-root-261 MuiFormHelperText-filled-267\\">Select styles</p></div><div style=\\"display: flex; flex-direction: column; justify-content: center; margin-left: 5px; margin-right: 5px;\\"><strong class=\\"ChartContainer-desktop-166\\">Total: 0</strong></div></div><div class=\\"ChartContainer-reportBtnContainer-165\\"><li class=\\"MuiListItem-root-269 MuiListItem-default-272 MuiListItem-gutters-277\\" style=\\"padding: 0px; margin-top: 3px; margin-bottom: 3px;\\"><button class=\\"MuiButtonBase-root-287 MuiIconButton-root-281 ChartContainer-desktop-166\\" tabindex=\\"0\\" type=\\"button\\" aria-label=\\"Create csv report\\"><span class=\\"MuiIconButton-label-286\\"><img style=\\"width: 24px;\\" src=\\"csv-file-format-symbol.svg\\" alt=\\"Create csv report\\"></span><span class=\\"MuiTouchRipple-root-330\\"></span></button><button class=\\"MuiButtonBase-root-287 MuiButton-root-290 MuiButton-text-292 MuiButton-flat-295 MuiButton-sizeSmall-313 ChartContainer-mobile-164\\" tabindex=\\"0\\" type=\\"button\\" style=\\"font-size: 0.5rem;\\"><span class=\\"MuiButton-label-291\\">CSV</span><span class=\\"MuiTouchRipple-root-330\\"></span></button></li><li class=\\"MuiListItem-root-269 MuiListItem-default-272 MuiListItem-gutters-277\\" style=\\"padding: 0px; margin-top: 3px; margin-bottom: 3px;\\"><button class=\\"MuiButtonBase-root-287 MuiIconButton-root-281 ChartContainer-desktop-166\\" tabindex=\\"0\\" type=\\"button\\" aria-label=\\"Create excel report\\"><span class=\\"MuiIconButton-label-286\\"><img style=\\"width: 24px;\\" src=\\"xlsx-file-format-symbol.svg\\" alt=\\"Create excel report\\"></span><span class=\\"MuiTouchRipple-root-330\\"></span></button><button class=\\"MuiButtonBase-root-287 MuiButton-root-290 MuiButton-text-292 MuiButton-flat-295 MuiButton-sizeSmall-313 ChartContainer-mobile-164\\" tabindex=\\"0\\" type=\\"button\\" style=\\"font-size: 0.5rem;\\"><span class=\\"MuiButton-label-291\\">XLSX</span><span class=\\"MuiTouchRipple-root-330\\"></span></button></li><li class=\\"MuiListItem-root-269 MuiListItem-default-272 MuiListItem-gutters-277\\" style=\\"padding: 0px; margin-top: 3px; margin-bottom: 3px;\\"><button class=\\"MuiButtonBase-root-287 MuiIconButton-root-281 ChartContainer-desktop-166\\" tabindex=\\"0\\" type=\\"button\\" aria-label=\\"Create pdf report\\"><span class=\\"MuiIconButton-label-286\\"><img style=\\"width: 24px;\\" src=\\"pdf-file-format-symbol.svg\\" alt=\\"Create pdf report\\"></span><span class=\\"MuiTouchRipple-root-330\\"></span></button><button class=\\"MuiButtonBase-root-287 MuiButton-root-290 MuiButton-text-292 MuiButton-flat-295 MuiButton-sizeSmall-313 ChartContainer-mobile-164\\" tabindex=\\"0\\" type=\\"button\\" style=\\"font-size: 0.5rem;\\"><span class=\\"MuiButton-label-291\\">PDF</span><span class=\\"MuiTouchRipple-root-330\\"></span></button></li></div></div><div style=\\"min-height: 100px;\\"><div class=\\"Spinner-spinnerBlock-317\\"><div class=\\"MuiCircularProgress-root-56 MuiCircularProgress-colorPrimary-59 MuiCircularProgress-indeterminate-58\\" style=\\"width: 40px; height: 40px;\\" role=\\"progressbar\\"><svg class=\\"MuiCircularProgress-svg-61\\" viewBox=\\"22 22 44 44\\"><circle class=\\"MuiCircularProgress-circle-62 MuiCircularProgress-circleIndeterminate-64\\" cx=\\"44\\" cy=\\"44\\" r=\\"20.2\\" fill=\\"none\\" stroke-width=\\"3.6\\"></circle></svg></div></div></div></div></div></main>"`;
