// Jest Snapshot v1, https://goo.gl/fbAQLP

exports[`Tickets screen Should render HOC with styles properly 1`] = `"<main class=\\"withRouter-Tickets--contentList-19 withRouter-Connect-WithStyles-withRouter-Tickets-----contentList-5\\"><div><div class=\\"MuiPaper-root-29 MuiPaper-elevation2-33 MuiPaper-rounded-30 withRouter-Tickets--titleContainer-24 withRouter-Connect-WithStyles-withRouter-Tickets-----titleContainer-10\\"><div class=\\"withRouter-Tickets--selectorsContainer-26 withRouter-Connect-WithStyles-withRouter-Tickets-----selectorsContainer-12\\"><h2>Reports</h2></div></div><div class=\\"MuiPaper-root-29 MuiPaper-elevation1-32 MuiPaper-rounded-30 SearchBar-searchRoot-65\\"><div style=\\"color: rgba(0, 0, 0, 0.54);\\"><span class=\\"material-icons MuiIcon-root-78\\" aria-hidden=\\"true\\" title=\\"Search by Ticket author\`s Name or Subject\\">help_outline</span></div><hr class=\\"MuiDivider-root-87 SearchBar-divider-66\\"><div class=\\"MuiInputBase-root-92 SearchBar-inputRoot-68\\"><input class=\\"MuiInputBase-input-102 MuiInputBase-inputType-105 MuiInputBase-inputTypeSearch-106\\" placeholder=\\"Searchâ€¦\\" type=\\"search\\" value=\\"\\"></div><svg class=\\"MuiSvgIcon-root-109\\" focusable=\\"false\\" viewBox=\\"0 0 24 24\\" aria-hidden=\\"true\\" role=\\"presentation\\" style=\\"color: rgba(0, 0, 0, 0.54);\\"><path d=\\"M15.5 14h-.79l-.28-.27C15.41 12.59 16 11.11 16 9.5 16 5.91 13.09 3 9.5 3S3 5.91 3 9.5 5.91 16 9.5 16c1.61 0 3.09-.59 4.23-1.57l.27.28v.79l5 4.99L20.49 19l-4.99-5zm-6 0C7.01 14 5 11.99 5 9.5S7.01 5 9.5 5 14 7.01 14 9.5 11.99 14 9.5 14z\\"></path><path fill=\\"none\\" d=\\"M0 0h24v24H0z\\"></path></svg></div><div class=\\"Spinner-spinnerBlock-119\\"><div class=\\"MuiCircularProgress-root-132 MuiCircularProgress-colorPrimary-135 MuiCircularProgress-indeterminate-134\\" style=\\"width: 40px; height: 40px;\\" role=\\"progressbar\\"><svg class=\\"MuiCircularProgress-svg-137\\" viewBox=\\"22 22 44 44\\"><circle class=\\"MuiCircularProgress-circle-138 MuiCircularProgress-circleIndeterminate-140\\" cx=\\"44\\" cy=\\"44\\" r=\\"20.2\\" fill=\\"none\\" stroke-width=\\"3.6\\"></circle></svg></div></div></div><div class=\\"MuiPaper-root-29 MuiPaper-elevation2-33 MuiPaper-rounded-30 withRouter-Tickets--controlsContainer-25 withRouter-Connect-WithStyles-withRouter-Tickets-----controlsContainer-11\\" style=\\"margin-top: 24px; margin-bottom: 24px;\\"><div class=\\"withRouter-Tickets--formLimitSelector-22 withRouter-Connect-WithStyles-withRouter-Tickets-----formLimitSelector-8\\"><div class=\\"MuiFormControl-root-142 withRouter-Tickets--formControl-23 withRouter-Connect-WithStyles-withRouter-Tickets-----formControl-9\\"><label class=\\"MuiFormLabel-root-157 MuiFormLabel-filled-161 MuiInputLabel-root-146 MuiInputLabel-formControl-151 MuiInputLabel-animated-154 MuiInputLabel-shrink-153\\" data-shrink=\\"true\\">Results limit</label><div class=\\"MuiInputBase-root-92 MuiInput-root-171 MuiInput-underline-175 MuiInputBase-formControl-93 MuiInput-formControl-172\\"><div class=\\"MuiSelect-root-164\\"><select class=\\"MuiSelect-select-165 MuiInputBase-input-102 MuiInput-input-179\\" aria-invalid=\\"false\\"><option value=\\"10\\">10</option><option value=\\"20\\">20</option><option value=\\"30\\">30</option><option value=\\"50\\">50</option><option value=\\"60\\">60</option></select><svg class=\\"MuiSvgIcon-root-109 MuiSelect-icon-170\\" focusable=\\"false\\" viewBox=\\"0 0 24 24\\" aria-hidden=\\"true\\" role=\\"presentation\\"><path d=\\"M7 10l5 5 5-5z\\"></path></svg></div></div></div></div><div class=\\"withRouter-Tickets--formRoot-20 withRouter-Connect-WithStyles-withRouter-Tickets-----formRoot-6\\"><div style=\\"display: flex; margin: 5px; align-items: center;\\"><div class=\\"MuiCircularProgress-root-132 MuiCircularProgress-colorPrimary-135 MuiCircularProgress-indeterminate-134\\" style=\\"width: 24px; height: 24px;\\" role=\\"progressbar\\"><svg class=\\"MuiCircularProgress-svg-137\\" viewBox=\\"22 22 44 44\\"><circle class=\\"MuiCircularProgress-circle-138 MuiCircularProgress-circleIndeterminate-140\\" cx=\\"44\\" cy=\\"44\\" r=\\"20.2\\" fill=\\"none\\" stroke-width=\\"3.6\\"></circle></svg></div></div><div style=\\"display: flex; align-items: center; margin: 5px;\\"><button class=\\"MuiButtonBase-root-190 MuiButtonBase-disabled-191 MuiIconButton-root-184 MuiIconButton-colorPrimary-186 MuiIconButton-disabled-188\\" tabindex=\\"-1\\" type=\\"button\\" disabled=\\"\\" aria-label=\\"Back\\"><span class=\\"MuiIconButton-label-189\\"><svg class=\\"MuiSvgIcon-root-109\\" focusable=\\"false\\" viewBox=\\"0 0 24 24\\" aria-hidden=\\"true\\" role=\\"presentation\\"><path d=\\"M15.41 7.41L14 6l-6 6 6 6 1.41-1.41L10.83 12z\\"></path><path fill=\\"none\\" d=\\"M0 0h24v24H0z\\"></path></svg></span></button></div><p class=\\"MuiTypography-root-193 MuiTypography-body1-202 withRouter-Tickets--pageSelectorTitle-21 withRouter-Connect-WithStyles-withRouter-Tickets-----pageSelectorTitle-7\\"><strong>1 of 1</strong></p><div style=\\"display: flex; align-items: center; margin: 5px;\\"><button class=\\"MuiButtonBase-root-190 MuiButtonBase-disabled-191 MuiIconButton-root-184 MuiIconButton-colorPrimary-186 MuiIconButton-disabled-188\\" tabindex=\\"-1\\" type=\\"button\\" disabled=\\"\\" aria-label=\\"Next\\"><span class=\\"MuiIconButton-label-189\\"><svg class=\\"MuiSvgIcon-root-109\\" focusable=\\"false\\" viewBox=\\"0 0 24 24\\" aria-hidden=\\"true\\" role=\\"presentation\\"><path d=\\"M10 6L8.59 7.41 13.17 12l-4.58 4.59L10 18l6-6z\\"></path><path fill=\\"none\\" d=\\"M0 0h24v24H0z\\"></path></svg></span></button></div></div></div></main>"`;
