// Jest Snapshot v1, https://goo.gl/fbAQLP

exports[`Ticket screen Should render HOC with styles properly 1`] = `"<main class=\\"withRouter-Ticket--contentSingle-18 withRouter-Connect-WithStyles-withRouter-Ticket-----contentSingle-4\\"><div class=\\"MuiPaper-root-29 MuiPaper-elevation2-33 MuiPaper-rounded-30 withRouter-Ticket--titleContainer-24 withRouter-Connect-WithStyles-withRouter-Ticket-----titleContainer-10\\"><div class=\\"withRouter-Ticket--selectorsContainer-26 withRouter-Connect-WithStyles-withRouter-Ticket-----selectorsContainer-12\\"><p>Ticket:&nbsp;</p><div class=\\"MuiCircularProgress-root-56 MuiCircularProgress-colorPrimary-59 MuiCircularProgress-indeterminate-58\\" style=\\"width: 24px; height: 24px;\\" role=\\"progressbar\\"><svg class=\\"MuiCircularProgress-svg-61\\" viewBox=\\"22 22 44 44\\"><circle class=\\"MuiCircularProgress-circle-62 MuiCircularProgress-circleIndeterminate-64\\" cx=\\"44\\" cy=\\"44\\" r=\\"20.2\\" fill=\\"none\\" stroke-width=\\"3.6\\"></circle></svg></div></div></div><div class=\\"Spinner-spinnerBlock-67\\"><div class=\\"MuiCircularProgress-root-56 MuiCircularProgress-colorPrimary-59 MuiCircularProgress-indeterminate-58\\" style=\\"width: 40px; height: 40px;\\" role=\\"progressbar\\"><svg class=\\"MuiCircularProgress-svg-61\\" viewBox=\\"22 22 44 44\\"><circle class=\\"MuiCircularProgress-circle-62 MuiCircularProgress-circleIndeterminate-64\\" cx=\\"44\\" cy=\\"44\\" r=\\"20.2\\" fill=\\"none\\" stroke-width=\\"3.6\\"></circle></svg></div></div></main>"`;
