// Jest Snapshot v1, https://goo.gl/fbAQLP

exports[`User screen Should render HOC with styles properly 1`] = `"<main class=\\"withRouter-User--contentSingle-18 withRouter-Connect-WithStyles-withRouter-User-----contentSingle-4\\"><div class=\\"MuiPaper-root-29 MuiPaper-elevation2-33 MuiPaper-rounded-30 withRouter-User--titleContainer-24 withRouter-Connect-WithStyles-withRouter-User-----titleContainer-10\\"><div class=\\"withRouter-User--selectorsContainer-26 withRouter-Connect-WithStyles-withRouter-User-----selectorsContainer-12\\"><h2>Edit user</h2></div></div><div class=\\"Spinner-spinnerBlock-57\\"><div class=\\"MuiCircularProgress-root-70 MuiCircularProgress-colorPrimary-73 MuiCircularProgress-indeterminate-72\\" style=\\"width: 40px; height: 40px;\\" role=\\"progressbar\\"><svg class=\\"MuiCircularProgress-svg-75\\" viewBox=\\"22 22 44 44\\"><circle class=\\"MuiCircularProgress-circle-76 MuiCircularProgress-circleIndeterminate-78\\" cx=\\"44\\" cy=\\"44\\" r=\\"20.2\\" fill=\\"none\\" stroke-width=\\"3.6\\"></circle></svg></div></div></main>"`;
