// Jest Snapshot v1, https://goo.gl/fbAQLP

exports[`Should render Search bar with styles and functions Should match snapshot 1`] = `"<div class=\\"MuiPaper-root-338 MuiPaper-elevation1-341 MuiPaper-rounded-339 SearchBar-searchRoot-333 WithStyles-SearchBar--searchRoot-319\\"><div style=\\"color: rgba(0, 0, 0, 0.54);\\"><span class=\\"material-icons MuiIcon-root-373\\" aria-hidden=\\"true\\" title=\\"test\\">help_outline</span></div><hr class=\\"MuiDivider-root-382 SearchBar-divider-334 WithStyles-SearchBar--divider-320\\"><div class=\\"MuiInputBase-root-387 SearchBar-inputRoot-336 WithStyles-SearchBar--inputRoot-322\\"><input class=\\"MuiInputBase-input-397 MuiInputBase-inputType-400 MuiInputBase-inputTypeSearch-401\\" placeholder=\\"Searchâ€¦\\" type=\\"search\\" value=\\"testing\\"></div><svg class=\\"MuiSvgIcon-root-404\\" focusable=\\"false\\" viewBox=\\"0 0 24 24\\" aria-hidden=\\"true\\" role=\\"presentation\\" style=\\"color: rgba(0, 0, 0, 0.54);\\"><path d=\\"M15.5 14h-.79l-.28-.27C15.41 12.59 16 11.11 16 9.5 16 5.91 13.09 3 9.5 3S3 5.91 3 9.5 5.91 16 9.5 16c1.61 0 3.09-.59 4.23-1.57l.27.28v.79l5 4.99L20.49 19l-4.99-5zm-6 0C7.01 14 5 11.99 5 9.5S7.01 5 9.5 5 14 7.01 14 9.5 11.99 14 9.5 14z\\"></path><path fill=\\"none\\" d=\\"M0 0h24v24H0z\\"></path></svg></div>"`;
